E/Setting ( 1972): Battery charging. plugType = 2
E/Setting ( 1972): Charging is of type USB= 2
E/Settings( 1972): [MTP] assume media player mode, USB is connected.
E/Setting ( 1972): USB debugging enabled
D/KeyguardUpdateMonitor( 1916): received broadcast android.intent.action.TIME_TICK
D/KeyguardUpdateMonitor( 1916): handleTimeUpdate
I/System.out( 2240): interface name: null
D/dalvikvm( 2240): GC freed 1632 objects / 295416 bytes in 193ms
I/POWER_OFF_TEST( 1916): mBatteryLevel = 88   mBatteryDecimalPoint = 34
I/System.out( 2240): interface name: null
D/dalvikvm( 2240): GC freed 220 objects / 193712 bytes in 180ms
I/POWER_OFF_TEST( 1916): mBatteryLevel = 88   mBatteryDecimalPoint = 48
I/System.out( 2240): interface name: null
D/dalvikvm( 2240): GC freed 71 objects / 187656 bytes in 239ms
I/System.out( 2240): interface name: null
D/dalvikvm( 2240): GC freed 956 objects / 416392 bytes in 131ms
I/POWER_OFF_TEST( 1916): mBatteryLevel = 88   mBatteryDecimalPoint = 63
D/KeyguardUpdateMonitor( 1916): received broadcast android.intent.action.TIME_TICK
D/KeyguardUpdateMonitor( 1916): handleTimeUpdate
I/System.out( 2240): interface name: null
I/POWER_OFF_TEST( 1916): mBatteryLevel = 88   mBatteryDecimalPoint = 63
I/System.out( 2240): interface name: null
D/dalvikvm( 2240): GC freed 195 objects / 193784 bytes in 191ms
I/POWER_OFF_TEST( 1916): mBatteryLevel = 88   mBatteryDecimalPoint = 77
I/System.out( 2240): interface name: null
D/dalvikvm( 2240): GC freed 71 objects / 187656 bytes in 229ms
I/System.out( 2240): interface name: null
D/dalvikvm( 2240): GC freed 1014 objects / 419128 bytes in 160ms
D/GpsLocationProvider( 1916): NetworkThread out of wake loop
D/GpsLocationProvider( 1916): Requesting time from NTP server north-america.pool.ntp.org
I/POWER_OFF_TEST( 1916): mBatteryLevel = 88   mBatteryDecimalPoint = 91
D/SntpClient( 1916): request time failed: java.net.SocketTimeoutException: The operation timed out
D/GpsLocationProvider( 1916): requestTime failed
D/GpsLocationProvider( 1916): NetworkThread wait for 300000ms
I/System.out( 2240): interface name: null
D/KeyguardUpdateMonitor( 1916): received broadcast android.intent.action.TIME_TICK
D/KeyguardUpdateMonitor( 1916): handleTimeUpdate
D/KeyguardUpdateMonitor( 1916): received broadcast android.intent.action.BATTERY_CHANGED
D/KeyguardUpdateMonitor( 1916): getBatterInfo(android.intent.action.BATTERY_CHANGED)
D/KeyguardUpdateMonitor( 1916): getBatterInfo(2, 2, 2)
D/KeyguardUpdateMonitor( 1916): handleBatteryUpdate2
I/StatusBarPolicy( 1916): battery level:89 lowBatteryWaringLevel:15 plugged:true fullBatteryNotify:false isCharging:2
I/StatusBarPolicy( 1916): com.android.launcher.Launcher
I/StatusBarPolicy( 1916): BAT. status:2 health:2
E/Setting ( 1972): Intent Action android.intent.action.ACTION_POWER_CONNECTED
E/Setting ( 1972): Battery charging. plugType = 2
E/Setting ( 1972): Charging is of type USB= 2
E/Settings( 1972): [MTP] assume media player mode, USB is connected.
E/Setting ( 1972): USB debugging enabled
I/POWER_OFF_TEST( 1916): mBatteryLevel = 89   mBatteryDecimalPoint = 5
I/System.out( 2240): interface name: null
D/dalvikvm( 1972): GC freed 263 objects / 14888 bytes in 258ms
D/dalvikvm( 2240): GC freed 196 objects / 193920 bytes in 88ms
I/System.out( 2240): interface name: null
D/dalvikvm( 2240): GC freed 71 objects / 187664 bytes in 263ms
I/POWER_OFF_TEST( 1916): mBatteryLevel = 89   mBatteryDecimalPoint = 5
W/GTalkService( 1970): [GTalkConnection.19] doConnect: caught XMPPError connecting to mtalk.google.com:5228.: (502)
W/GTalkService( 1970):   -- caused by: java.net.SocketTimeoutException: SSL handshake timed out
I/System.out( 2240): interface name: null
D/dalvikvm( 2240): GC freed 1009 objects / 418240 bytes in 201ms
I/POWER_OFF_TEST( 1916): mBatteryLevel = 89   mBatteryDecimalPoint = 20
I/System.out( 2240): interface name: null
D/KeyguardUpdateMonitor( 1916): received broadcast android.intent.action.TIME_TICK
D/KeyguardUpdateMonitor( 1916): handleTimeUpdate
I/POWER_OFF_TEST( 1916): mBatteryLevel = 89   mBatteryDecimalPoint = 34
I/System.out( 2240): interface name: null
D/dalvikvm( 2240): GC freed 185 objects / 192448 bytes in 194ms
I/System.out( 2240): interface name: null
D/dalvikvm( 2240): GC freed 69 objects / 187136 bytes in 183ms
I/POWER_OFF_TEST( 1916): mBatteryLevel = 89   mBatteryDecimalPoint = 34
I/System.out( 2240): interface name: null
D/dalvikvm( 2240): GC freed 951 objects / 415832 bytes in 149ms
I/POWER_OFF_TEST( 1916): mBatteryLevel = 89   mBatteryDecimalPoint = 49
I/System.out( 2240): interface name: null
D/KeyguardUpdateMonitor( 1916): received broadcast android.intent.action.TIME_TICK
D/KeyguardUpdateMonitor( 1916): handleTimeUpdate
I/System.out( 2240): interface name: null
D/dalvikvm( 2240): GC freed 182 objects / 192440 bytes in 221ms
I/POWER_OFF_TEST( 1916): mBatteryLevel = 89   mBatteryDecimalPoint = 63
I/System.out( 2240): interface name: null
D/dalvikvm( 2240): GC freed 69 objects / 187128 bytes in 200ms
I/POWER_OFF_TEST( 1916): mBatteryLevel = 89   mBatteryDecimalPoint = 63
D/SyncManager( 1916): failed sync operation authority: com.twitter.android.provider.TwitterProvider account: Account {name=poundifdef, type=com.twitter.android.auth.login} extras: [] syncSource: 0 when: 16491683 delay: 0 key: {authority: com.twitter.android.provider.TwitterProvider account: Account {name=poundifdef, type=com.twitter.android.auth.login} extras: []} pendingOperation: android.content.SyncStorageEngine$PendingOperation@45bdcf50
D/dalvikvm( 2240): GC freed 314 objects / 386280 bytes in 186ms
I/POWER_OFF_TEST( 1916): mBatteryLevel = 89   mBatteryDecimalPoint = 78
D/KeyguardUpdateMonitor( 1916): received broadcast android.intent.action.TIME_TICK
D/KeyguardUpdateMonitor( 1916): handleTimeUpdate
I/System.out( 2240): interface name: null
I/POWER_OFF_TEST( 1916): mBatteryLevel = 89   mBatteryDecimalPoint = 92
D/dalvikvm( 1957): GC freed 24293 objects / 1316008 bytes in 239ms
I/System.out( 2240): interface name: null
D/KeyguardUpdateMonitor( 1916): received broadcast android.intent.action.BATTERY_CHANGED
D/KeyguardUpdateMonitor( 1916): getBatterInfo(android.intent.action.BATTERY_CHANGED)
D/KeyguardUpdateMonitor( 1916): getBatterInfo(2, 2, 2)
I/StatusBarPolicy( 1916): battery level:90 lowBatteryWaringLevel:15 plugged:true fullBatteryNotify:false isCharging:2
D/KeyguardUpdateMonitor( 1916): handleBatteryUpdate2
I/StatusBarPolicy( 1916): com.android.launcher.Launcher
I/StatusBarPolicy( 1916): BAT. status:2 health:2
E/Setting ( 1972): Intent Action android.intent.action.ACTION_POWER_CONNECTED
E/Setting ( 1972): Battery charging. plugType = 2
E/Setting ( 1972): Charging is of type USB= 2
E/Settings( 1972): [MTP] assume media player mode, USB is connected.
E/Setting ( 1972): USB debugging enabled
I/POWER_OFF_TEST( 1916): mBatteryLevel = 90   mBatteryDecimalPoint = 6
D/dalvikvm( 1972): GC freed 55 objects / 2952 bytes in 198ms
I/System.out( 2240): interface name: null
D/dalvikvm( 2240): GC freed 1014 objects / 265016 bytes in 182ms
I/POWER_OFF_TEST( 1916): mBatteryLevel = 90   mBatteryDecimalPoint = 6
I/System.out( 2240): interface name: null
D/dalvikvm( 2240): GC freed 189 objects / 192344 bytes in 183ms
D/KeyguardUpdateMonitor( 1916): received broadcast android.intent.action.TIME_TICK
D/KeyguardUpdateMonitor( 1916): handleTimeUpdate
D/dalvikvm( 1916): GC freed 34644 objects / 1684752 bytes in 228ms
I/System.out( 2240): interface name: null
D/dalvikvm( 2240): GC freed 958 objects / 416752 bytes in 133ms
I/POWER_OFF_TEST( 1916): mBatteryLevel = 90   mBatteryDecimalPoint = 20
I/System.out( 2240): interface name: null
I/POWER_OFF_TEST( 1916): mBatteryLevel = 90   mBatteryDecimalPoint = 35
I/System.out( 2240): interface name: null
D/dalvikvm( 2240): GC freed 284 objects / 197440 bytes in 245ms
I/System.out( 2240): interface name: null
I/POWER_OFF_TEST( 1916): mBatteryLevel = 90   mBatteryDecimalPoint = 35
D/dalvikvm( 2240): GC freed 71 objects / 187656 bytes in 200ms
D/GpsLocationProvider( 1916): NetworkThread out of wake loop
D/GpsLocationProvider( 1916): Requesting time from NTP server north-america.pool.ntp.org
D/KeyguardUpdateMonitor( 1916): received broadcast android.intent.action.TIME_TICK
D/KeyguardUpdateMonitor( 1916): handleTimeUpdate
I/System.out( 2240): interface name: null
D/dalvikvm( 2240): GC freed 959 objects / 417152 bytes in 168ms
D/SntpClient( 1916): request time failed: java.net.SocketTimeoutException: The operation timed out
D/GpsLocationProvider( 1916): requestTime failed
D/GpsLocationProvider( 1916): NetworkThread wait for 300000ms
I/POWER_OFF_TEST( 1916): mBatteryLevel = 90   mBatteryDecimalPoint = 49
I/System.out( 2240): interface name: null
I/POWER_OFF_TEST( 1916): mBatteryLevel = 90   mBatteryDecimalPoint = 63
I/System.out( 2240): interface name: null
D/dalvikvm( 2240): GC freed 196 objects / 193904 bytes in 182ms
I/System.out( 2240): interface name: null
D/dalvikvm( 2240): GC freed 71 objects / 187656 bytes in 207ms
I/POWER_OFF_TEST( 1916): mBatteryLevel = 90   mBatteryDecimalPoint = 63
I/System.out( 2240): interface name: null
D/KeyguardUpdateMonitor( 1916): received broadcast android.intent.action.TIME_TICK
D/KeyguardUpdateMonitor( 1916): handleTimeUpdate
D/dalvikvm( 2240): GC freed 899 objects / 414296 bytes in 148ms
I/POWER_OFF_TEST( 1916): mBatteryLevel = 90   mBatteryDecimalPoint = 78
I/System.out( 2240): interface name: null
I/System.out( 2240): interface name: null
I/POWER_OFF_TEST( 1916): mBatteryLevel = 90   mBatteryDecimalPoint = 92
D/dalvikvm( 2240): GC freed 185 objects / 192440 bytes in 180ms
I/System.out( 2240): interface name: null
D/dalvikvm( 2240): GC freed 69 objects / 187128 bytes in 181ms
I/POWER_OFF_TEST( 1916): mBatteryLevel = 90   mBatteryDecimalPoint = 92
D/KeyguardUpdateMonitor( 1916): received broadcast android.intent.action.BATTERY_CHANGED
D/KeyguardUpdateMonitor( 1916): getBatterInfo(android.intent.action.BATTERY_CHANGED)
D/KeyguardUpdateMonitor( 1916): getBatterInfo(2, 2, 2)
I/StatusBarPolicy( 1916): battery level:91 lowBatteryWaringLevel:15 plugged:true fullBatteryNotify:false isCharging:2
D/KeyguardUpdateMonitor( 1916): handleBatteryUpdate2
I/StatusBarPolicy( 1916): com.android.launcher.Launcher
I/StatusBarPolicy( 1916): BAT. status:2 health:2
E/Setting ( 1972): Intent Action android.intent.action.ACTION_POWER_CONNECTED
E/Setting ( 1972): Battery charging. plugType = 2
E/Setting ( 1972): Charging is of type USB= 2
E/Settings( 1972): [MTP] assume media player mode, USB is connected.
E/Setting ( 1972): USB debugging enabled
I/System.out( 2240): interface name: null
D/dalvikvm( 1972): GC freed 55 objects / 2952 bytes in 216ms
D/dalvikvm( 2240): GC freed 896 objects / 413928 bytes in 202ms
D/KeyguardUpdateMonitor( 1916): received broadcast android.intent.action.TIME_TICK
D/KeyguardUpdateMonitor( 1916): handleTimeUpdate
I/POWER_OFF_TEST( 1916): mBatteryLevel = 91   mBatteryDecimalPoint = 6
I/System.out( 2240): interface name: null
I/System.out( 2240): interface name: null
D/dalvikvm( 2240): GC freed 182 objects / 192432 bytes in 182ms
I/POWER_OFF_TEST( 1916): mBatteryLevel = 91   mBatteryDecimalPoint = 21
I/System.out( 2240): interface name: null
D/dalvikvm( 2240): GC freed 69 objects / 187128 bytes in 196ms
I/POWER_OFF_TEST( 1916): mBatteryLevel = 91   mBatteryDecimalPoint = 21
D/SyncManager( 1916): failed sync operation authority: com.twitter.android.provider.TwitterProvider account: Account {name=poundifdef, type=com.twitter.android.auth.login} extras: [] syncSource: 0 when: 16861789 delay: 30382 key: {authority: com.twitter.android.provider.TwitterProvider account: Account {name=poundifdef, type=com.twitter.android.auth.login} extras: []} pendingOperation: android.content.SyncStorageEngine$PendingOperation@45cb39f0
D/KeyguardUpdateMonitor( 1916): received broadcast android.intent.action.TIME_TICK
D/KeyguardUpdateMonitor( 1916): handleTimeUpdate
D/dalvikvm( 2240): GC freed 320 objects / 386568 bytes in 203ms
I/POWER_OFF_TEST( 1916): mBatteryLevel = 91   mBatteryDecimalPoint = 35
I/POWER_OFF_TEST( 1916): mBatteryLevel = 91   mBatteryDecimalPoint = 50
I/POWER_OFF_TEST( 1916): mBatteryLevel = 91   mBatteryDecimalPoint = 64
I/System.out( 2240): interface name: null
D/KeyguardUpdateMonitor( 1916): received broadcast android.intent.action.TIME_TICK
D/KeyguardUpdateMonitor( 1916): handleTimeUpdate
W/GTalkService( 1970): [GTalkConnection.19] doConnect: caught XMPPError connecting to mtalk.google.com:5228.: (502)
W/GTalkService( 1970):   -- caused by: java.net.SocketTimeoutException: SSL handshake timed out
I/POWER_OFF_TEST( 1916): mBatteryLevel = 91   mBatteryDecimalPoint = 64
I/POWER_OFF_TEST( 1916): mBatteryLevel = 91   mBatteryDecimalPoint = 80
I/POWER_OFF_TEST( 1916): mBatteryLevel = 91   mBatteryDecimalPoint = 80
D/KeyguardUpdateMonitor( 1916): received broadcast android.intent.action.TIME_TICK
D/KeyguardUpdateMonitor( 1916): handleTimeUpdate
D/GpsLocationProvider( 1916): NetworkThread out of wake loop
D/GpsLocationProvider( 1916): Requesting time from NTP server north-america.pool.ntp.org
I/POWER_OFF_TEST( 1916): mBatteryLevel = 91   mBatteryDecimalPoint = 96
D/SntpClient( 1916): request time failed: java.net.SocketTimeoutException: The operation timed out
D/GpsLocationProvider( 1916): requestTime failed
D/GpsLocationProvider( 1916): NetworkThread wait for 299999ms
D/KeyguardUpdateMonitor( 1916): received broadcast android.intent.action.BATTERY_CHANGED
D/KeyguardUpdateMonitor( 1916): getBatterInfo(android.intent.action.BATTERY_CHANGED)
D/KeyguardUpdateMonitor( 1916): getBatterInfo(2, 2, 2)
D/KeyguardUpdateMonitor( 1916): handleBatteryUpdate2
I/StatusBarPolicy( 1916): battery level:92 lowBatteryWaringLevel:15 plugged:true fullBatteryNotify:false isCharging:2
I/StatusBarPolicy( 1916): com.android.launcher.Launcher
I/StatusBarPolicy( 1916): BAT. status:2 health:2
E/Setting ( 1972): Intent Action android.intent.action.ACTION_POWER_CONNECTED
E/Setting ( 1972): Battery charging. plugType = 2
E/Setting ( 1972): Charging is of type USB= 2
E/Settings( 1972): [MTP] assume media player mode, USB is connected.
E/Setting ( 1972): USB debugging enabled
I/System.out( 2240): interface name: null
D/dalvikvm( 1972): GC freed 55 objects / 2952 bytes in 185ms
I/POWER_OFF_TEST( 1916): mBatteryLevel = 92   mBatteryDecimalPoint = 11
I/POWER_OFF_TEST( 1916): mBatteryLevel = 92   mBatteryDecimalPoint = 11
D/KeyguardUpdateMonitor( 1916): received broadcast android.intent.action.TIME_TICK
D/KeyguardUpdateMonitor( 1916): handleTimeUpdate
I/POWER_OFF_TEST( 1916): mBatteryLevel = 92   mBatteryDecimalPoint = 27
I/POWER_OFF_TEST( 1916): mBatteryLevel = 92   mBatteryDecimalPoint = 43
I/POWER_OFF_TEST( 1916): mBatteryLevel = 92   mBatteryDecimalPoint = 43
D/KeyguardUpdateMonitor( 1916): received broadcast android.intent.action.BATTERY_CHANGED
D/KeyguardUpdateMonitor( 1916): getBatterInfo(android.intent.action.BATTERY_CHANGED)
D/KeyguardUpdateMonitor( 1916): getBatterInfo(2, 2, 2)
D/KeyguardUpdateMonitor( 1916): handleBatteryUpdate2
I/StatusBarPolicy( 1916): battery level:92 lowBatteryWaringLevel:15 plugged:true fullBatteryNotify:false isCharging:2
I/StatusBarPolicy( 1916): com.android.launcher.Launcher
I/StatusBarPolicy( 1916): BAT. status:2 health:2
E/Setting ( 1972): Intent Action android.intent.action.ACTION_POWER_CONNECTED
E/Setting ( 1972): Battery charging. plugType = 2
E/Setting ( 1972): Charging is of type USB= 2
E/Settings( 1972): [MTP] assume media player mode, USB is connected.
E/Setting ( 1972): USB debugging enabled
D/KeyguardUpdateMonitor( 1916): received broadcast android.intent.action.BATTERY_CHANGED
D/KeyguardUpdateMonitor( 1916): getBatterInfo(android.intent.action.BATTERY_CHANGED)
D/KeyguardUpdateMonitor( 1916): getBatterInfo(2, 2, 2)
D/KeyguardUpdateMonitor( 1916): handleBatteryUpdate2
I/StatusBarPolicy( 1916): battery level:92 lowBatteryWaringLevel:15 plugged:true fullBatteryNotify:false isCharging:2
I/StatusBarPolicy( 1916): com.android.launcher.Launcher
I/StatusBarPolicy( 1916): BAT. status:2 health:2
E/Setting ( 1972): Intent Action android.intent.action.ACTION_POWER_CONNECTED
E/Setting ( 1972): Battery charging. plugType = 2
E/Setting ( 1972): Charging is of type USB= 2
E/Settings( 1972): [MTP] assume media player mode, USB is connected.
E/Setting ( 1972): USB debugging enabled
D/KeyguardUpdateMonitor( 1916): received broadcast android.intent.action.BATTERY_CHANGED
D/KeyguardUpdateMonitor( 1916): getBatterInfo(android.intent.action.BATTERY_CHANGED)
D/KeyguardUpdateMonitor( 1916): getBatterInfo(2, 2, 2)
I/StatusBarPolicy( 1916): battery level:92 lowBatteryWaringLevel:15 plugged:true fullBatteryNotify:false isCharging:2
D/KeyguardUpdateMonitor( 1916): handleBatteryUpdate2
I/StatusBarPolicy( 1916): com.android.launcher.Launcher
I/StatusBarPolicy( 1916): BAT. status:2 health:2
E/Setting ( 1972): Intent Action android.intent.action.ACTION_POWER_CONNECTED
E/Setting ( 1972): Battery charging. plugType = 2
E/Setting ( 1972): Charging is of type USB= 2
E/Settings( 1972): [MTP] assume media player mode, USB is connected.
E/Setting ( 1972): USB debugging enabled
D/dalvikvm( 2240): GC freed 2157 objects / 506960 bytes in 82ms
I/System.out( 2240): interface name: null
D/KeyguardUpdateMonitor( 1916): received broadcast android.intent.action.BATTERY_CHANGED
D/KeyguardUpdateMonitor( 1916): getBatterInfo(android.intent.action.BATTERY_CHANGED)
D/KeyguardUpdateMonitor( 1916): getBatterInfo(2, 2, 2)
D/KeyguardUpdateMonitor( 1916): handleBatteryUpdate2
I/StatusBarPolicy( 1916): battery level:92 lowBatteryWaringLevel:15 plugged:true fullBatteryNotify:false isCharging:2
I/StatusBarPolicy( 1916): com.android.launcher.Launcher
I/StatusBarPolicy( 1916): BAT. status:2 health:2
E/Setting ( 1972): Intent Action android.intent.action.ACTION_POWER_CONNECTED
E/Setting ( 1972): Battery charging. plugType = 2
E/Setting ( 1972): Charging is of type USB= 2
E/Settings( 1972): [MTP] assume media player mode, USB is connected.
E/Setting ( 1972): USB debugging enabled
D/KeyguardUpdateMonitor( 1916): received broadcast android.intent.action.TIME_TICK
D/KeyguardUpdateMonitor( 1916): handleTimeUpdate
D/KeyguardUpdateMonitor( 1916): received broadcast android.intent.action.BATTERY_CHANGED
D/KeyguardUpdateMonitor( 1916): getBatterInfo(android.intent.action.BATTERY_CHANGED)
D/KeyguardUpdateMonitor( 1916): getBatterInfo(2, 2, 2)
D/KeyguardUpdateMonitor( 1916): handleBatteryUpdate2
I/StatusBarPolicy( 1916): battery level:92 lowBatteryWaringLevel:15 plugged:true fullBatteryNotify:false isCharging:2
I/StatusBarPolicy( 1916): com.android.launcher.Launcher
I/StatusBarPolicy( 1916): BAT. status:2 health:2
E/Setting ( 1972): Intent Action android.intent.action.ACTION_POWER_CONNECTED
E/Setting ( 1972): Battery charging. plugType = 2
E/Setting ( 1972): Charging is of type USB= 2
E/Settings( 1972): [MTP] assume media player mode, USB is connected.
E/Setting ( 1972): USB debugging enabled
D/KeyguardUpdateMonitor( 1916): received broadcast android.intent.action.BATTERY_CHANGED
D/KeyguardUpdateMonitor( 1916): getBatterInfo(android.intent.action.BATTERY_CHANGED)
D/KeyguardUpdateMonitor( 1916): getBatterInfo(2, 2, 2)
D/KeyguardUpdateMonitor( 1916): handleBatteryUpdate2
I/StatusBarPolicy( 1916): battery level:92 lowBatteryWaringLevel:15 plugged:true fullBatteryNotify:false isCharging:2
I/StatusBarPolicy( 1916): com.android.launcher.Launcher
I/StatusBarPolicy( 1916): BAT. status:2 health:2
E/Setting ( 1972): Intent Action android.intent.action.ACTION_POWER_CONNECTED
E/Setting ( 1972): Battery charging. plugType = 2
E/Setting ( 1972): Charging is of type USB= 2
E/Settings( 1972): [MTP] assume media player mode, USB is connected.
E/Setting ( 1972): USB debugging enabled
D/dalvikvm( 1972): GC freed 315 objects / 17976 bytes in 193ms
I/POWER_OFF_TEST( 1916): mBatteryLevel = 92   mBatteryDecimalPoint = 59
I/POWER_OFF_TEST( 1916): mBatteryLevel = 92   mBatteryDecimalPoint = 75
I/POWER_OFF_TEST( 1916): mBatteryLevel = 92   mBatteryDecimalPoint = 75
D/KeyguardUpdateMonitor( 1916): received broadcast android.intent.action.TIME_TICK
D/KeyguardUpdateMonitor( 1916): handleTimeUpdate
D/SystemClock( 1957): Setting time of day to sec=1299553804
D/KeyguardUpdateMonitor( 1916): received broadcast android.intent.action.TIME_SET
D/KeyguardUpdateMonitor( 1916): handleTimeUpdate
I/ActivityManager( 1916): Start proc com.android.alarmclock for broadcast com.android.alarmclock/.AlarmInitReceiver: pid=3318 uid=10005 gids={}
W/CheckinService( 1916): Checkin interval too long: 535173
V/CheckinService( 1916): Disabling timed checkins (interval: 535173 secs)
I/dalvikvm( 3318): Debugger thread not active, ignoring DDM send (t=0x41504e4d l=38)
I/dalvikvm( 3318): Debugger thread not active, ignoring DDM send (t=0x41504e4d l=48)
I/ActivityThread( 3318): Publishing provider com.android.alarmclock: com.android.alarmclock.AlarmProvider
V/SettingsProvider( 1916): system <- value= name=next_alarm_formatted
V/SettingsProvider( 1916): property: sys.settings_system_version=112
W/BackupManagerService( 1916): dataChanged but no participant pkg='com.android.providers.settings' uid=10005
V/SettingsProvider( 1916): notifying: content://settings/system/next_alarm_formatted
I/ActivityManager( 1916): Start proc com.android.calendar for broadcast com.android.calendar/.AlertReceiver: pid=3325 uid=10007 gids={3003}
I/Zygote  ( 3325): Zygote: pid 3325 has INTERNET permission, then set capability for CAP_NET_RAW(13), CAP_NET_ADMIN(12)
I/dalvikvm( 3325): Debugger thread not active, ignoring DDM send (t=0x41504e4d l=38)
I/dalvikvm( 3325): Debugger thread not active, ignoring DDM send (t=0x41504e4d l=44)
D/dalvikvm( 1889): GC freed 274 objects / 10488 bytes in 190ms
D/dalvikvm( 1889): GC freed 42 objects / 1848 bytes in 69ms
D/dalvikvm( 1889): GC freed 2 objects / 56 bytes in 54ms
I/ActivityThread( 3325): Publishing provider calendar: com.android.providers.calendar.CalendarProvider
I/ActivityManager( 1916): Process com.android.voicedialer (pid 3261) has died.
I/CalendarProvider( 3325): deleteRowsForRemovedAccountstable=Events
I/CalendarProvider( 3325): deleteRowsForRemovedAccountstable=DeletedEvents
I/CalendarProvider( 3325): onAccountsChanged
I/CalendarProvider( 3325): onAccountsChanged name=gargoylemusic@gmail.com type=com.google
I/CalendarProvider( 3325): onAccountsChanged name=jpgoel@ncsu.edu type=com.google
I/CalendarProvider( 3325): deleteRowsForRemovedAccountstable=Calendars
I/POWER_OFF_TEST( 1916): mBatteryLevel = 92   mBatteryDecimalPoint = 90
D/KeyguardUpdateMonitor( 1916): received broadcast android.intent.action.BATTERY_CHANGED
D/KeyguardUpdateMonitor( 1916): getBatterInfo(android.intent.action.BATTERY_CHANGED)
D/KeyguardUpdateMonitor( 1916): getBatterInfo(2, 2, 2)
D/KeyguardUpdateMonitor( 1916): handleBatteryUpdate2
I/StatusBarPolicy( 1916): battery level:92 lowBatteryWaringLevel:15 plugged:true fullBatteryNotify:false isCharging:2
I/StatusBarPolicy( 1916): com.android.launcher.Launcher
I/StatusBarPolicy( 1916): BAT. status:2 health:2
E/Setting ( 1972): Intent Action android.intent.action.ACTION_POWER_CONNECTED
E/Setting ( 1972): Battery charging. plugType = 2
E/Setting ( 1972): Charging is of type USB= 2
E/Settings( 1972): [MTP] assume media player mode, USB is connected.
E/Setting ( 1972): USB debugging enabled
D/KeyguardUpdateMonitor( 1916): received broadcast android.intent.action.BATTERY_CHANGED
D/KeyguardUpdateMonitor( 1916): getBatterInfo(android.intent.action.BATTERY_CHANGED)
D/KeyguardUpdateMonitor( 1916): getBatterInfo(2, 2, 2)
I/StatusBarPolicy( 1916): battery level:92 lowBatteryWaringLevel:15 plugged:true fullBatteryNotify:false isCharging:2
D/KeyguardUpdateMonitor( 1916): handleBatteryUpdate2
I/StatusBarPolicy( 1916): com.android.launcher.Launcher
I/StatusBarPolicy( 1916): BAT. status:2 health:2
E/Setting ( 1972): Intent Action android.intent.action.ACTION_POWER_CONNECTED
E/Setting ( 1972): Battery charging. plugType = 2
E/Setting ( 1972): Charging is of type USB= 2
E/Settings( 1972): [MTP] assume media player mode, USB is connected.
E/Setting ( 1972): USB debugging enabled
D/KeyguardUpdateMonitor( 1916): received broadcast android.intent.action.BATTERY_CHANGED
D/KeyguardUpdateMonitor( 1916): getBatterInfo(android.intent.action.BATTERY_CHANGED)
D/KeyguardUpdateMonitor( 1916): getBatterInfo(2, 2, 2)
D/KeyguardUpdateMonitor( 1916): handleBatteryUpdate2
I/StatusBarPolicy( 1916): battery level:92 lowBatteryWaringLevel:15 plugged:true fullBatteryNotify:false isCharging:2
I/StatusBarPolicy( 1916): com.android.launcher.Launcher
I/StatusBarPolicy( 1916): BAT. status:2 health:2
E/Setting ( 1972): Intent Action android.intent.action.ACTION_POWER_CONNECTED
E/Setting ( 1972): Battery charging. plugType = 2
E/Setting ( 1972): Charging is of type USB= 2
E/Settings( 1972): [MTP] assume media player mode, USB is connected.
E/Setting ( 1972): USB debugging enabled
I/System.out( 2240): interface name: null
D/KeyguardUpdateMonitor( 1916): received broadcast android.intent.action.BATTERY_CHANGED
D/KeyguardUpdateMonitor( 1916): getBatterInfo(android.intent.action.BATTERY_CHANGED)
D/KeyguardUpdateMonitor( 1916): getBatterInfo(2, 2, 2)
D/KeyguardUpdateMonitor( 1916): handleBatteryUpdate2
I/StatusBarPolicy( 1916): battery level:93 lowBatteryWaringLevel:15 plugged:true fullBatteryNotify:false isCharging:2
I/StatusBarPolicy( 1916): com.android.launcher.Launcher
I/StatusBarPolicy( 1916): BAT. status:2 health:2
E/Setting ( 1972): Intent Action android.intent.action.ACTION_POWER_CONNECTED
E/Setting ( 1972): Battery charging. plugType = 2
E/Setting ( 1972): Charging is of type USB= 2
E/Settings( 1972): [MTP] assume media player mode, USB is connected.
E/Setting ( 1972): USB debugging enabled
I/POWER_OFF_TEST( 1916): mBatteryLevel = 93   mBatteryDecimalPoint = 6
E/Setting ( 1972): Intent Action android.intent.action.ACTION_POWER_CONNECTED
E/Setting ( 1972): Battery charging. plugType = 2
E/Setting ( 1972): Charging is of type USB= 2
E/Settings( 1972): [MTP] assume media player mode, USB is connected.
E/Setting ( 1972): USB debugging enabled
D/KeyguardUpdateMonitor( 1916): received broadcast android.intent.action.BATTERY_CHANGED
D/KeyguardUpdateMonitor( 1916): getBatterInfo(android.intent.action.BATTERY_CHANGED)
D/KeyguardUpdateMonitor( 1916): getBatterInfo(2, 2, 2)
D/KeyguardUpdateMonitor( 1916): handleBatteryUpdate2
I/StatusBarPolicy( 1916): battery level:93 lowBatteryWaringLevel:15 plugged:true fullBatteryNotify:false isCharging:2
I/StatusBarPolicy( 1916): com.android.launcher.Launcher
I/StatusBarPolicy( 1916): BAT. status:2 health:2
D/KeyguardUpdateMonitor( 1916): received broadcast android.intent.action.BATTERY_CHANGED
D/KeyguardUpdateMonitor( 1916): getBatterInfo(android.intent.action.BATTERY_CHANGED)
D/KeyguardUpdateMonitor( 1916): getBatterInfo(2, 2, 2)
I/StatusBarPolicy( 1916): battery level:93 lowBatteryWaringLevel:15 plugged:true fullBatteryNotify:false isCharging:2
D/KeyguardUpdateMonitor( 1916): handleBatteryUpdate2
I/StatusBarPolicy( 1916): com.android.launcher.Launcher
I/StatusBarPolicy( 1916): BAT. status:2 health:2
E/Setting ( 1972): Intent Action android.intent.action.ACTION_POWER_CONNECTED
E/Setting ( 1972): Battery charging. plugType = 2
E/Setting ( 1972): Charging is of type USB= 2
E/Settings( 1972): [MTP] assume media player mode, USB is connected.
E/Setting ( 1972): USB debugging enabled
D/dalvikvm( 1972): GC freed 315 objects / 17976 bytes in 249ms
I/POWER_OFF_TEST( 1916): mBatteryLevel = 93   mBatteryDecimalPoint = 6
D/SyncManager( 1916): canceling and rescheduling sync because it ran too long: authority: com.twitter.android.provider.TwitterProvider account: Account {name=poundifdef, type=com.twitter.android.auth.login} extras: [] syncSource: 0 when: 17209880 delay: 60764 key: {authority: com.twitter.android.provider.TwitterProvider account: Account {name=poundifdef, type=com.twitter.android.auth.login} extras: []} pendingOperation: android.content.SyncStorageEngine$PendingOperation@459c22f8
D/SyncManager( 1916): failed sync operation authority: com.twitter.android.provider.TwitterProvider account: Account {name=poundifdef, type=com.twitter.android.auth.login} extras: [] syncSource: 0 when: 17391684 delay: 0 key: {authority: com.twitter.android.provider.TwitterProvider account: Account {name=poundifdef, type=com.twitter.android.auth.login} extras: []} pendingOperation: android.content.SyncStorageEngine$PendingOperation@45cabfd8
D/KeyguardUpdateMonitor( 1916): received broadcast android.intent.action.TIME_TICK
D/KeyguardUpdateMonitor( 1916): handleTimeUpdate
D/dalvikvm( 2240): GC freed 1965 objects / 281352 bytes in 188ms
I/POWER_OFF_TEST( 1916): mBatteryLevel = 93   mBatteryDecimalPoint = 22
D/dalvikvm( 1916): GC freed 33255 objects / 1666272 bytes in 205ms
D/SyncManager( 1916): failed sync operation authority: com.twitter.android.provider.TwitterProvider account: Account {name=poundifdef, type=com.twitter.android.auth.login} extras: [] syncSource: 0 when: 17542091 delay: 31821 key: {authority: com.twitter.android.provider.TwitterProvider account: Account {name=poundifdef, type=com.twitter.android.auth.login} extras: []} pendingOperation: android.content.SyncStorageEngine$PendingOperation@45c902b8
I/POWER_OFF_TEST( 1916): mBatteryLevel = 93   mBatteryDecimalPoint = 22
D/KeyguardUpdateMonitor( 1916): received broadcast android.intent.action.BATTERY_CHANGED
D/KeyguardUpdateMonitor( 1916): getBatterInfo(android.intent.action.BATTERY_CHANGED)
D/KeyguardUpdateMonitor( 1916): getBatterInfo(2, 2, 2)
I/StatusBarPolicy( 1916): battery level:93 lowBatteryWaringLevel:15 plugged:true fullBatteryNotify:false isCharging:2
D/KeyguardUpdateMonitor( 1916): handleBatteryUpdate2
I/StatusBarPolicy( 1916): com.android.launcher.Launcher
I/StatusBarPolicy( 1916): BAT. status:2 health:2
E/Setting ( 1972): Intent Action android.intent.action.ACTION_POWER_CONNECTED
E/Setting ( 1972): Battery charging. plugType = 2
E/Setting ( 1972): Charging is of type USB= 2
E/Settings( 1972): [MTP] assume media player mode, USB is connected.
E/Setting ( 1972): USB debugging enabled
D/KeyguardUpdateMonitor( 1916): received broadcast android.intent.action.BATTERY_CHANGED
D/KeyguardUpdateMonitor( 1916): getBatterInfo(android.intent.action.BATTERY_CHANGED)
D/KeyguardUpdateMonitor( 1916): getBatterInfo(2, 2, 2)
I/StatusBarPolicy( 1916): battery level:93 lowBatteryWaringLevel:15 plugged:true fullBatteryNotify:false isCharging:2
D/KeyguardUpdateMonitor( 1916): handleBatteryUpdate2
I/StatusBarPolicy( 1916): com.android.launcher.Launcher
I/StatusBarPolicy( 1916): BAT. status:2 health:2
E/Setting ( 1972): Intent Action android.intent.action.ACTION_POWER_CONNECTED
E/Setting ( 1972): Battery charging. plugType = 2
E/Setting ( 1972): Charging is of type USB= 2
E/Settings( 1972): [MTP] assume media player mode, USB is connected.
E/Setting ( 1972): USB debugging enabled
D/dalvikvm( 1972): GC freed 107 objects / 5832 bytes in 181ms
D/KeyguardUpdateMonitor( 1916): received broadcast android.intent.action.BATTERY_CHANGED
D/KeyguardUpdateMonitor( 1916): getBatterInfo(android.intent.action.BATTERY_CHANGED)
D/KeyguardUpdateMonitor( 1916): getBatterInfo(2, 2, 2)
D/KeyguardUpdateMonitor( 1916): handleBatteryUpdate2
I/StatusBarPolicy( 1916): battery level:93 lowBatteryWaringLevel:15 plugged:true fullBatteryNotify:false isCharging:2
I/StatusBarPolicy( 1916): com.android.launcher.Launcher
I/StatusBarPolicy( 1916): BAT. status:2 health:2
E/Setting ( 1972): Intent Action android.intent.action.ACTION_POWER_CONNECTED
E/Setting ( 1972): Battery charging. plugType = 2
E/Setting ( 1972): Charging is of type USB= 2
E/Settings( 1972): [MTP] assume media player mode, USB is connected.
E/Setting ( 1972): USB debugging enabled
I/POWER_OFF_TEST( 1916): mBatteryLevel = 93   mBatteryDecimalPoint = 38
D/KeyguardUpdateMonitor( 1916): received broadcast android.intent.action.BATTERY_CHANGED
D/KeyguardUpdateMonitor( 1916): getBatterInfo(android.intent.action.BATTERY_CHANGED)
D/KeyguardUpdateMonitor( 1916): getBatterInfo(2, 2, 2)
I/StatusBarPolicy( 1916): battery level:93 lowBatteryWaringLevel:15 plugged:true fullBatteryNotify:false isCharging:2
D/KeyguardUpdateMonitor( 1916): handleBatteryUpdate2
I/StatusBarPolicy( 1916): com.android.launcher.Launcher
I/StatusBarPolicy( 1916): BAT. status:2 health:2
E/Setting ( 1972): Intent Action android.intent.action.ACTION_POWER_CONNECTED
E/Setting ( 1972): Battery charging. plugType = 2
E/Setting ( 1972): Charging is of type USB= 2
E/Settings( 1972): [MTP] assume media player mode, USB is connected.
E/Setting ( 1972): USB debugging enabled
I/System.out( 2240): interface name: null
D/KeyguardUpdateMonitor( 1916): received broadcast android.intent.action.TIME_TICK
D/KeyguardUpdateMonitor( 1916): handleTimeUpdate
I/POWER_OFF_TEST( 1916): mBatteryLevel = 93   mBatteryDecimalPoint = 54
D/GpsLocationProvider( 1916): NetworkThread wait for 303ms
D/GpsLocationProvider( 1916): NetworkThread out of wake loop
D/GpsLocationProvider( 1916): Requesting time from NTP server north-america.pool.ntp.org
D/SntpClient( 1916): request time failed: java.net.SocketTimeoutException: The operation timed out
D/GpsLocationProvider( 1916): requestTime failed
D/GpsLocationProvider( 1916): NetworkThread wait for 300000ms
I/POWER_OFF_TEST( 1916): mBatteryLevel = 93   mBatteryDecimalPoint = 54
D/SyncManager( 1916): failed sync operation authority: com.twitter.android.provider.TwitterProvider account: Account {name=poundifdef, type=com.twitter.android.auth.login} extras: [] syncSource: 0 when: 17606128 delay: 63642 key: {authority: com.twitter.android.provider.TwitterProvider account: Account {name=poundifdef, type=com.twitter.android.auth.login} extras: []} pendingOperation: android.content.SyncStorageEngine$PendingOperation@45c90290
D/dalvikvm( 3028): GC freed 653 objects / 32984 bytes in 177ms
D/dalvikvm( 2240): GC freed 1107 objects / 240376 bytes in 203ms
I/POWER_OFF_TEST( 1916): mBatteryLevel = 93   mBatteryDecimalPoint = 70
D/KeyguardUpdateMonitor( 1916): received broadcast android.intent.action.TIME_TICK
D/KeyguardUpdateMonitor( 1916): handleTimeUpdate
D/KeyguardUpdateMonitor( 1916): received broadcast android.intent.action.BATTERY_CHANGED
D/KeyguardUpdateMonitor( 1916): getBatterInfo(android.intent.action.BATTERY_CHANGED)
D/KeyguardUpdateMonitor( 1916): getBatterInfo(2, 2, 2)
I/StatusBarPolicy( 1916): battery level:93 lowBatteryWaringLevel:15 plugged:true fullBatteryNotify:false isCharging:2
D/KeyguardUpdateMonitor( 1916): handleBatteryUpdate2
I/StatusBarPolicy( 1916): com.android.launcher.Launcher
I/StatusBarPolicy( 1916): BAT. status:2 health:2
E/Setting ( 1972): Intent Action android.intent.action.ACTION_POWER_CONNECTED
E/Setting ( 1972): Battery charging. plugType = 2
E/Setting ( 1972): Charging is of type USB= 2
E/Settings( 1972): [MTP] assume media player mode, USB is connected.
E/Setting ( 1972): USB debugging enabled
D/KeyguardUpdateMonitor( 1916): received broadcast android.intent.action.BATTERY_CHANGED
D/KeyguardUpdateMonitor( 1916): getBatterInfo(android.intent.action.BATTERY_CHANGED)
D/KeyguardUpdateMonitor( 1916): getBatterInfo(2, 2, 2)
I/StatusBarPolicy( 1916): battery level:93 lowBatteryWaringLevel:15 plugged:true fullBatteryNotify:false isCharging:2
D/KeyguardUpdateMonitor( 1916): handleBatteryUpdate2
I/StatusBarPolicy( 1916): com.android.launcher.Launcher
I/StatusBarPolicy( 1916): BAT. status:2 health:2
E/Setting ( 1972): Intent Action android.intent.action.ACTION_POWER_CONNECTED
E/Setting ( 1972): Battery charging. plugType = 2
E/Setting ( 1972): Charging is of type USB= 2
E/Settings( 1972): [MTP] assume media player mode, USB is connected.
E/Setting ( 1972): USB debugging enabled
D/KeyguardUpdateMonitor( 1916): received broadcast android.intent.action.BATTERY_CHANGED
D/KeyguardUpdateMonitor( 1916): getBatterInfo(android.intent.action.BATTERY_CHANGED)
D/KeyguardUpdateMonitor( 1916): getBatterInfo(2, 2, 2)
I/StatusBarPolicy( 1916): battery level:93 lowBatteryWaringLevel:15 plugged:true fullBatteryNotify:false isCharging:2
D/KeyguardUpdateMonitor( 1916): handleBatteryUpdate2
I/StatusBarPolicy( 1916): com.android.launcher.Launcher
I/StatusBarPolicy( 1916): BAT. status:2 health:2
E/Setting ( 1972): Intent Action android.intent.action.ACTION_POWER_CONNECTED
E/Setting ( 1972): Battery charging. plugType = 2
E/Setting ( 1972): Charging is of type USB= 2
E/Settings( 1972): [MTP] assume media player mode, USB is connected.
E/Setting ( 1972): USB debugging enabled
D/KeyguardUpdateMonitor( 1916): received broadcast android.intent.action.BATTERY_CHANGED
D/KeyguardUpdateMonitor( 1916): getBatterInfo(android.intent.action.BATTERY_CHANGED)
D/KeyguardUpdateMonitor( 1916): getBatterInfo(2, 2, 2)
I/StatusBarPolicy( 1916): battery level:93 lowBatteryWaringLevel:15 plugged:true fullBatteryNotify:false isCharging:2
D/KeyguardUpdateMonitor( 1916): handleBatteryUpdate2
I/StatusBarPolicy( 1916): com.android.launcher.Launcher
I/StatusBarPolicy( 1916): BAT. status:2 health:2
E/Setting ( 1972): Intent Action android.intent.action.ACTION_POWER_CONNECTED
E/Setting ( 1972): Battery charging. plugType = 2
E/Setting ( 1972): Charging is of type USB= 2
E/Settings( 1972): [MTP] assume media player mode, USB is connected.
E/Setting ( 1972): USB debugging enabled
I/POWER_OFF_TEST( 1916): mBatteryLevel = 93   mBatteryDecimalPoint = 70
D/dalvikvm( 1972): GC freed 315 objects / 17976 bytes in 185ms
D/KeyguardUpdateMonitor( 1916): received broadcast android.intent.action.BATTERY_CHANGED
D/KeyguardUpdateMonitor( 1916): getBatterInfo(android.intent.action.BATTERY_CHANGED)
D/KeyguardUpdateMonitor( 1916): getBatterInfo(2, 2, 2)
D/KeyguardUpdateMonitor( 1916): handleBatteryUpdate2
I/StatusBarPolicy( 1916): battery level:93 lowBatteryWaringLevel:15 plugged:true fullBatteryNotify:false isCharging:2
I/StatusBarPolicy( 1916): com.android.launcher.Launcher
I/StatusBarPolicy( 1916): BAT. status:2 health:2
E/Setting ( 1972): Intent Action android.intent.action.ACTION_POWER_CONNECTED
E/Setting ( 1972): Battery charging. plugType = 2
E/Setting ( 1972): Charging is of type USB= 2
E/Settings( 1972): [MTP] assume media player mode, USB is connected.
E/Setting ( 1972): USB debugging enabled
D/KeyguardUpdateMonitor( 1916): received broadcast android.intent.action.BATTERY_CHANGED
D/KeyguardUpdateMonitor( 1916): getBatterInfo(android.intent.action.BATTERY_CHANGED)
D/KeyguardUpdateMonitor( 1916): getBatterInfo(2, 2, 2)
D/KeyguardUpdateMonitor( 1916): handleBatteryUpdate2
I/StatusBarPolicy( 1916): battery level:93 lowBatteryWaringLevel:15 plugged:true fullBatteryNotify:false isCharging:2
I/StatusBarPolicy( 1916): com.android.launcher.Launcher
I/StatusBarPolicy( 1916): BAT. status:2 health:2
E/Setting ( 1972): Intent Action android.intent.action.ACTION_POWER_CONNECTED
E/Setting ( 1972): Battery charging. plugType = 2
E/Setting ( 1972): Charging is of type USB= 2
E/Settings( 1972): [MTP] assume media player mode, USB is connected.
E/Setting ( 1972): USB debugging enabled
D/KeyguardUpdateMonitor( 1916): received broadcast android.intent.action.BATTERY_CHANGED
D/KeyguardUpdateMonitor( 1916): getBatterInfo(android.intent.action.BATTERY_CHANGED)
D/KeyguardUpdateMonitor( 1916): getBatterInfo(2, 2, 2)
D/KeyguardUpdateMonitor( 1916): handleBatteryUpdate2
I/StatusBarPolicy( 1916): battery level:93 lowBatteryWaringLevel:15 plugged:true fullBatteryNotify:false isCharging:2
I/StatusBarPolicy( 1916): com.android.launcher.Launcher
I/StatusBarPolicy( 1916): BAT. status:2 health:2
E/Setting ( 1972): Intent Action android.intent.action.ACTION_POWER_CONNECTED
E/Setting ( 1972): Battery charging. plugType = 2
E/Setting ( 1972): Charging is of type USB= 2
E/Settings( 1972): [MTP] assume media player mode, USB is connected.
E/Setting ( 1972): USB debugging enabled
I/POWER_OFF_TEST( 1916): mBatteryLevel = 93   mBatteryDecimalPoint = 85
D/KeyguardUpdateMonitor( 1916): received broadcast android.intent.action.BATTERY_CHANGED
D/KeyguardUpdateMonitor( 1916): getBatterInfo(android.intent.action.BATTERY_CHANGED)
D/KeyguardUpdateMonitor( 1916): getBatterInfo(2, 2, 2)
D/KeyguardUpdateMonitor( 1916): handleBatteryUpdate2
I/StatusBarPolicy( 1916): battery level:93 lowBatteryWaringLevel:15 plugged:true fullBatteryNotify:false isCharging:2
I/StatusBarPolicy( 1916): com.android.launcher.Launcher
I/StatusBarPolicy( 1916): BAT. status:2 health:2
E/Setting ( 1972): Intent Action android.intent.action.ACTION_POWER_CONNECTED
E/Setting ( 1972): Battery charging. plugType = 2
E/Setting ( 1972): Charging is of type USB= 2
E/Settings( 1972): [MTP] assume media player mode, USB is connected.
E/Setting ( 1972): USB debugging enabled
I/POWER_OFF_TEST( 1916): mBatteryLevel = 93   mBatteryDecimalPoint = 85
D/KeyguardUpdateMonitor( 1916): received broadcast android.intent.action.BATTERY_CHANGED
D/KeyguardUpdateMonitor( 1916): getBatterInfo(android.intent.action.BATTERY_CHANGED)
D/KeyguardUpdateMonitor( 1916): getBatterInfo(2, 2, 2)
D/KeyguardUpdateMonitor( 1916): handleBatteryUpdate2
I/StatusBarPolicy( 1916): battery level:94 lowBatteryWaringLevel:15 plugged:true fullBatteryNotify:false isCharging:2
I/StatusBarPolicy( 1916): com.android.launcher.Launcher
I/StatusBarPolicy( 1916): BAT. status:2 health:2
E/Setting ( 1972): Intent Action android.intent.action.ACTION_POWER_CONNECTED
E/Setting ( 1972): Battery charging. plugType = 2
E/Setting ( 1972): Charging is of type USB= 2
E/Settings( 1972): [MTP] assume media player mode, USB is connected.
E/Setting ( 1972): USB debugging enabled
D/KeyguardUpdateMonitor( 1916): received broadcast android.intent.action.TIME_TICK
D/KeyguardUpdateMonitor( 1916): handleTimeUpdate
I/POWER_OFF_TEST( 1916): mBatteryLevel = 94   mBatteryDecimalPoint = 1
I/POWER_OFF_TEST( 1916): mBatteryLevel = 94   mBatteryDecimalPoint = 17
D/KeyguardUpdateMonitor( 1916): received broadcast android.intent.action.BATTERY_CHANGED
D/KeyguardUpdateMonitor( 1916): getBatterInfo(android.intent.action.BATTERY_CHANGED)
D/KeyguardUpdateMonitor( 1916): getBatterInfo(2, 2, 2)
I/StatusBarPolicy( 1916): battery level:94 lowBatteryWaringLevel:15 plugged:true fullBatteryNotify:false isCharging:2
D/KeyguardUpdateMonitor( 1916): handleBatteryUpdate2
I/StatusBarPolicy( 1916): com.android.launcher.Launcher
I/StatusBarPolicy( 1916): BAT. status:2 health:2
E/Setting ( 1972): Intent Action android.intent.action.ACTION_POWER_CONNECTED
E/Setting ( 1972): Battery charging. plugType = 2
E/Setting ( 1972): Charging is of type USB= 2
E/Settings( 1972): [MTP] assume media player mode, USB is connected.
E/Setting ( 1972): USB debugging enabled
I/System.out( 2240): interface name: null
D/KeyguardUpdateMonitor( 1916): received broadcast android.intent.action.BATTERY_CHANGED
D/KeyguardUpdateMonitor( 1916): getBatterInfo(android.intent.action.BATTERY_CHANGED)
D/KeyguardUpdateMonitor( 1916): getBatterInfo(2, 2, 2)
I/StatusBarPolicy( 1916): battery level:94 lowBatteryWaringLevel:15 plugged:true fullBatteryNotify:false isCharging:2
D/KeyguardUpdateMonitor( 1916): handleBatteryUpdate2
I/StatusBarPolicy( 1916): com.android.launcher.Launcher
I/StatusBarPolicy( 1916): BAT. status:2 health:2
E/Setting ( 1972): Intent Action android.intent.action.ACTION_POWER_CONNECTED
E/Setting ( 1972): Battery charging. plugType = 2
E/Setting ( 1972): Charging is of type USB= 2
E/Settings( 1972): [MTP] assume media player mode, USB is connected.
E/Setting ( 1972): USB debugging enabled
D/KeyguardUpdateMonitor( 1916): received broadcast android.intent.action.BATTERY_CHANGED
D/KeyguardUpdateMonitor( 1916): getBatterInfo(android.intent.action.BATTERY_CHANGED)
D/KeyguardUpdateMonitor( 1916): getBatterInfo(2, 2, 2)
D/KeyguardUpdateMonitor( 1916): handleBatteryUpdate2
I/StatusBarPolicy( 1916): battery level:94 lowBatteryWaringLevel:15 plugged:true fullBatteryNotify:false isCharging:2
I/StatusBarPolicy( 1916): com.android.launcher.Launcher
I/StatusBarPolicy( 1916): BAT. status:2 health:2
E/Setting ( 1972): Intent Action android.intent.action.ACTION_POWER_CONNECTED
E/Setting ( 1972): Battery charging. plugType = 2
E/Setting ( 1972): Charging is of type USB= 2
E/Settings( 1972): [MTP] assume media player mode, USB is connected.
E/Setting ( 1972): USB debugging enabled
W/GTalkService( 1970): [GTalkConnection.19] doConnect: caught XMPPError connecting to mtalk.google.com:5228.: (502)
W/GTalkService( 1970):   -- caused by: java.net.SocketTimeoutException: SSL handshake timed out
D/KeyguardUpdateMonitor( 1916): received broadcast android.intent.action.BATTERY_CHANGED
D/KeyguardUpdateMonitor( 1916): getBatterInfo(android.intent.action.BATTERY_CHANGED)
D/KeyguardUpdateMonitor( 1916): getBatterInfo(2, 2, 2)
D/KeyguardUpdateMonitor( 1916): handleBatteryUpdate2
I/StatusBarPolicy( 1916): battery level:94 lowBatteryWaringLevel:15 plugged:true fullBatteryNotify:false isCharging:2
I/StatusBarPolicy( 1916): com.android.launcher.Launcher
I/StatusBarPolicy( 1916): BAT. status:2 health:2
E/Setting ( 1972): Intent Action android.intent.action.ACTION_POWER_CONNECTED
E/Setting ( 1972): Battery charging. plugType = 2
E/Setting ( 1972): Charging is of type USB= 2
E/Settings( 1972): [MTP] assume media player mode, USB is connected.
E/Setting ( 1972): USB debugging enabled
I/POWER_OFF_TEST( 1916): mBatteryLevel = 94   mBatteryDecimalPoint = 17
D/dalvikvm( 1972): GC freed 471 objects / 27008 bytes in 200ms
D/KeyguardUpdateMonitor( 1916): received broadcast android.intent.action.TIME_TICK
D/KeyguardUpdateMonitor( 1916): handleTimeUpdate
I/POWER_OFF_TEST( 1916): mBatteryLevel = 94   mBatteryDecimalPoint = 33
I/POWER_OFF_TEST( 1916): mBatteryLevel = 94   mBatteryDecimalPoint = 33
D/KeyguardUpdateMonitor( 1916): received broadcast android.intent.action.BATTERY_CHANGED
D/KeyguardUpdateMonitor( 1916): getBatterInfo(android.intent.action.BATTERY_CHANGED)
D/KeyguardUpdateMonitor( 1916): getBatterInfo(2, 2, 2)
I/StatusBarPolicy( 1916): battery level:94 lowBatteryWaringLevel:15 plugged:true fullBatteryNotify:false isCharging:2
D/KeyguardUpdateMonitor( 1916): handleBatteryUpdate2
I/StatusBarPolicy( 1916): com.android.launcher.Launcher
I/StatusBarPolicy( 1916): BAT. status:2 health:2
E/Setting ( 1972): Intent Action android.intent.action.ACTION_POWER_CONNECTED
E/Setting ( 1972): Battery charging. plugType = 2
E/Setting ( 1972): Charging is of type USB= 2
E/Settings( 1972): [MTP] assume media player mode, USB is connected.
E/Setting ( 1972): USB debugging enabled
I/POWER_OFF_TEST( 1916): mBatteryLevel = 94   mBatteryDecimalPoint = 49
D/KeyguardUpdateMonitor( 1916): received broadcast android.intent.action.TIME_TICK
D/KeyguardUpdateMonitor( 1916): handleTimeUpdate
D/KeyguardUpdateMonitor( 1916): received broadcast android.intent.action.BATTERY_CHANGED
D/KeyguardUpdateMonitor( 1916): getBatterInfo(android.intent.action.BATTERY_CHANGED)
D/KeyguardUpdateMonitor( 1916): getBatterInfo(2, 2, 2)
D/KeyguardUpdateMonitor( 1916): handleBatteryUpdate2
I/StatusBarPolicy( 1916): battery level:94 lowBatteryWaringLevel:15 plugged:true fullBatteryNotify:false isCharging:2
I/StatusBarPolicy( 1916): com.android.launcher.Launcher
I/StatusBarPolicy( 1916): BAT. status:2 health:2
E/Setting ( 1972): Intent Action android.intent.action.ACTION_POWER_CONNECTED
E/Setting ( 1972): Battery charging. plugType = 2
E/Setting ( 1972): Charging is of type USB= 2
E/Settings( 1972): [MTP] assume media player mode, USB is connected.
E/Setting ( 1972): USB debugging enabled
D/dalvikvm( 1972): GC freed 107 objects / 5832 bytes in 183ms
I/POWER_OFF_TEST( 1916): mBatteryLevel = 94   mBatteryDecimalPoint = 49
I/System.out( 2240): interface name: null
D/dalvikvm( 2240): GC freed 2156 objects / 508808 bytes in 80ms
I/System.out( 2240): interface name: null
I/POWER_OFF_TEST( 1916): mBatteryLevel = 94   mBatteryDecimalPoint = 65
I/System.out( 2240): interface name: null
D/dalvikvm( 2240): GC freed 325 objects / 199248 bytes in 196ms
I/POWER_OFF_TEST( 1916): mBatteryLevel = 94   mBatteryDecimalPoint = 65
I/System.out( 2240): interface name: null
D/dalvikvm( 2240): GC freed 71 objects / 187656 bytes in 186ms
D/KeyguardUpdateMonitor( 1916): received broadcast android.intent.action.TIME_TICK
D/KeyguardUpdateMonitor( 1916): handleTimeUpdate
I/System.out( 2240): interface name: null
D/dalvikvm( 2240): GC freed 957 objects / 416720 bytes in 161ms
I/POWER_OFF_TEST( 1916): mBatteryLevel = 94   mBatteryDecimalPoint = 80
I/System.out( 2240): interface name: null
V/Email   ( 2186): SOCKET MailTransport	open :: socket openjava.io.BufferedInputStream@457f45f0 | java.io.BufferedOutputStream@457f4628
D/GpsLocationProvider( 1916): NetworkThread out of wake loop
D/GpsLocationProvider( 1916): Requesting time from NTP server north-america.pool.ntp.org
D/dalvikvm( 2186): GC freed 3111 objects / 167528 bytes in 213ms
I/POWER_OFF_TEST( 1916): mBatteryLevel = 94   mBatteryDecimalPoint = 80
I/System.out( 2240): interface name: null
D/dalvikvm( 2240): GC freed 196 objects / 193904 bytes in 278ms
D/SntpClient( 1916): request time failed: java.net.SocketTimeoutException: The operation timed out
D/GpsLocationProvider( 1916): requestTime failed
D/GpsLocationProvider( 1916): NetworkThread wait for 300000ms
I/POWER_OFF_TEST( 1916): mBatteryLevel = 94   mBatteryDecimalPoint = 96
I/System.out( 2240): interface name: null
D/dalvikvm( 2240): GC freed 71 objects / 187656 bytes in 222ms
D/KeyguardUpdateMonitor( 1916): received broadcast android.intent.action.TIME_TICK
D/KeyguardUpdateMonitor( 1916): handleTimeUpdate
I/System.out( 2240): interface name: null
D/dalvikvm( 2240): GC freed 954 objects / 416152 bytes in 189ms
I/POWER_OFF_TEST( 1916): mBatteryLevel = 94   mBatteryDecimalPoint = 96
D/KeyguardUpdateMonitor( 1916): received broadcast android.intent.action.BATTERY_CHANGED
D/KeyguardUpdateMonitor( 1916): getBatterInfo(android.intent.action.BATTERY_CHANGED)
D/KeyguardUpdateMonitor( 1916): getBatterInfo(2, 2, 2)
I/StatusBarPolicy( 1916): battery level:95 lowBatteryWaringLevel:15 plugged:true fullBatteryNotify:false isCharging:2
D/KeyguardUpdateMonitor( 1916): handleBatteryUpdate2
I/StatusBarPolicy( 1916): com.android.launcher.Launcher
