I/NotificationService( 1916): enqueueToast pkg=com.jaygoel.virginminuteschecker callback=android.app.ITransientNotification$Stub$Proxy@45b2f1f0 duration=0
D/dalvikvm( 1957): GC freed 23887 objects / 1300008 bytes in 223ms
D/PhoneUtils( 1957): startGetCallerInfo: query based on number: 8883221122
D/CallCard( 1957): updateDisplayForPerson(
D/CallCard( 1957): name: null
D/CallCard( 1957): phoneNumber: 8883221122
D/CallCard( 1957): cnapName: null
D/CallCard( 1957): numberPresentation: 1
D/CallCard( 1957): namePresentation: 1
D/CallCard( 1957): contactExits: false
D/CallCard( 1957): phoneLabel: null
D/CallCard( 1957): numberType: 0
D/CallCard( 1957): numberLabel: null
D/CallCard( 1957): photoResource: 0
D/CallCard( 1957): person_id: 0
D/CallCard( 1957): needUpdate: false
D/CallCard( 1957): contactRefUri: null
D/CallCard( 1957): contactRingtoneUri: null
D/CallCard( 1957): shouldSendToVoicemail: false
D/CallCard( 1957): cachedPhoto: null
D/CallCard( 1957): isCachedPhotoCurrent: false
D/CallCard( 1957): emergency: false
D/CallCard( 1957): voicemail false
D/CallCard( 1957): SnsStatus null
D/CallCard( 1957): SnsAccount 0)
D/CallCard( 1957): presentation:1 isTemporary:true
D/CallCard( 1957): updatePhotoForCallState(DIALING)...
D/CallCard( 1957): displayOnHoldCallStatus(call =IDLE)...
D/InCallScreen( 1957): [okToDialDTMFTones] foreground state: DIALING, ringing state: false, call screen mode: NORMAL, result: false
D/InCallTouchUi( 1957): updateState(Handler{457f5030})...
D/InCallTouchUi( 1957): - updateState: phone state is OFFHOOK
D/InCallScreen( 1957): isBluetoothAvailable()...
D/InCallScreen( 1957):   - headset state = 0
D/InCallScreen( 1957):   - headset address: null
D/InCallScreen( 1957):   ==> false
D/InCallScreen( 1957): [okToDialDTMFTones] foreground state: DIALING, ringing state: false, call screen mode: NORMAL, result: false
D/InCallScreen( 1957): updateProviderOverlay: false
D/PhoneApp( 1957): - preventScreenOn(false)...
D/power   ( 1916): Setting LCD to on
D/PhoneApp( 1957): setScreenTimeout(MEDIUM)...
D/PhoneApp( 1957): PhoneAPP :: Update Wake Call : true
D/PhoneApp( 1957): requestWakeState(FULL)...
D/InCallScreen( 1957): enableTouchLock(false)...
D/DTMFTwelveKeyDialer( 1957): relinkContols
D/DTMFTwelveKeyDialer( 1957): clearDigits()...
D/InCallScreen( 1957): onResume() done.
D/BT HS/HF( 1957): updatePhoneState() mPhone=OFFHOOK, mFCall=DIALING, mBCall=IDLE, mRCall=IDLE, mCallsetup=0, callsetup=0, mCall=0, call=0, mCallheld=0, sendUpdate=false
I/BluetoothService( 1916): Got Call State change - new call state = 1
D/BT HS/HF( 1957): audioOn()
D/BT HS/HF( 1957): audioOn(): headset is not connected!
D/CallNotifier( 1957): onPhoneStateChanged: state = OFFHOOK
D/NotificationMgr( 1957): updating status bar state: 4
D/NotificationService( 1916): onSetDisabled :: mDisabledNotifications = 4
D/PhoneApp( 1957): updateProximitySensorMode: state = OFFHOOK
D/PhoneApp( 1957): updateProximitySensorMode: lock already held.
D/PhoneApp( 1957): setScreenTimeout(MEDIUM)...
D/PhoneApp( 1957): PhoneAPP :: Update Wake Call : true
D/PhoneApp( 1957): requestWakeState(FULL)...
D/PhoneApp( 1957): updateProximitySensorMode: state = OFFHOOK
D/PhoneApp( 1957): updateProximitySensorMode: lock already held.
D/CallNotifier( 1957): onPhoneStateChanged: OFF HOOK
D/PhoneUtils( 1957): setAudioMode(MODE_IN_CALL)...
I/AudioPolicyManager( 1890): setStreamVolumeIndex() stream 3, index 0
I/AudioPolicyManager( 1890): setStreamVolume() for output 1 stream 3, volume 0.000000, delay 0
I/AudioPolicyManager( 1890): setStreamVolumeIndex() stream 9, index 0
I/AudioPolicyManager( 1890): setStreamVolume() for output 1 stream 9, volume 0.000000, delay 0
D/PhoneUtils( 1957): setStreamVolume STREAM_MUSIC to mute!!!
D/AudioHardwareALSA( 1890): setMode(0 -> 2)
W/AudioPolicyManager( 1890): setPhoneState() state 2 // mPhoneState 0
I/AudioPolicyManager( 1890): setOutputDevice() output 1 device 1 delayMs 0
I/AudioHardwareALSA( 1890): ### mMode = 2. routes =1
I/AudioHardwareALSA( 1890): ### incall mode earpiece route
D/AudioHardwareALSA( 1890): ### android::status_t android::AudioHardwareIPC::transmitAudioPathIPC(uint32_t) 1 
I/AudioHardwareALSA( 1890):  # mode: 2 / device: 0x1
I/AudioHardwareALSA( 1890): Initialized ALSA PLAYBACK device AndroidPlayback_Earpiece_incall
D/AudioHardwareALSA( 1890): Set PLAYBACK PCM format to S16_LE (Signed 16 bit Little Endian)
D/AudioHardwareALSA( 1890): Using 2 channels for PLAYBACK.
D/AudioHardwareALSA( 1890): Set PLAYBACK sample rate to 44100 HZ
D/AudioHardwareALSA( 1890): Buffer size: 4096
D/AudioHardwareALSA( 1890): Latency: 92879
I/AudioPolicyManager( 1890): setStreamVolume() for output 1 stream 0, volume 0.446684, delay 0
D/AudioHardwareALSA( 1890): ### earpiece route
D/AudioHardwareALSA( 1890): ### android::status_t android::AudioHardwareIPC::transmitVolumeIPC(uint32_t, float) 5
I/AudioPolicyManager( 1890): setStreamVolume() for output 1 stream 1, volume 0.316228, delay 0
I/AudioPolicyManager( 1890): setStreamVolume() for output 1 stream 2, volume 0.223872, delay 0
I/AudioPolicyManager( 1890): setStreamVolume() for output 1 stream 4, volume 0.668344, delay 0
I/AudioPolicyManager( 1890): setStreamVolume() for output 1 stream 5, volume 0.125893, delay 0
I/AudioPolicyManager( 1890): checkAndSetVolume() cannot set stream 6 volume with force use = 0 for comm
I/AudioPolicyManager( 1890): setStreamVolume() for output 1 stream 7, volume 0.316228, delay 0
I/AudioPolicyManager( 1890): setStreamVolume() for output 1 stream 8, volume 1.000000, delay 0
V/AudioService( 1916): Called!! AudioSystem.setPhoneState2
V/AudioService( 1916): audioservice: setMode stream 0
I/AudioPolicyManager( 1890): setStreamVolumeIndex() stream 0, index 5
I/AudioPolicyManager( 1890): setStreamVolume() for output 1 stream 0, volume 0.446684, delay 0
D/NotificationMgr( 1957): updateInCallNotification()...
D/AudioHardwareALSA( 1890): ### earpiece route
D/AudioHardwareALSA( 1890): ### android::status_t android::AudioHardwareIPC::transmitVolumeIPC(uint32_t, float) 5
I/AudioPolicyManager( 1890): setStreamVolumeIndex() stream 8, index 15
I/AudioPolicyManager( 1890): setStreamVolumeIndex() stream 6, index 15
I/AudioPolicyManager( 1890): checkAndSetVolume() cannot set stream 6 volume with force use = 0 for comm
D/AudioHardwareALSA( 1890): [*] onRawReqComplete(): datalen(-1)
D/NotificationMgr( 1957): updateInCallNotification: enhancedVoicePrivacy = false
D/NotificationMgr( 1957): - Updating status bar icon: 17301636
I/NotificationMgr( 1957): This Intent is for InCallScreen 
D/NotificationMgr( 1957): - Updating expanded view: line 1 'Current call (%s)'
D/PhoneUtils( 1957): startGetCallerInfo: query already running, adding listener: class com.android.phone.NotificationMgr
D/PhoneUtils( 1957): getCompactNameFromCallerInfo: info = 
D/PhoneUtils( 1957): name: null
D/PhoneUtils( 1957): phoneNumber: 8883221122
D/PhoneUtils( 1957): cnapName: null
D/PhoneUtils( 1957): numberPresentation: 1
D/PhoneUtils( 1957): namePresentation: 1
D/PhoneUtils( 1957): contactExits: false
D/PhoneUtils( 1957): phoneLabel: null
D/PhoneUtils( 1957): numberType: 0
D/PhoneUtils( 1957): numberLabel: null
D/PhoneUtils( 1957): photoResource: 0
D/PhoneUtils( 1957): person_id: 0
D/PhoneUtils( 1957): needUpdate: false
D/PhoneUtils( 1957): contactRefUri: null
D/PhoneUtils( 1957): contactRingtoneUri: null
D/PhoneUtils( 1957): shouldSendToVoicemail: false
D/PhoneUtils( 1957): cachedPhoto: null
D/PhoneUtils( 1957): isCachedPhotoCurrent: false
D/PhoneUtils( 1957): emergency: false
D/PhoneUtils( 1957): voicemail false
D/PhoneUtils( 1957): SnsStatus null
D/PhoneUtils( 1957): SnsAccount 0
D/PhoneUtils( 1957): modifyForSpecialCnapCases: initially, number=8883221122, presentation=1
D/PhoneUtils( 1957): checkCnapSpecialCases, normal str. number: 8883221122
D/PhoneUtils( 1957): modifyForSpecialCnapCases: returning number string=8883221122
D/PhoneUtils( 1957): getCompactNameFromCallerInfo: compactName=8883221122
D/NotificationMgr( 1957): - Updating expanded view: line 2 '8883221122'
D/NotificationMgr( 1957): Notifying IN_CALL_NOTIFICATION: Notification(vibrate=null,sound=null,defaults=0x0)
D/NotificationService( 1916): enqueueNotification :: mDisabledNotifications = 4
D/NotificationMgr( 1957): updateSpeakerNotification: speaker OFF (or not offhook)
D/NotificationMgr( 1957): updateMuteNotification: not muted (or not offhook)
D/AudioHardwareALSA( 1890): [*] onRawReqComplete(): datalen(-1)
D/AudioHardwareALSA( 1890): [*] onRawReqComplete(): datalen(-1)
D/PhoneUtils( 1957): ConnectionHandler: updating mute state for each connection
D/PhoneUtils( 1957): setMute: false
D/CallCard( 1957): updateState(Handler{457f5030})...
D/CallCard( 1957): updateForegroundCall()...
D/CallCard( 1957): displayMainCallStatus(phone Handler{457f5030}, call DIALING)...
D/CallCard( 1957):   - call.state: DIALING
D/PHONE/CallTime( 1957): [CallTime] cancelTimer()...
D/CallCard( 1957): updateCardTitleWidgets(call DIALING)...
D/PHONE/CallTime( 1957): [CallTime] updateElapsedTime, count=1, duration=0
D/CallCard( 1957): - getTitleForCallCard(Call DIALING)...
D/CallCard( 1957):   ==> result: Dialing...
D/CallCard( 1957): updateCardTitleWidgets: Dialing...
D/CallCard( 1957): foreCall stateDIALING
D/CallCard( 1957): foreCall connections size1
D/CallCard( 1957): backCall stateIDLE
D/CallCard( 1957): backCall connections size0
D/CallCard( 1957): displayMainCallStatus: Update onscreen info for a regular call
D/CallCard( 1957):   - CONN:  incoming: false state: DIALING post dial state: NOT_STARTED, state = DIALING
D/CallCard( 1957): - displayMainCallStatus: using data we already have...
D/CallCard( 1957): - displayMainCallStatus: CNAP data from Connection: CNAP name=null, Number/Name Presentation=1
D/CallCard( 1957):    ==> Got CallerInfoToken; updating display: ci = 
D/CallCard( 1957): name: null
D/CallCard( 1957): phoneNumber: 8883221122
D/CallCard( 1957): cnapName: null
D/CallCard( 1957): numberPresentation: 1
D/CallCard( 1957): namePresentation: 1
D/CallCard( 1957): contactExits: false
D/CallCard( 1957): phoneLabel: null
D/CallCard( 1957): numberType: 0
D/CallCard( 1957): numberLabel: null
D/CallCard( 1957): photoResource: 0
D/CallCard( 1957): person_id: 0
D/CallCard( 1957): needUpdate: false
D/CallCard( 1957): contactRefUri: null
D/CallCard( 1957): contactRingtoneUri: null
D/CallCard( 1957): shouldSendToVoicemail: false
D/CallCard( 1957): cachedPhoto: null
D/CallCard( 1957): isCachedPhotoCurrent: false
D/CallCard( 1957): emergency: false
D/CallCard( 1957): voicemail false
D/CallCard( 1957): SnsStatus null
D/CallCard( 1957): SnsAccount 0
D/CallCard( 1957): updateDisplayForPerson(
D/CallCard( 1957): name: null
D/CallCard( 1957): phoneNumber: 8883221122
D/CallCard( 1957): cnapName: null
D/CallCard( 1957): numberPresentation: 1
D/CallCard( 1957): namePresentation: 1
D/CallCard( 1957): contactExits: false
D/CallCard( 1957): phoneLabel: null
D/CallCard( 1957): numberType: 0
D/CallCard( 1957): numberLabel: null
D/CallCard( 1957): photoResource: 0
D/CallCard( 1957): person_id: 0
D/CallCard( 1957): needUpdate: false
D/CallCard( 1957): contactRefUri: null
D/CallCard( 1957): contactRingtoneUri: null
D/CallCard( 1957): shouldSendToVoicemail: false
D/CallCard( 1957): cachedPhoto: null
D/CallCard( 1957): isCachedPhotoCurrent: false
D/CallCard( 1957): emergency: false
D/CallCard( 1957): voicemail false
D/CallCard( 1957): SnsStatus null
D/CallCard( 1957): SnsAccount 0)
D/CallCard( 1957): presentation:1 isTemporary:true
D/CallCard( 1957): updatePhotoForCallState(DIALING)...
D/CallCard( 1957): displayOnHoldCallStatus(call =IDLE)...
D/InCallScreen( 1957): [okToDialDTMFTones] foreground state: DIALING, ringing state: false, call screen mode: NORMAL, result: false
D/InCallTouchUi( 1957): updateState(Handler{457f5030})...
D/InCallTouchUi( 1957): - updateState: phone state is OFFHOOK
D/InCallScreen( 1957): isBluetoothAvailable()...
D/InCallScreen( 1957):   - headset state = 0
D/InCallScreen( 1957):   - headset address: null
D/InCallScreen( 1957):   ==> false
D/InCallScreen( 1957): [okToDialDTMFTones] foreground state: DIALING, ringing state: false, call screen mode: NORMAL, result: false
D/InCallScreen( 1957): updateProviderOverlay: false
D/PhoneApp( 1957): setScreenTimeout(MEDIUM)...
D/PhoneApp( 1957): PhoneAPP :: Update Wake Call : true
D/PhoneApp( 1957): requestWakeState(FULL)...
D/TelephonyRegistry( 1916): notifyDataConnection: state=3 isDataConnectivityPossible=true reason=2GVoiceCallStarted
D/TelephonyRegistry( 1916): notifyDataConnection: apn=Sprint apnType=* interfaceName=ppp0
D/NetworkLocationProvider( 1916): onDataConnectionStateChanged 5
D/BT HS/HF( 1957): updatePhoneState() mPhone=OFFHOOK, mFCall=DIALING, mBCall=IDLE, mRCall=IDLE, mCallsetup=2, callsetup=0, mCall=0, call=0, mCallheld=0, sendUpdate=false
D/MobileDataStateTracker( 1916): default Received state= SUSPENDED, old= CONNECTED, reason= 2GVoiceCallStarted, apnTypeList= *
D/BT HS/HF( 1957): audioOn()
D/BT HS/HF( 1957): audioOn(): headset is not connected!
D/CallNotifier( 1957): onPhoneStateChanged: state = OFFHOOK
D/PhoneApp( 1957): updateProximitySensorMode: state = OFFHOOK
D/PhoneApp( 1957): updateProximitySensorMode: lock already held.
D/NetworkStateTracker( 1916): setDetailed state, old =CONNECTED and new state=SUSPENDED
D/ConnectivityService( 1916): ConnectivityChange for MOBILE: SUSPENDED/SUSPENDED
D/ConnectivityService( 1916): prevNetType: 0
D/ConnectivityService( 1916): handleDisconnect(): switch to other network
D/NetworkStateTracker( 1916): removeDefaultRoute for MOBILE (ppp0)
I/ActivityManager( 1916): Start proc android.process.media for broadcast com.android.providers.downloads/.DownloadReceiver: pid=3524 uid=10004 gids={1015, 2001, 3003, 1006}
D/PhoneApp( 1957): setScreenTimeout(MEDIUM)...
D/PhoneApp( 1957): PhoneAPP :: Update Wake Call : true
D/PhoneApp( 1957): requestWakeState(FULL)...
D/CallNotifier( 1957): onPhoneStateChanged: OFF HOOK
D/NotificationMgr( 1957): updateInCallNotification()...
D/NotificationMgr( 1957): updateInCallNotification: enhancedVoicePrivacy = false
D/NotificationMgr( 1957): - Updating status bar icon: 17301636
I/NotificationMgr( 1957): This Intent is for InCallScreen 
D/AGPSManagerService( 1916): state: SUSPENDED apnName: Sprint reason: 2GVoiceCallStarted
D/GpsLocationProvider( 1916): updateNetworkState available info: NetworkInfo: type: MOBILE[CDMA - EvDo rev. 0], state: SUSPENDED/SUSPENDED, reason: 2GVoiceCallStarted, extra: Sprint, roaming: false, failover: false, isAvailable: true
D/NotificationMgr( 1957): - Updating expanded view: line 1 'Current call (%s)'
D/PhoneUtils( 1957): startGetCallerInfo: query already running, adding listener: class com.android.phone.NotificationMgr
D/PhoneUtils( 1957): getCompactNameFromCallerInfo: info = 
D/PhoneUtils( 1957): name: null
D/PhoneUtils( 1957): phoneNumber: 8883221122
D/PhoneUtils( 1957): cnapName: null
D/PhoneUtils( 1957): numberPresentation: 1
D/PhoneUtils( 1957): namePresentation: 1
D/PhoneUtils( 1957): contactExits: false
D/PhoneUtils( 1957): phoneLabel: null
D/PhoneUtils( 1957): numberType: 0
D/PhoneUtils( 1957): numberLabel: null
D/PhoneUtils( 1957): photoResource: 0
D/PhoneUtils( 1957): person_id: 0
D/PhoneUtils( 1957): needUpdate: false
D/PhoneUtils( 1957): contactRefUri: null
D/PhoneUtils( 1957): contactRingtoneUri: null
D/PhoneUtils( 1957): shouldSendToVoicemail: false
D/PhoneUtils( 1957): cachedPhoto: null
D/PhoneUtils( 1957): isCachedPhotoCurrent: false
D/PhoneUtils( 1957): emergency: false
D/PhoneUtils( 1957): voicemail false
D/PhoneUtils( 1957): SnsStatus null
D/PhoneUtils( 1957): SnsAccount 0
D/PhoneUtils( 1957): modifyForSpecialCnapCases: initially, number=8883221122, presentation=1
D/PhoneUtils( 1957): checkCnapSpecialCases, normal str. number: 8883221122
D/PhoneUtils( 1957): modifyForSpecialCnapCases: returning number string=8883221122
D/PhoneUtils( 1957): getCompactNameFromCallerInfo: compactName=8883221122
D/NotificationMgr( 1957): - Updating expanded view: line 2 '8883221122'
D/NotificationMgr( 1957): Notifying IN_CALL_NOTIFICATION: Notification(vibrate=null,sound=null,defaults=0x0)
D/NotificationService( 1916): enqueueNotification :: mDisabledNotifications = 4
D/NotificationMgr( 1957): updateSpeakerNotification: speaker OFF (or not offhook)
D/NotificationMgr( 1957): updateMuteNotification: not muted (or not offhook)
D/PhoneUtils( 1957): ConnectionHandler: updating mute state for each connection
D/PhoneUtils( 1957): setMute: false
D/CallCard( 1957): updateState(Handler{457f5030})...
D/CallCard( 1957): updateForegroundCall()...
D/CallCard( 1957): displayMainCallStatus(phone Handler{457f5030}, call DIALING)...
D/CallCard( 1957):   - call.state: DIALING
D/PHONE/CallTime( 1957): [CallTime] cancelTimer()...
D/CallCard( 1957): updateCardTitleWidgets(call DIALING)...
D/PHONE/CallTime( 1957): [CallTime] updateElapsedTime, count=1, duration=0
D/CallCard( 1957): - getTitleForCallCard(Call DIALING)...
D/CallCard( 1957):   ==> result: Dialing...
D/CallCard( 1957): updateCardTitleWidgets: Dialing...
D/CallCard( 1957): foreCall stateDIALING
D/CallCard( 1957): foreCall connections size1
D/CallCard( 1957): backCall stateIDLE
D/CallCard( 1957): backCall connections size0
D/CallCard( 1957): displayMainCallStatus: Update onscreen info for a regular call
D/CallCard( 1957):   - CONN:  incoming: false state: DIALING post dial state: NOT_STARTED, state = DIALING
D/CallCard( 1957): - displayMainCallStatus: using data we already have...
D/CallCard( 1957): - displayMainCallStatus: CNAP data from Connection: CNAP name=null, Number/Name Presentation=1
D/CallCard( 1957):    ==> Got CallerInfoToken; updating display: ci = 
D/CallCard( 1957): name: null
D/CallCard( 1957): phoneNumber: 8883221122
D/CallCard( 1957): cnapName: null
D/CallCard( 1957): numberPresentation: 1
D/CallCard( 1957): namePresentation: 1
D/CallCard( 1957): contactExits: false
D/CallCard( 1957): phoneLabel: null
D/CallCard( 1957): numberType: 0
D/CallCard( 1957): numberLabel: null
D/CallCard( 1957): photoResource: 0
D/CallCard( 1957): person_id: 0
D/CallCard( 1957): needUpdate: false
D/CallCard( 1957): contactRefUri: null
D/CallCard( 1957): contactRingtoneUri: null
D/CallCard( 1957): shouldSendToVoicemail: false
D/CallCard( 1957): cachedPhoto: null
D/CallCard( 1957): isCachedPhotoCurrent: false
D/CallCard( 1957): emergency: false
D/CallCard( 1957): voicemail false
D/CallCard( 1957): SnsStatus null
D/CallCard( 1957): SnsAccount 0
I/Zygote  ( 3524): Zygote: pid 3524 has INTERNET permission, then set capability for CAP_NET_RAW(13), CAP_NET_ADMIN(12)
D/CallCard( 1957): updateDisplayForPerson(
D/CallCard( 1957): name: null
D/CallCard( 1957): phoneNumber: 8883221122
D/CallCard( 1957): cnapName: null
D/CallCard( 1957): numberPresentation: 1
D/CallCard( 1957): namePresentation: 1
D/CallCard( 1957): contactExits: false
D/CallCard( 1957): phoneLabel: null
D/CallCard( 1957): numberType: 0
D/CallCard( 1957): numberLabel: null
D/CallCard( 1957): photoResource: 0
D/CallCard( 1957): person_id: 0
D/CallCard( 1957): needUpdate: false
D/CallCard( 1957): contactRefUri: null
D/CallCard( 1957): contactRingtoneUri: null
D/CallCard( 1957): shouldSendToVoicemail: false
D/CallCard( 1957): cachedPhoto: null
D/CallCard( 1957): isCachedPhotoCurrent: false
D/CallCard( 1957): emergency: false
D/CallCard( 1957): voicemail false
D/CallCard( 1957): SnsStatus null
D/CallCard( 1957): SnsAccount 0)
D/CallCard( 1957): presentation:1 isTemporary:true
D/CallCard( 1957): updatePhotoForCallState(DIALING)...
D/CallCard( 1957): displayOnHoldCallStatus(call =IDLE)...
D/InCallScreen( 1957): [okToDialDTMFTones] foreground state: DIALING, ringing state: false, call screen mode: NORMAL, result: false
D/InCallTouchUi( 1957): updateState(Handler{457f5030})...
D/InCallTouchUi( 1957): - updateState: phone state is OFFHOOK
D/InCallScreen( 1957): isBluetoothAvailable()...
D/InCallScreen( 1957):   - headset state = 0
D/InCallScreen( 1957):   - headset address: null
D/InCallScreen( 1957):   ==> false
D/InCallScreen( 1957): [okToDialDTMFTones] foreground state: DIALING, ringing state: false, call screen mode: NORMAL, result: false
D/InCallScreen( 1957): updateProviderOverlay: false
D/PhoneApp( 1957): setScreenTimeout(MEDIUM)...
D/PhoneApp( 1957): PhoneAPP :: Update Wake Call : true
D/PhoneApp( 1957): requestWakeState(FULL)...
D/BT HS/HF( 1957): updatePhoneState() mPhone=OFFHOOK, mFCall=DIALING, mBCall=IDLE, mRCall=IDLE, mCallsetup=2, callsetup=0, mCall=0, call=0, mCallheld=0, sendUpdate=false
D/BT HS/HF( 1957): audioOn()
D/BT HS/HF( 1957): audioOn(): headset is not connected!
D/CallNotifier( 1957): onPhoneStateChanged: state = OFFHOOK
D/PhoneApp( 1957): updateProximitySensorMode: state = OFFHOOK
D/PhoneApp( 1957): updateProximitySensorMode: lock already held.
D/PhoneApp( 1957): setScreenTimeout(MEDIUM)...
D/PhoneApp( 1957): PhoneAPP :: Update Wake Call : true
D/PhoneApp( 1957): requestWakeState(FULL)...
D/CallNotifier( 1957): onPhoneStateChanged: OFF HOOK
D/NotificationMgr( 1957): updateInCallNotification()...
D/NotificationMgr( 1957): updateInCallNotification: enhancedVoicePrivacy = false
D/NotificationMgr( 1957): - Updating status bar icon: 17301636
I/NotificationMgr( 1957): This Intent is for InCallScreen 
D/NotificationMgr( 1957): - Updating expanded view: line 1 'Current call (%s)'
D/PhoneUtils( 1957): startGetCallerInfo: query already running, adding listener: class com.android.phone.NotificationMgr
D/PhoneUtils( 1957): getCompactNameFromCallerInfo: info = 
D/PhoneUtils( 1957): name: null
D/PhoneUtils( 1957): phoneNumber: 8883221122
D/PhoneUtils( 1957): cnapName: null
D/PhoneUtils( 1957): numberPresentation: 1
D/PhoneUtils( 1957): namePresentation: 1
D/PhoneUtils( 1957): contactExits: false
D/PhoneUtils( 1957): phoneLabel: null
D/PhoneUtils( 1957): numberType: 0
D/PhoneUtils( 1957): numberLabel: null
D/PhoneUtils( 1957): photoResource: 0
D/PhoneUtils( 1957): person_id: 0
D/PhoneUtils( 1957): needUpdate: false
D/PhoneUtils( 1957): contactRefUri: null
D/PhoneUtils( 1957): contactRingtoneUri: null
D/PhoneUtils( 1957): shouldSendToVoicemail: false
D/PhoneUtils( 1957): cachedPhoto: null
D/PhoneUtils( 1957): isCachedPhotoCurrent: false
D/PhoneUtils( 1957): emergency: false
D/PhoneUtils( 1957): voicemail false
D/PhoneUtils( 1957): SnsStatus null
D/PhoneUtils( 1957): SnsAccount 0
I/NotificationService( 1916): enqueueToast pkg=com.jaygoel.virginminuteschecker callback=android.app.ITransientNotification$Stub$Proxy@4580cfc0 duration=0
D/PhoneUtils( 1957): modifyForSpecialCnapCases: initially, number=8883221122, presentation=1
D/PhoneUtils( 1957): checkCnapSpecialCases, normal str. number: 8883221122
D/PhoneUtils( 1957): modifyForSpecialCnapCases: returning number string=8883221122
D/PhoneUtils( 1957): getCompactNameFromCallerInfo: compactName=8883221122
D/NotificationMgr( 1957): - Updating expanded view: line 2 '8883221122'
D/NotificationMgr( 1957): Notifying IN_CALL_NOTIFICATION: Notification(vibrate=null,sound=null,defaults=0x0)
I/dalvikvm( 3524): Debugger thread not active, ignoring DDM send (t=0x41504e4d l=38)
D/NotificationService( 1916): enqueueNotification :: mDisabledNotifications = 4
D/NotificationMgr( 1957): updateSpeakerNotification: speaker OFF (or not offhook)
D/NotificationMgr( 1957): updateMuteNotification: not muted (or not offhook)
D/PhoneUtils( 1957): ConnectionHandler: updating mute state for each connection
D/PhoneUtils( 1957): setMute: false
D/CallCard( 1957): updateState(Handler{457f5030})...
I/dalvikvm( 3524): Debugger thread not active, ignoring DDM send (t=0x41504e4d l=46)
D/CallCard( 1957): updateForegroundCall()...
D/CallCard( 1957): displayMainCallStatus(phone Handler{457f5030}, call DIALING)...
D/CallCard( 1957):   - call.state: DIALING
D/PHONE/CallTime( 1957): [CallTime] cancelTimer()...
D/CallCard( 1957): updateCardTitleWidgets(call DIALING)...
D/PHONE/CallTime( 1957): [CallTime] updateElapsedTime, count=1, duration=0
D/CallCard( 1957): - getTitleForCallCard(Call DIALING)...
D/CallCard( 1957):   ==> result: Dialing...
D/CallCard( 1957): updateCardTitleWidgets: Dialing...
D/CallCard( 1957): foreCall stateDIALING
D/CallCard( 1957): foreCall connections size1
D/CallCard( 1957): backCall stateIDLE
D/CallCard( 1957): backCall connections size0
D/dalvikvm( 1889): GC freed 289 objects / 11088 bytes in 424ms
D/CallCard( 1957): displayMainCallStatus: Update onscreen info for a regular call
D/CallCard( 1957):   - CONN:  incoming: false state: DIALING post dial state: NOT_STARTED, state = DIALING
D/CallCard( 1957): - displayMainCallStatus: using data we already have...
D/CallCard( 1957): - displayMainCallStatus: CNAP data from Connection: CNAP name=null, Number/Name Presentation=1
D/CallCard( 1957):    ==> Got CallerInfoToken; updating display: ci = 
D/CallCard( 1957): name: null
D/CallCard( 1957): phoneNumber: 8883221122
D/CallCard( 1957): cnapName: null
D/CallCard( 1957): numberPresentation: 1
D/CallCard( 1957): namePresentation: 1
D/CallCard( 1957): contactExits: false
D/CallCard( 1957): phoneLabel: null
D/CallCard( 1957): numberType: 0
D/CallCard( 1957): numberLabel: null
D/CallCard( 1957): photoResource: 0
D/CallCard( 1957): person_id: 0
D/CallCard( 1957): needUpdate: false
D/CallCard( 1957): contactRefUri: null
D/CallCard( 1957): contactRingtoneUri: null
D/CallCard( 1957): shouldSendToVoicemail: false
D/CallCard( 1957): cachedPhoto: null
D/CallCard( 1957): isCachedPhotoCurrent: false
D/CallCard( 1957): emergency: false
D/CallCard( 1957): voicemail false
D/CallCard( 1957): SnsStatus null
D/CallCard( 1957): SnsAccount 0
D/CallCard( 1957): updateDisplayForPerson(
D/CallCard( 1957): name: null
D/CallCard( 1957): phoneNumber: 8883221122
D/CallCard( 1957): cnapName: null
D/CallCard( 1957): numberPresentation: 1
D/CallCard( 1957): namePresentation: 1
D/CallCard( 1957): contactExits: false
D/CallCard( 1957): phoneLabel: null
D/CallCard( 1957): numberType: 0
D/CallCard( 1957): numberLabel: null
D/CallCard( 1957): photoResource: 0
D/CallCard( 1957): person_id: 0
D/CallCard( 1957): needUpdate: false
D/CallCard( 1957): contactRefUri: null
D/CallCard( 1957): contactRingtoneUri: null
D/CallCard( 1957): shouldSendToVoicemail: false
D/CallCard( 1957): cachedPhoto: null
D/CallCard( 1957): isCachedPhotoCurrent: false
D/CallCard( 1957): emergency: false
D/CallCard( 1957): voicemail false
D/CallCard( 1957): SnsStatus null
D/CallCard( 1957): SnsAccount 0)
D/CallCard( 1957): presentation:1 isTemporary:true
D/CallCard( 1957): updatePhotoForCallState(DIALING)...
D/CallCard( 1957): displayOnHoldCallStatus(call =IDLE)...
D/InCallScreen( 1957): [okToDialDTMFTones] foreground state: DIALING, ringing state: false, call screen mode: NORMAL, result: false
I/ActivityThread( 3524): Publishing provider media: com.android.providers.media.MediaProvider
D/InCallTouchUi( 1957): updateState(Handler{457f5030})...
D/InCallTouchUi( 1957): - updateState: phone state is OFFHOOK
D/InCallScreen( 1957): isBluetoothAvailable()...
D/InCallScreen( 1957):   - headset state = 0
D/InCallScreen( 1957):   - headset address: null
D/InCallScreen( 1957):   ==> false
D/InCallScreen( 1957): [okToDialDTMFTones] foreground state: DIALING, ringing state: false, call screen mode: NORMAL, result: false
D/InCallScreen( 1957): updateProviderOverlay: false
D/PhoneApp( 1957): setScreenTimeout(MEDIUM)...
D/PhoneApp( 1957): PhoneAPP :: Update Wake Call : true
D/PhoneApp( 1957): requestWakeState(FULL)...
D/PhoneUtils( 1957): query complete, updating connection.userdata
D/PhoneUtils( 1957): - onQueryComplete: CallerInfo:
D/PhoneUtils( 1957): name: null
D/PhoneUtils( 1957): phoneNumber: 888-322-1122
D/PhoneUtils( 1957): cnapName: null
D/PhoneUtils( 1957): numberPresentation: 0
D/PhoneUtils( 1957): namePresentation: 0
D/PhoneUtils( 1957): contactExits: false
D/PhoneUtils( 1957): phoneLabel: null
D/PhoneUtils( 1957): numberType: 0
D/PhoneUtils( 1957): numberLabel: null
D/PhoneUtils( 1957): photoResource: 0
D/PhoneUtils( 1957): person_id: 0
D/PhoneUtils( 1957): needUpdate: false
D/PhoneUtils( 1957): contactRefUri: content://com.android.contacts/phone_lookup/8883221122
D/PhoneUtils( 1957): contactRingtoneUri: content://com.android.contacts/phone_lookup/8883221122
D/PhoneUtils( 1957): shouldSendToVoicemail: false
D/PhoneUtils( 1957): cachedPhoto: null
D/PhoneUtils( 1957): isCachedPhotoCurrent: false
D/PhoneUtils( 1957): emergency: false
D/PhoneUtils( 1957): voicemail false
D/PhoneUtils( 1957): SnsStatus null
D/PhoneUtils( 1957): SnsAccount -1
D/CallCard( 1957): onQueryComplete: token -1, cookie DIALING, ci 
D/CallCard( 1957): name: null
D/CallCard( 1957): phoneNumber: 888-322-1122
D/CallCard( 1957): cnapName: null
D/CallCard( 1957): numberPresentation: 0
D/CallCard( 1957): namePresentation: 0
D/CallCard( 1957): contactExits: false
D/CallCard( 1957): phoneLabel: null
D/CallCard( 1957): numberType: 0
D/CallCard( 1957): numberLabel: null
D/CallCard( 1957): photoResource: 0
D/CallCard( 1957): person_id: 0
D/CallCard( 1957): needUpdate: false
D/CallCard( 1957): contactRefUri: content://com.android.contacts/phone_lookup/8883221122
D/CallCard( 1957): contactRingtoneUri: content://com.android.contacts/phone_lookup/8883221122
D/CallCard( 1957): shouldSendToVoicemail: false
D/CallCard( 1957): cachedPhoto: null
D/CallCard( 1957): isCachedPhotoCurrent: false
D/CallCard( 1957): emergency: false
D/CallCard( 1957): voicemail false
D/CallCard( 1957): SnsStatus null
D/CallCard( 1957): SnsAccount -1
D/CallCard( 1957): callerinfo query complete, updating ui from displayMainCallStatus()
D/PhoneUtils( 1957): startGetCallerInfo: query already done, returning CallerInfo
D/CallCard( 1957): - onQueryComplete: presentation=1, contactExists=false
D/CallCard( 1957): updateDisplayForPerson(
D/CallCard( 1957): name: null
D/CallCard( 1957): phoneNumber: 888-322-1122
D/CallCard( 1957): cnapName: null
D/CallCard( 1957): numberPresentation: 1
D/CallCard( 1957): namePresentation: 1
D/CallCard( 1957): contactExits: false
D/CallCard( 1957): phoneLabel: null
D/CallCard( 1957): numberType: 0
D/CallCard( 1957): numberLabel: null
D/CallCard( 1957): photoResource: 0
D/CallCard( 1957): person_id: 0
D/CallCard( 1957): needUpdate: false
D/CallCard( 1957): contactRefUri: null
D/CallCard( 1957): contactRingtoneUri: null
D/CallCard( 1957): shouldSendToVoicemail: false
D/CallCard( 1957): cachedPhoto: null
D/CallCard( 1957): isCachedPhotoCurrent: false
D/CallCard( 1957): emergency: false
D/CallCard( 1957): voicemail false
D/CallCard( 1957): SnsStatus null
D/CallCard( 1957): SnsAccount -1)
D/CallCard( 1957): presentation:1 isTemporary:false
D/CallCard( 1957): updatePhotoForCallState(DIALING)...
I/ActivityManager( 1916): Process com.android.calendar (pid 3505) has died.
V/MediaProvider( 3524): Attached volume: internal
V/MediaProvider( 3524): /sdcard volume ID: 845439797
D/dalvikvm( 1889): GC freed 47 objects / 2136 bytes in 400ms
D/NotificationMgr( 1957): callerinfo query complete, updating ui.
D/PhoneUtils( 1957): getCompactNameFromCallerInfo: info = 
D/PhoneUtils( 1957): name: null
D/PhoneUtils( 1957): phoneNumber: 888-322-1122
D/PhoneUtils( 1957): cnapName: null
D/PhoneUtils( 1957): numberPresentation: 0
D/PhoneUtils( 1957): namePresentation: 0
D/PhoneUtils( 1957): contactExits: false
D/PhoneUtils( 1957): phoneLabel: null
D/PhoneUtils( 1957): numberType: 0
D/PhoneUtils( 1957): numberLabel: null
D/PhoneUtils( 1957): photoResource: 0
D/PhoneUtils( 1957): person_id: 0
D/PhoneUtils( 1957): needUpdate: false
D/PhoneUtils( 1957): contactRefUri: content://com.android.contacts/phone_lookup/8883221122
D/PhoneUtils( 1957): contactRingtoneUri: content://com.android.contacts/phone_lookup/8883221122
D/PhoneUtils( 1957): shouldSendToVoicemail: false
D/PhoneUtils( 1957): cachedPhoto: null
D/PhoneUtils( 1957): isCachedPhotoCurrent: false
D/PhoneUtils( 1957): emergency: false
D/PhoneUtils( 1957): voicemail false
D/PhoneUtils( 1957): SnsStatus null
D/PhoneUtils( 1957): SnsAccount -1
D/PhoneUtils( 1957): modifyForSpecialCnapCases: initially, number=888-322-1122, presentation=0
D/PhoneUtils( 1957): modifyForSpecialCnapCases: returning number string=888-322-1122
D/PhoneUtils( 1957): getCompactNameFromCallerInfo: compactName=888-322-1122
D/PhoneApp( 1957): mReceiver: ACTION_ANY_DATA_CONNECTION_STATE_CHANGED
D/PhoneApp( 1957): - state: SUSPENDED
D/PhoneApp( 1957): - reason: 2GVoiceCallStarted
D/NotificationMgr( 1957): callerinfo query complete, updating ui.
D/PhoneUtils( 1957): getCompactNameFromCallerInfo: info = 
D/PhoneUtils( 1957): name: null
D/PhoneUtils( 1957): phoneNumber: 888-322-1122
D/PhoneUtils( 1957): cnapName: null
D/PhoneUtils( 1957): numberPresentation: 0
D/PhoneUtils( 1957): namePresentation: 0
D/PhoneUtils( 1957): contactExits: false
D/PhoneUtils( 1957): phoneLabel: null
D/PhoneUtils( 1957): numberType: 0
D/PhoneUtils( 1957): numberLabel: null
D/PhoneUtils( 1957): photoResource: 0
D/PhoneUtils( 1957): person_id: 0
D/PhoneUtils( 1957): needUpdate: false
D/PhoneUtils( 1957): contactRefUri: content://com.android.contacts/phone_lookup/8883221122
D/PhoneUtils( 1957): contactRingtoneUri: content://com.android.contacts/phone_lookup/8883221122
D/PhoneUtils( 1957): shouldSendToVoicemail: false
D/PhoneUtils( 1957): cachedPhoto: null
D/PhoneUtils( 1957): isCachedPhotoCurrent: false
D/PhoneUtils( 1957): emergency: false
D/PhoneUtils( 1957): voicemail false
D/PhoneUtils( 1957): SnsStatus null
D/PhoneUtils( 1957): SnsAccount -1
D/PhoneUtils( 1957): modifyForSpecialCnapCases: initially, number=888-322-1122, presentation=0
D/PhoneUtils( 1957): modifyForSpecialCnapCases: returning number string=888-322-1122
D/PhoneUtils( 1957): getCompactNameFromCallerInfo: compactName=888-322-1122
D/NotificationMgr( 1957): callerinfo query complete, updating ui.
D/PhoneUtils( 1957): getCompactNameFromCallerInfo: info = 
D/PhoneUtils( 1957): name: null
D/PhoneUtils( 1957): phoneNumber: 888-322-1122
D/PhoneUtils( 1957): cnapName: null
D/PhoneUtils( 1957): numberPresentation: 0
D/PhoneUtils( 1957): namePresentation: 0
D/PhoneUtils( 1957): contactExits: false
D/PhoneUtils( 1957): phoneLabel: null
D/PhoneUtils( 1957): numberType: 0
D/PhoneUtils( 1957): numberLabel: null
D/PhoneUtils( 1957): photoResource: 0
D/PhoneUtils( 1957): person_id: 0
D/PhoneUtils( 1957): needUpdate: false
D/PhoneUtils( 1957): contactRefUri: content://com.android.contacts/phone_lookup/8883221122
D/PhoneUtils( 1957): contactRingtoneUri: content://com.android.contacts/phone_lookup/8883221122
D/PhoneUtils( 1957): shouldSendToVoicemail: false
D/PhoneUtils( 1957): cachedPhoto: null
D/PhoneUtils( 1957): isCachedPhotoCurrent: false
D/PhoneUtils( 1957): emergency: false
D/PhoneUtils( 1957): voicemail false
D/PhoneUtils( 1957): SnsStatus null
D/PhoneUtils( 1957): SnsAccount -1
D/PhoneUtils( 1957): modifyForSpecialCnapCases: initially, number=888-322-1122, presentation=0
D/PhoneUtils( 1957): modifyForSpecialCnapCases: returning number string=888-322-1122
D/PhoneUtils( 1957): getCompactNameFromCallerInfo: compactName=888-322-1122
D/CallCard( 1957): updatePhotoForCallState(DIALING)...
D/InCallScreen( 1957): onWindowFocusChanged(true)...
D/NotificationMgr( 1957): hideDataDisconnectedRoaming()...
D/BT HS/HF( 1957): updatePhoneState() mPhone=OFFHOOK, mFCall=DIALING, mBCall=IDLE, mRCall=IDLE, mCallsetup=2, callsetup=0, mCall=0, call=0, mCallheld=0, sendUpdate=false
D/BT HS/HF( 1957): audioOn()
D/BT HS/HF( 1957): audioOn(): headset is not connected!
D/CallNotifier( 1957): onPhoneStateChanged: state = OFFHOOK
D/PhoneApp( 1957): updateProximitySensorMode: state = OFFHOOK
D/PhoneApp( 1957): updateProximitySensorMode: lock already held.
D/PhoneApp( 1957): setScreenTimeout(MEDIUM)...
D/PhoneApp( 1957): PhoneAPP :: Update Wake Call : true
D/PhoneApp( 1957): requestWakeState(FULL)...
D/CallNotifier( 1957): onPhoneStateChanged: OFF HOOK
V/MediaProvider( 3524): Attached volume: external
D/NotificationMgr( 1957): updateInCallNotification()...
D/NotificationMgr( 1957): updateInCallNotification: enhancedVoicePrivacy = false
D/NotificationMgr( 1957): - Updating status bar icon: 17301636
I/NotificationMgr( 1957): This Intent is for InCallScreen 
D/NotificationMgr( 1957): - Updating expanded view: line 1 'Current call (%s)'
D/PhoneUtils( 1957): startGetCallerInfo: query already done, returning CallerInfo
D/PhoneUtils( 1957): getCompactNameFromCallerInfo: info = 
D/PhoneUtils( 1957): name: null
D/PhoneUtils( 1957): phoneNumber: 888-322-1122
D/PhoneUtils( 1957): cnapName: null
D/PhoneUtils( 1957): numberPresentation: 1
D/PhoneUtils( 1957): namePresentation: 1
D/PhoneUtils( 1957): contactExits: false
D/PhoneUtils( 1957): phoneLabel: null
D/PhoneUtils( 1957): numberType: 0
D/PhoneUtils( 1957): numberLabel: null
D/PhoneUtils( 1957): photoResource: 0
D/PhoneUtils( 1957): person_id: 0
D/PhoneUtils( 1957): needUpdate: false
D/PhoneUtils( 1957): contactRefUri: null
D/PhoneUtils( 1957): contactRingtoneUri: null
D/PhoneUtils( 1957): shouldSendToVoicemail: false
D/PhoneUtils( 1957): cachedPhoto: null
D/PhoneUtils( 1957): isCachedPhotoCurrent: true
D/PhoneUtils( 1957): emergency: false
D/PhoneUtils( 1957): voicemail false
D/PhoneUtils( 1957): SnsStatus null
D/PhoneUtils( 1957): SnsAccount -1
D/PhoneUtils( 1957): modifyForSpecialCnapCases: initially, number=888-322-1122, presentation=1
D/PhoneUtils( 1957): checkCnapSpecialCases, normal str. number: 888-322-1122
D/PhoneUtils( 1957): modifyForSpecialCnapCases: returning number string=888-322-1122
D/PhoneUtils( 1957): getCompactNameFromCallerInfo: compactName=888-322-1122
D/NotificationMgr( 1957): - Updating expanded view: line 2 '888-322-1122'
D/NotificationMgr( 1957): Notifying IN_CALL_NOTIFICATION: Notification(vibrate=null,sound=null,defaults=0x0)
D/NotificationService( 1916): enqueueNotification :: mDisabledNotifications = 4
D/NotificationMgr( 1957): updateSpeakerNotification: speaker OFF (or not offhook)
D/NotificationMgr( 1957): updateMuteNotification: not muted (or not offhook)
D/PhoneUtils( 1957): ConnectionHandler: updating mute state for each connection
D/PhoneUtils( 1957): setMute: false
D/dalvikvm( 1889): GC freed 2 objects / 48 bytes in 384ms
D/CallCard( 1957): updateState(Handler{457f5030})...
D/CallCard( 1957): updateForegroundCall()...
D/CallCard( 1957): displayMainCallStatus(phone Handler{457f5030}, call DIALING)...
D/CallCard( 1957):   - call.state: DIALING
D/PHONE/CallTime( 1957): [CallTime] cancelTimer()...
D/CallCard( 1957): updateCardTitleWidgets(call DIALING)...
D/PHONE/CallTime( 1957): [CallTime] updateElapsedTime, count=1, duration=0
D/CallCard( 1957): - getTitleForCallCard(Call DIALING)...
D/CallCard( 1957):   ==> result: Dialing...
D/CallCard( 1957): updateCardTitleWidgets: Dialing...
I/ActivityThread( 3524): Publishing provider downloads: com.android.providers.downloads.DownloadProvider
I/ActivityThread( 3524): Publishing provider drm: com.android.providers.drm.DrmProvider
D/CallCard( 1957): foreCall stateDIALING
D/CallCard( 1957): foreCall connections size1
D/CallCard( 1957): backCall stateIDLE
D/CallCard( 1957): backCall connections size0
D/CallCard( 1957): displayMainCallStatus: Update onscreen info for a regular call
D/CallCard( 1957):   - CONN:  incoming: false state: DIALING post dial state: NOT_STARTED, state = DIALING
D/CallCard( 1957): - displayMainCallStatus: updatedNumber = 8883221122
D/CallCard( 1957): - displayMainCallStatus: starting CallerInfo query...
D/PhoneUtils( 1957): startGetCallerInfo: query already done, returning CallerInfo
D/CallCard( 1957): updateDisplayForPerson(
D/CallCard( 1957): name: null
D/CallCard( 1957): phoneNumber: 888-322-1122
D/CallCard( 1957): cnapName: null
D/CallCard( 1957): numberPresentation: 1
D/CallCard( 1957): namePresentation: 1
D/CallCard( 1957): contactExits: false
D/CallCard( 1957): phoneLabel: null
D/CallCard( 1957): numberType: 0
D/CallCard( 1957): numberLabel: null
D/CallCard( 1957): photoResource: 0
D/CallCard( 1957): person_id: 0
D/CallCard( 1957): needUpdate: false
D/CallCard( 1957): contactRefUri: null
D/CallCard( 1957): contactRingtoneUri: null
D/CallCard( 1957): shouldSendToVoicemail: false
D/CallCard( 1957): cachedPhoto: null
D/CallCard( 1957): isCachedPhotoCurrent: true
D/CallCard( 1957): emergency: false
D/CallCard( 1957): voicemail false
D/CallCard( 1957): SnsStatus null
D/CallCard( 1957): SnsAccount -1)
D/CallCard( 1957): presentation:1 isTemporary:false
D/CallCard( 1957): updatePhotoForCallState(DIALING)...
D/CallCard( 1957): displayOnHoldCallStatus(call =IDLE)...
D/InCallScreen( 1957): [okToDialDTMFTones] foreground state: DIALING, ringing state: false, call screen mode: NORMAL, result: false
D/InCallTouchUi( 1957): updateState(Handler{457f5030})...
D/InCallTouchUi( 1957): - updateState: phone state is OFFHOOK
D/InCallScreen( 1957): isBluetoothAvailable()...
D/InCallScreen( 1957):   - headset state = 0
D/InCallScreen( 1957):   - headset address: null
D/InCallScreen( 1957):   ==> false
D/InCallScreen( 1957): [okToDialDTMFTones] foreground state: DIALING, ringing state: false, call screen mode: NORMAL, result: false
D/InCallScreen( 1957): updateProviderOverlay: false
D/PhoneApp( 1957): setScreenTimeout(MEDIUM)...
D/PhoneApp( 1957): PhoneAPP :: Update Wake Call : true
D/PhoneApp( 1957): requestWakeState(FULL)...
I/GTalkService( 1970): [ServiceAutoStarter] --- start GTalk service ---
I/ActivityManager( 1916): Start proc com.google.android.apps.uploader for broadcast com.google.android.apps.uploader/.common.ConnectivityBroadcastReceiver: pid=3532 uid=10046 gids={3003}
I/Zygote  ( 3532): Zygote: pid 3532 has INTERNET permission, then set capability for CAP_NET_RAW(13), CAP_NET_ADMIN(12)
D/InCallScreen( 1957): handlePostOnDialChar: state = COMPLETE, ch = 
D/DTMFTwelveKeyDialer( 1957): trying to stop local tone...
D/BT HS/HF( 1957): updatePhoneState() mPhone=OFFHOOK, mFCall=ACTIVE, mBCall=IDLE, mRCall=IDLE, mCallsetup=2, callsetup=0, mCall=0, call=0, mCallheld=0, sendUpdate=false
D/BT HS/HF( 1957): mCall != call -> audioOn
D/BT HS/HF( 1957): audioOn()
D/BT HS/HF( 1957): audioOn(): headset is not connected!
D/CallNotifier( 1957): onPhoneStateChanged: state = OFFHOOK
D/PhoneApp( 1957): updateProximitySensorMode: state = OFFHOOK
D/PhoneApp( 1957): updateProximitySensorMode: lock already held.
D/PhoneApp( 1957): pokeUserActivity()...
D/PhoneApp( 1957): setScreenTimeout(MEDIUM)...
D/PhoneApp( 1957): PhoneAPP :: Update Wake Call : false
D/PhoneApp( 1957): requestWakeState(SCREEN_DIM)...
D/CallNotifier( 1957): onPhoneStateChanged: OFF HOOK
D/NotificationMgr( 1957): updateInCallNotification()...
D/NotificationMgr( 1957): updateInCallNotification: enhancedVoicePrivacy = false
D/NotificationMgr( 1957): - Updating status bar icon: 17301636
I/NotificationMgr( 1957): This Intent is for InCallScreen 
D/NotificationMgr( 1957): - Updating expanded view: line 1 'Current call (%s)'
D/PhoneUtils( 1957): startGetCallerInfo: query already done, returning CallerInfo
D/PhoneUtils( 1957): getCompactNameFromCallerInfo: info = 
D/PhoneUtils( 1957): name: null
D/PhoneUtils( 1957): phoneNumber: 888-322-1122
D/PhoneUtils( 1957): cnapName: null
D/PhoneUtils( 1957): numberPresentation: 1
D/PhoneUtils( 1957): namePresentation: 1
D/PhoneUtils( 1957): contactExits: false
D/PhoneUtils( 1957): phoneLabel: null
D/PhoneUtils( 1957): numberType: 0
D/PhoneUtils( 1957): numberLabel: null
D/PhoneUtils( 1957): photoResource: 0
D/PhoneUtils( 1957): person_id: 0
D/PhoneUtils( 1957): needUpdate: false
D/PhoneUtils( 1957): contactRefUri: null
D/PhoneUtils( 1957): contactRingtoneUri: null
D/PhoneUtils( 1957): shouldSendToVoicemail: false
D/PhoneUtils( 1957): cachedPhoto: null
D/PhoneUtils( 1957): isCachedPhotoCurrent: true
D/PhoneUtils( 1957): emergency: false
D/PhoneUtils( 1957): voicemail false
D/PhoneUtils( 1957): SnsStatus null
D/PhoneUtils( 1957): SnsAccount -1
D/PhoneUtils( 1957): modifyForSpecialCnapCases: initially, number=888-322-1122, presentation=1
D/PhoneUtils( 1957): checkCnapSpecialCases, normal str. number: 888-322-1122
D/PhoneUtils( 1957): modifyForSpecialCnapCases: returning number string=888-322-1122
D/PhoneUtils( 1957): getCompactNameFromCallerInfo: compactName=888-322-1122
D/NotificationMgr( 1957): - Updating expanded view: line 2 '888-322-1122'
D/NotificationMgr( 1957): Notifying IN_CALL_NOTIFICATION: Notification(vibrate=null,sound=null,defaults=0x0)
D/NotificationService( 1916): enqueueNotification :: mDisabledNotifications = 4
D/NotificationMgr( 1957): updateSpeakerNotification: speaker OFF (or not offhook)
D/NotificationMgr( 1957): updateMuteNotification: not muted (or not offhook)
D/PhoneUtils( 1957): ConnectionHandler: updating mute state for each connection
D/PhoneUtils( 1957): setAudioMode(MODE_IN_CALL)...
V/AudioService( 1916): audioservice: setMode stream 0
I/AudioPolicyManager( 1890): setStreamVolumeIndex() stream 0, index 5
I/AudioPolicyManager( 1890): setStreamVolume() for output 1 stream 0, volume 0.446684, delay 0
D/PhoneUtils( 1957): setMute: false
D/AudioHardwareALSA( 1890): ### earpiece route
D/AudioHardwareALSA( 1890): ### android::status_t android::AudioHardwareIPC::transmitVolumeIPC(uint32_t, float) 5
I/AudioPolicyManager( 1890): setStreamVolumeIndex() stream 8, index 15
I/AudioPolicyManager( 1890): setStreamVolumeIndex() stream 6, index 15
I/AudioPolicyManager( 1890): checkAndSetVolume() cannot set stream 6 volume with force use = 0 for comm
I/AudioPolicyManager( 1890): setOutputDevice() output 1 device 1 delayMs 0
I/AudioPolicyManager( 1890): setOutputDevice() setting same device 1 for output 1
I/AudioPolicyManager( 1890): setStreamVolume() for output 1 stream 0, volume 0.446684, delay 0
D/AudioHardwareALSA( 1890): ### earpiece route
D/AudioHardwareALSA( 1890): ### android::status_t android::AudioHardwareIPC::transmitVolumeIPC(uint32_t, float) 5
D/CallCard( 1957): updateState(Handler{457f5030})...
D/CallCard( 1957): updateForegroundCall()...
D/CallCard( 1957): displayMainCallStatus(phone Handler{457f5030}, call ACTIVE)...
D/CallCard( 1957):   - call.state: ACTIVE
D/CallCard( 1957): displayMainCallStatus: start periodicUpdateTimer
D/PHONE/CallTime( 1957): [CallTime] setActiveCallMode(ACTIVE)...
D/PHONE/CallTime( 1957): [CallTime] reset()...
D/PHONE/CallTime( 1957): [CallTime] periodicUpdateTimer() @ 17994651
D/PHONE/CallTime( 1957): [CallTime] updateElapsedTime, count=1, duration=380
I/AudioPolicyManager( 1890): setOutputDevice() output 1 device 1 delayMs 372
I/AudioPolicyManager( 1890): setOutputDevice() setting same device 1 for output 1
D/AudioHardwareALSA( 1890): [*] onRawReqComplete(): datalen(-1)
D/AudioHardwareALSA( 1890): [*] onRawReqComplete(): datalen(-1)
D/AudioHardwareALSA( 1890): codecOn
I/AudioHardwareALSA( 1890):  # mode: 2 / device: 0x1
I/AudioHardwareALSA( 1890): Initialized ALSA PLAYBACK device AndroidPlayback_Earpiece_incall
D/AudioHardwareALSA( 1890): Set PLAYBACK PCM format to S16_LE (Signed 16 bit Little Endian)
D/AudioHardwareALSA( 1890): Using 2 channels for PLAYBACK.
D/AudioHardwareALSA( 1890): Set PLAYBACK sample rate to 44100 HZ
D/AudioHardwareALSA( 1890): Buffer size: 4096
D/AudioHardwareALSA( 1890): Latency: 92879
D/PHONE/CallTime( 1957): [CallTime] startMinuteMinderAlarm: minuteMinderTone = 0
D/CallCard( 1957): updateCardTitleWidgets(call ACTIVE)...
D/PHONE/CallTime( 1957): [CallTime] updateElapsedTime, count=1, duration=439
D/CallCard( 1957): - getTitleForCallCard(Call ACTIVE)...
D/CallCard( 1957):   ==> result: Current call
D/CallCard( 1957): updateCardTitleWidgets: Current call
D/CallCard( 1957): foreCall stateACTIVE
D/CallCard( 1957): foreCall connections size1
D/CallCard( 1957): backCall stateIDLE
D/CallCard( 1957): backCall connections size0
D/CallCard( 1957): displayMainCallStatus: Update onscreen info for a regular call
D/CallCard( 1957):   - CONN:  incoming: false state: ACTIVE post dial state: COMPLETE, state = ACTIVE
D/CallCard( 1957): - displayMainCallStatus: updatedNumber = 8883221122
D/CallCard( 1957): - displayMainCallStatus: starting CallerInfo query...
D/PhoneUtils( 1957): startGetCallerInfo: query already done, returning CallerInfo
D/CallCard( 1957): updateDisplayForPerson(
D/CallCard( 1957): name: null
D/CallCard( 1957): phoneNumber: 888-322-1122
D/CallCard( 1957): cnapName: null
D/CallCard( 1957): numberPresentation: 1
D/CallCard( 1957): namePresentation: 1
D/CallCard( 1957): contactExits: false
D/CallCard( 1957): phoneLabel: null
D/CallCard( 1957): numberType: 0
D/CallCard( 1957): numberLabel: null
D/CallCard( 1957): photoResource: 0
D/CallCard( 1957): person_id: 0
D/CallCard( 1957): needUpdate: false
D/CallCard( 1957): contactRefUri: null
D/CallCard( 1957): contactRingtoneUri: null
D/CallCard( 1957): shouldSendToVoicemail: false
D/CallCard( 1957): cachedPhoto: null
D/CallCard( 1957): isCachedPhotoCurrent: true
D/CallCard( 1957): emergency: false
D/CallCard( 1957): voicemail false
D/CallCard( 1957): SnsStatus null
D/CallCard( 1957): SnsAccount -1)
D/CallCard( 1957): presentation:1 isTemporary:false
D/CallCard( 1957): updatePhotoForCallState(ACTIVE)...
D/CallCard( 1957): displayOnHoldCallStatus(call =IDLE)...
I/ActivityThread( 3532): Publishing provider com.google.android.apps.uploader: com.google.android.apps.uploader.common.UploadsContentProvider
D/InCallScreen( 1957): [okToDialDTMFTones] foreground state: ACTIVE, ringing state: false, call screen mode: NORMAL, result: true
D/InCallTouchUi( 1957): updateState(Handler{457f5030})...
D/InCallTouchUi( 1957): - updateState: phone state is OFFHOOK
D/InCallScreen( 1957): isBluetoothAvailable()...
D/InCallScreen( 1957):   - headset state = 0
D/InCallScreen( 1957):   - headset address: null
D/InCallScreen( 1957):   ==> false
D/InCallScreen( 1957): [okToDialDTMFTones] foreground state: ACTIVE, ringing state: false, call screen mode: NORMAL, result: true
D/InCallScreen( 1957): updateProviderOverlay: false
D/PhoneApp( 1957): pokeUserActivity()...
D/PhoneApp( 1957): setScreenTimeout(MEDIUM)...
D/PhoneApp( 1957): PhoneAPP :: Update Wake Call : false
D/PhoneApp( 1957): requestWakeState(SCREEN_DIM)...
I/ActivityThread( 3532): Publishing provider com.google.photos.provider.Album: com.google.android.apps.uploader.picasa.AlbumProvider
