D/CallNotifier( 1957): onDisconnect()...  phone state: IDLE
I/UsageStats( 1916): Unexpected resume of com.android.phone while already resumed in com.android.phone
W/System.err( 3440): java.net.SocketException: Network unreachable
I/HardwareService( 1916): SLight 2
D/PhoneApp( 1957): - isOtaCallInActiveState false
D/CallNotifier( 1957): - need to play CALL_ENDED tone!
I/HardwareService( 1916): SLight 3
I/AudioPolicyManager( 1890): setOutputDevice() output 1 device 1 delayMs 0
I/AudioPolicyManager( 1890): setOutputDevice() setting same device 1 for output 1
I/AudioPolicyManager( 1890): setStreamVolume() for output 1 stream 0, volume 0.446684, delay 0
D/AudioHardwareALSA( 1890): ### earpiece route
D/AudioHardwareALSA( 1890): ### android::status_t android::AudioHardwareIPC::transmitVolumeIPC(uint32_t, float) 5
I/HardwareService( 1916): SLight 4
I/HardwareService( 1916): SLight 5
I/MediaPlayerService( 1890): Create new client(16) from pid 1957, fd=32, offset=1498884, length=9580
I/HardwareService( 1916): SLight 6
I/AudioPolicyManager( 1890): setOutputDevice() output 1 device 1 delayMs 372
I/AudioPolicyManager( 1890): setOutputDevice() setting same device 1 for output 1
D/AudioHardwareALSA( 1890): [*] onRawReqComplete(): datalen(-1)
I/HardwareService( 1916): SLight 7
I/HardwareService( 1916): SLight 8
I/HardwareService( 1916): SLight 9
D/AudioHardwareALSA( 1890): codecOn
I/AudioHardwareALSA( 1890):  # mode: 2 / device: 0x1
I/HardwareService( 1916): SLight 10
W/System.err( 3440): 	at org.apache.harmony.luni.platform.OSNetworkSystem.connectSocketImpl(Native Method)
W/System.err( 3440): 	at org.apache.harmony.luni.platform.OSNetworkSystem.connect(OSNetworkSystem.java:114)
W/System.err( 3440): 	at org.apache.harmony.luni.net.PlainSocketImpl.connect(PlainSocketImpl.java:245)
I/AudioHardwareALSA( 1890): Initialized ALSA PLAYBACK device AndroidPlayback_Earpiece_incall
D/AudioHardwareALSA( 1890): Set PLAYBACK PCM format to S16_LE (Signed 16 bit Little Endian)
D/AudioHardwareALSA( 1890): Using 2 channels for PLAYBACK.
D/AudioHardwareALSA( 1890): Set PLAYBACK sample rate to 44100 HZ
D/AudioHardwareALSA( 1890): Buffer size: 4096
D/AudioHardwareALSA( 1890): Latency: 92879
W/System.err( 3440): 	at org.apache.harmony.luni.net.PlainSocketImpl.connect(PlainSocketImpl.java:535)
W/System.err( 3440): 	at java.net.Socket.connect(Socket.java:1071)
W/System.err( 3440): 	at org.apache.harmony.luni.internal.net.www.protocol.http.HttpConnection.<init>(HttpConnection.java:62)
W/System.err( 3440): 	at org.apache.harmony.luni.internal.net.www.protocol.http.HttpConnectionManager$ConnectionPool.getHttpConnection(HttpConnectionManager.java:145)
W/System.err( 3440): 	at org.apache.harmony.luni.internal.net.www.protocol.http.HttpConnectionManager.getConnection(HttpConnectionManager.java:67)
W/System.err( 3440): 	at org.apache.harmony.luni.internal.net.www.protocol.http.HttpURLConnection.getHTTPConnection(HttpURLConnection.java:821)
W/System.err( 3440): 	at org.apache.harmony.luni.internal.net.www.protocol.http.HttpURLConnection.connect(HttpURLConnection.java:807)
W/System.err( 3440): 	at org.apache.harmony.luni.internal.net.www.protocol.https.HttpsURLConnection$HttpsEngine.connect(HttpsURLConnection.java:395)
W/System.err( 3440): 	at org.apache.harmony.luni.internal.net.www.protocol.http.HttpURLConnection.getOutputStream(HttpURLConnection.java:1150)
W/System.err( 3440): 	at org.apache.harmony.luni.internal.net.www.protocol.https.HttpsURLConnection.getOutputStream(HttpsURLConnection.java:262)
W/System.err( 3440): 	at com.jaygoel.virginminuteschecker.WebsiteScraper.fetchScreen(WebsiteScraper.java:62)
W/System.err( 3440): 	at com.drfloob.VirginMobileMinutesChecker.call_trigger.MinutesService.update(MinutesService.java:124)
W/System.err( 3440): 	at com.drfloob.VirginMobileMinutesChecker.call_trigger.MinutesService.onStartCommand(MinutesService.java:55)
W/System.err( 3440): 	at android.app.ActivityThread.handleServiceArgs(ActivityThread.java:2873)
W/System.err( 3440): 	at android.app.ActivityThread.access$3500(ActivityThread.java:119)
W/System.err( 3440): 	at android.app.ActivityThread$H.handleMessage(ActivityThread.java:1926)
W/System.err( 3440): 	at android.os.Handler.dispatchMessage(Handler.java:99)
W/System.err( 3440): 	at android.os.Looper.loop(Looper.java:123)
W/System.err( 3440): 	at android.app.ActivityThread.main(ActivityThread.java:4363)
W/System.err( 3440): 	at java.lang.reflect.Method.invokeNative(Native Method)
W/System.err( 3440): 	at java.lang.reflect.Method.invoke(Method.java:521)
W/System.err( 3440): 	at com.android.internal.os.ZygoteInit$MethodAndArgsCaller.run(ZygoteInit.java:862)
W/System.err( 3440): 	at com.android.internal.os.ZygoteInit.main(ZygoteInit.java:620)
W/System.err( 3440): 	at dalvik.system.NativeStart.main(Native Method)
I/NotificationService( 1916): enqueueToast pkg=com.jaygoel.virginminuteschecker callback=android.app.ITransientNotification$Stub$Proxy@45bcb108 duration=0
W/PowerManagerService( 1916): FinishAnimation targetValue=20
E/        ( 1890): SISO TEST registering PVMFRecognizerPluginFactory
E/        ( 1890): SISO TEST registering PVMFRecognizerPluginFactory success
E/        ( 1890): SISO TEST PVOMA1FFRecognizerFactory::CreateRecognizerPlugin()
E/        ( 1890): SISO TEST PVOMA1FFRecognizerFactory::CreateRecognizerPlugin() plugin found
E/        ( 1890): SISO TEST PVOMA1FFRecognizerFactory::DestroyRecognizerPlugin()
E/        ( 1890): SISO TEST PVOMA1FFRecognizerFactory::CreateRecognizerPlugin()
E/        ( 1890): SISO TEST PVOMA1FFRecognizerFactory::CreateRecognizerPlugin() plugin found
E/        ( 1890): PVFile::GetFileName
E/        ( 1890): SISO TEST PVOMA1FFRecognizerFactory::DestroyRecognizerPlugin()
E/        ( 1890): SISO TEST:  registering the factory
E/        ( 1890): PVMFCPMKmjPlugInWMDRM:CreatePlugIn() In
E/        ( 1890): PVMFCPMKmjPlugInWMDRM:PVMFCPMKmjPlugInWMDRM() In
E/        ( 1890): PVMFCPMKmjPlugInWMDRM:ThreadLogon() In
E/        ( 1890): PVMFCPMKmjPlugInWMDRM:Init() In
E/        ( 1890): PVMFCPMKmjPlugInWMDRM:QueueCommandL() In
E/        ( 1890): PVMFCPMKmjPlugInWMDRM:Run() In
E/        ( 1890): PVMFCPMKmjPlugInWMDRM:ProcessCommand() In CmdID:: 13
E/        ( 1890): PVMFCPMKmjPlugInWMDRM:DoInit() In
E/        ( 1890): PVMFCPMKmjPlugInWMDRM:CommandComplete() In
E/        ( 1890): PVMFCPMKmjPlugInWMDRM:QueryInterface() In
E/        ( 1890): PVMFCPMKmjPlugInWMDRM:QueueCommandL() In
E/        ( 1890): PVMFCPMKmjPlugInWMDRM:Run() In
E/        ( 1890): PVMFCPMKmjPlugInWMDRM:ProcessCommand() In CmdID:: 1
E/        ( 1890): PVMFCPMKmjPlugInWMDRM:DoQueryInterface() In
E/        ( 1890): PVMFCPMKmjPlugInWMDRM:queryInterface() In
E/        ( 1890): PVMFCPMKmjPlugInWMDRM:CommandComplete() In
E/        ( 1890): PVMFCPMKmjPlugInWMDRM:QueryInterface() In
E/        ( 1890): PVMFCPMKmjPlugInWMDRM:QueueCommandL() In
E/        ( 1890): PVMFCPMKmjPlugInWMDRM:Run() In
E/        ( 1890): PVMFCPMKmjPlugInWMDRM:ProcessCommand() In CmdID:: 1
E/        ( 1890): PVMFCPMKmjPlugInWMDRM:DoQueryInterface() In
E/        ( 1890): PVMFCPMKmjPlugInWMDRM:queryInterface() In
E/        ( 1890): PVMFCPMKmjPlugInWMDRM:CommandComplete() In
E/        ( 1890): PVMFCPMKmjPlugInWMDRM:QueryInterface() In
E/        ( 1890): PVMFCPMKmjPlugInWMDRM:QueueCommandL() In
E/        ( 1890): PVMFCPMKmjPlugInWMDRM:Run() In
E/        ( 1890): PVMFCPMKmjPlugInWMDRM:ProcessCommand() In CmdID:: 1
E/        ( 1890): PVMFCPMKmjPlugInWMDRM:DoQueryInterface() In
E/        ( 1890): PVMFCPMKmjPlugInWMDRM:queryInterface() In
E/        ( 1890): PVMFCPMKmjPlugInWMDRM:CommandComplete() In
E/        ( 1890): PVMFCPMKmjPlugInWMDRM:AuthenticateUser() In
E/        ( 1890): PVMFCPMKmjPlugInWMDRM:QueueCommandL() In
E/        ( 1890): PVMFCPMKmjPlugInWMDRM:Run() In
E/        ( 1890): PVMFCPMKmjPlugInWMDRM:ProcessCommand() In CmdID:: 15
E/        ( 1890): PVMFCPMKmjPlugInWMDRM:DoAuthenticate() In
E/        ( 1890): PVMFCPMKmjPlugInWMDRM:CommandComplete() In
I/ActivityManager( 1916): Starting activity: Intent { flg=0x10000000 cmp=com.jaygoel.virginminuteschecker/.ViewMinutes }
E/        ( 1890): PVMFCPMKmjPlugInWMDRM:SetSourceInitializationData in
E/        ( 1890): Before WMDRM_Engine_UnInitialize_DRMEngine
E/        ( 1890): Before WMDRM_Engine_Check_FileType
E/        ( 1890): Could not open file [sharedfd://36:1498884:9580] 
E/        ( 1890): A4 WMDRM_Engine_Check_FileType retErr is[1]
E/        ( 1890): File is not a DRM File nor an ASF File
D/        ( 1890): PV_Wav_Parser::InitWavParser
D/        ( 1890): File open Succes
D/        ( 1890): File SEEK End Succes
D/        ( 1890): filesize = 9580
D/        ( 1890): File SEEK Start Succes
D/        ( 1890): PV_Wav_Parser::ReadData
D/        ( 1890): Data Read buff = RIFFd%
D/        ( 1890): Data Read = RIFFd%
D/        ( 1890): PV_Wav_Parser::ReadData
D/        ( 1890): Data Read buff = fmt 
D/        ( 1890): fmt  chunk  found
D/        ( 1890): PV_Wav_Parser::ReadData
D/        ( 1890): Data Read buff = 
D/        ( 1890): PV_Wav_Parser::ReadData
D/        ( 1890): Data Read buff = data@%
D/        ( 1890): PVWAVPARSER_OK
D/        ( 1890): aInfo.AudioFormat = 1
D/        ( 1890): aInfo.NumChannels = 1
D/        ( 1890): aInfo.SampleRate = 8000
D/        ( 1890): aInfo.ByteRate = 16000
D/        ( 1890): aInfo.BlockAlign = 2
D/        ( 1890): aInfo.BitsPerSample = 16
D/        ( 1890): aInfo.BytesPerSample = 2
D/        ( 1890): aInfo.NumSamples = 4768
D/        ( 1890): PV_Wav_Parser::ReadData
D/        ( 1890): Data Read buff = 
D/        ( 1890): PV_Wav_Parser::ReadData
D/        ( 1890): Data Read buff = Hb
D/        ( 1890): "A/`2&2F*Q4(""-C$;]9
W/MediaPlayer( 1957): info/warning (1, 44)
D/        ( 1890): PV_Wav_Parser::ReadData
D/        ( 1890): Data Read buff = c 22Qsq/E8,*pm9G?+1+%9=r8>$5#0"P]$/({
D/        ( 1890): PV_Wav_Parser::ReadData
D/        ( 1890): Data Read buff = 6jb[$+P*!-j5Q7"K*)!	Ra*;&(#{ArF$'2#4
D/        ( 1890): Y9yg%W$U
D/        ( 1890): SGbUy$T$
D/        ( 1890): PV_Wav_Parser::ReadData
D/        ( 1890): Data Read buff = {
D/        ( 1890): PV_Wav_Parser::ReadData
D/        ( 1890): Data Read buff = n
D/PhoneUtils( 1957): playCallEndTone : excuted
D/NotificationMgr( 1957): cancelCallInProgressNotification()...
D/NotificationMgr( 1957): cancelCallInProgressNotification: 17301636
D/NotificationMgr( 1957): cancelInCall()...
D/CallNotifier( 1957): onDisconnect: force InCallScreen to finish()
I/ActivityManager( 1916): moveTaskToBack: 14
D/CallNotifier( 1957): - callLogType: 2, UserData: 
D/CallNotifier( 1957): name: null
D/CallNotifier( 1957): phoneNumber: 888-322-1122
D/CallNotifier( 1957): cnapName: null
D/CallNotifier( 1957): numberPresentation: 1
D/CallNotifier( 1957): namePresentation: 1
D/CallNotifier( 1957): contactExits: false
D/CallNotifier( 1957): phoneLabel: null
D/CallNotifier( 1957): numberType: 0
D/CallNotifier( 1957): numberLabel: null
D/CallNotifier( 1957): photoResource: 0
D/CallNotifier( 1957): person_id: 0
D/CallNotifier( 1957): needUpdate: false
D/CallNotifier( 1957): contactRefUri: null
D/CallNotifier( 1957): contactRingtoneUri: null
D/CallNotifier( 1957): shouldSendToVoicemail: false
D/CallNotifier( 1957): cachedPhoto: null
D/CallNotifier( 1957): isCachedPhotoCurrent: true
D/CallNotifier( 1957): emergency: false
D/CallNotifier( 1957): voicemail false
D/CallNotifier( 1957): SnsStatus null
D/CallNotifier( 1957): SnsAccount -1
D/PhoneUtils( 1957): modifyForSpecialCnapCases: initially, number=888-322-1122, presentation=1
D/PhoneUtils( 1957): checkCnapSpecialCases, normal str. number: 888-322-1122
D/PhoneUtils( 1957): modifyForSpecialCnapCases: returning number string=888-322-1122
D/CallNotifier( 1957): getLogNumber: 888-322-1122
D/CallNotifier( 1957): - Updating call log : Voice call
I/AudioPolicyManager( 1890): setOutputDevice() output 1 device 1 delayMs 0
I/AudioPolicyManager( 1890): setOutputDevice() setting same device 1 for output 1
I/AudioPolicyManager( 1890): setStreamVolume() for output 1 stream 0, volume 0.446684, delay 0
D/AudioHardwareALSA( 1890): ### earpiece route
D/AudioHardwareALSA( 1890): ### android::status_t android::AudioHardwareIPC::transmitVolumeIPC(uint32_t, float) 5
D/AudioHardwareALSA( 1890): [*] onRawReqComplete(): datalen(-1)
I/AudioPolicyManager( 1890): setOutputDevice() output 1 device 1 delayMs 372
I/AudioPolicyManager( 1890): setOutputDevice() setting same device 1 for output 1
I/LogsProvider( 2043): insert data - logtype : 100 number : 888-322-1122 contactid : 0 name : null messageid : null
W/ActivityManager( 1916): Activity pause timeout for HistoryRecord{45b72768 com.android.phone/.InCallScreen}
I/LogsProvider( 2043): delete : _id in (select _id from logs where logtype=100 OR logtype=500 ORDER BY date DESC limit -1 offset 500)
W/System.err( 3440): java.net.SocketException: Network unreachable
W/System.err( 3440): 	at org.apache.harmony.luni.platform.OSNetworkSystem.connectSocketImpl(Native Method)
W/System.err( 3440): 	at org.apache.harmony.luni.platform.OSNetworkSystem.connect(OSNetworkSystem.java:114)
W/System.err( 3440): 	at org.apache.harmony.luni.net.PlainSocketImpl.connect(PlainSocketImpl.java:245)
W/System.err( 3440): 	at org.apache.harmony.luni.net.PlainSocketImpl.connect(PlainSocketImpl.java:535)
W/System.err( 3440): 	at java.net.Socket.connect(Socket.java:1071)
W/System.err( 3440): 	at org.apache.harmony.luni.internal.net.www.protocol.http.HttpConnection.<init>(HttpConnection.java:62)
W/System.err( 3440): 	at org.apache.harmony.luni.internal.net.www.protocol.http.HttpConnectionManager$ConnectionPool.getHttpConnection(HttpConnectionManager.java:145)
W/System.err( 3440): 	at org.apache.harmony.luni.internal.net.www.protocol.http.HttpConnectionManager.getConnection(HttpConnectionManager.java:67)
W/System.err( 3440): 	at org.apache.harmony.luni.internal.net.www.protocol.http.HttpURLConnection.getHTTPConnection(HttpURLConnection.java:821)
W/System.err( 3440): 	at org.apache.harmony.luni.internal.net.www.protocol.http.HttpURLConnection.connect(HttpURLConnection.java:807)
W/System.err( 3440): 	at org.apache.harmony.luni.internal.net.www.protocol.https.HttpsURLConnection$HttpsEngine.connect(HttpsURLConnection.java:395)
W/System.err( 3440): 	at org.apache.harmony.luni.internal.net.www.protocol.http.HttpURLConnection.getOutputStream(HttpURLConnection.java:1150)
W/System.err( 3440): 	at org.apache.harmony.luni.internal.net.www.protocol.https.HttpsURLConnection.getOutputStream(HttpsURLConnection.java:262)
W/System.err( 3440): 	at com.jaygoel.virginminuteschecker.WebsiteScraper.fetchScreen(WebsiteScraper.java:62)
W/System.err( 3440): 	at com.jaygoel.virginminuteschecker.WebsiteScraper.getInfo(WebsiteScraper.java:204)
W/System.err( 3440): 	at com.jaygoel.virginminuteschecker.ViewMinutes.run(ViewMinutes.java:144)
W/System.err( 3440): 	at java.lang.Thread.run(Thread.java:1096)
I/NotificationService( 1916): enqueueToast pkg=com.jaygoel.virginminuteschecker callback=android.app.ITransientNotification$Stub$Proxy@459cc7d0 duration=0
I/ActivityManager( 1916): Displayed activity com.jaygoel.virginminuteschecker/.ViewMinutes: 335 ms (total 15636 ms)
I/LogsProvider( 2043): delete time : 428
D/CallNotifier( 1957): - NOT showing in-call screen; releasing wake locks!
D/PhoneApp( 1957): setScreenTimeout(DEFAULT)...
D/PhoneApp( 1957): PhoneAPP :: Update Wake Call : false
D/PhoneApp( 1957): pokeUserActivity()...
D/PhoneApp( 1957): requestWakeState(SLEEP)...
D/PhoneApp( 1957): updateProximitySensorMode: state = IDLE
D/PowerManagerService( 1916): disableProximityLockLocked
E/SensorManager( 1916): unregisterListener: com.android.server.PowerManagerService$8@457a77d0
D/Sensors ( 1916): sensors_control_activate open_akm fd = 114
D/Sensors ( 1916): close proximity sensor
D/Sensors ( 1916): sensors=00000002, real=00000002
D/DTMFTwelveKeyDialer( 1957): clearDigits()...
D/InCallScreen( 1957): - onDisconnect: delayed bailout...
D/InCallScreen( 1957): - onDisconnect: switching to 'Call ended' state...
D/InCallScreen( 1957): [okToDialDTMFTones] foreground state: DISCONNECTED, ringing state: false, call screen mode: CALL_ENDED, result: false
D/InCallTouchUi( 1957): updateState(Handler{457f5030})...
D/InCallTouchUi( 1957): - updateState: phone state is IDLE
D/InCallScreen( 1957): - onDisconnect: cleaning up after FG call disconnect...
D/TelephonyRegistry( 1916): notifyDataConnection: state=2 isDataConnectivityPossible=true reason=2GVoiceCallEnded
D/TelephonyRegistry( 1916): notifyDataConnection: apn=Sprint apnType=* interfaceName=ppp0
D/NetworkLocationProvider( 1916): onDataConnectionStateChanged 5
D/MobileDataStateTracker( 1916): default Received state= CONNECTED, old= SUSPENDED, reason= 2GVoiceCallEnded, apnTypeList= *
D/MobileDataStateTracker( 1916): MobileDataStateReceiver onReceive:
D/NetworkStateTracker( 1916): setDetailed state, old =SUSPENDED and new state=CONNECTED
D/ConnectivityService( 1916): ConnectivityChange for MOBILE: CONNECTED/CONNECTED
E/NetworkStateTracker( 1916): net.tcp.buffersize.evdo not found in system properties. Using defaults
V/NetworkStateTracker( 1916): Setting TCP values: [4096,87380,110208,4096,16384,110208] which comes from [net.tcp.buffersize.default]
D/MobileDataStateTracker( 1916): replacing old mInterfaceName (ppp0) with ppp0 for mms
D/MobileDataStateTracker( 1916): replacing old mInterfaceName (ppp0) with ppp0 for supl
D/ConnectivityService( 1916): adding dns 68.28.242.91 for MOBILE
D/MobileDataStateTracker( 1916): replacing old mInterfaceName (ppp0) with ppp0 for dun
D/PhoneApp( 1957): setIgnoreTouchUserActivity(true)...
D/MobileDataStateTracker( 1916): replacing old mInterfaceName (ppp0) with ppp0 for hipri
D/AGPSManagerService( 1916): state: CONNECTED apnName: Sprint reason: 2GVoiceCallEnded
D/KeyguardUpdateMonitor( 1916): received broadcast android.intent.action.BATTERY_CHANGED
D/ConnectivityService( 1916): adding dns 68.28.250.92 for MOBILE
D/KeyguardUpdateMonitor( 1916): getBatterInfo(android.intent.action.BATTERY_CHANGED)
D/KeyguardUpdateMonitor( 1916): getBatterInfo(2, 2, 2)
D/KeyguardUpdateMonitor( 1916): handleBatteryUpdate2
D/NetworkStateTracker( 1916): addDefaultRoute for MOBILE (ppp0), GatewayAddr=1173429316 mDefaultRouteSet=false
I/StatusBarPolicy( 1916): battery level:98 lowBatteryWaringLevel:15 plugged:true fullBatteryNotify:false isCharging:2
I/StatusBarPolicy( 1916): com.jaygoel.virginminuteschecker.ViewMinutes
I/StatusBarPolicy( 1916): isScreenOn true
D/NetworkStateTracker( 1916): addDefaultRoute for MOBILE (ppp0), GatewayAddr=1173429316
D/InCallScreen( 1957): isBluetoothAudioConnected: ==> isAudioOn = false
D/InCallScreen( 1957): [okToDialDTMFTones] foreground state: DISCONNECTED, ringing state: false, call screen mode: NORMAL, result: false
D/InCallTouchUi( 1957): updateState(Handler{457f5030})...
I/StatusBarPolicy( 1916): BAT. status:2 health:2
D/InCallScreen( 1957): ============== dumpBluetoothState() =============
D/InCallScreen( 1957): isBluetoothAvailable()...
D/InCallScreen( 1957):   - headset state = 0
D/InCallScreen( 1957):   - headset address: null
D/InCallScreen( 1957):   ==> false
D/InCallScreen( 1957): = isBluetoothAvailable: false
D/InCallScreen( 1957): isBluetoothAudioConnected: ==> isAudioOn = false
D/InCallScreen( 1957): = isBluetoothAudioConnected: false
D/InCallScreen( 1957): isBluetoothAudioConnected: ==> isAudioOn = false
D/InCallScreen( 1957): isBluetoothAudioConnectedOrPending: ==> FALSE
D/InCallScreen( 1957): = isBluetoothAudioConnectedOrPending: false
D/InCallScreen( 1957): = PhoneApp.showBluetoothIndication: false
D/InCallScreen( 1957): =
D/InCallScreen( 1957): = BluetoothHandsfree.isAudioOn: false
D/ConnectivityService( 1916): net.connectivity.type CDMA1
D/ConnectivityService( 1916): setConnectivitySystemProperty : CDMA1
D/InCallScreen( 1957): = BluetoothHeadset.getCurrentHeadset: null
D/InCallScreen( 1957): syncWithPhoneState: it's ok to be here; update the screen...
D/CallCard( 1957): updateState(Handler{457f5030})...
D/GpsLocationProvider( 1916): updateNetworkState available info: NetworkInfo: type: MOBILE[CDMA - EvDo rev. 0], state: CONNECTED/CONNECTED, reason: 2GVoiceCallEnded, extra: Sprint, roaming: false, failover: false, isAvailable: true
D/GpsLocationProvider( 1916): NetworkThread wait for 68199ms
D/CallCard( 1957): updateNoCall()...
D/CallCard( 1957): displayMainCallStatus(phone Handler{457f5030}, call null)...
D/CallCard( 1957): displayOnHoldCallStatus(call =null)...
D/InCallScreen( 1957): [okToDialDTMFTones] foreground state: IDLE, ringing state: false, call screen mode: NORMAL, result: false
D/InCallTouchUi( 1957): updateState(Handler{457f5030})...
D/InCallScreen( 1957): updateProviderOverlay: false
D/PhoneApp( 1957): - preventScreenOn(false)...
D/power   ( 1916): Setting LCD to on
D/PhoneApp( 1957): setScreenTimeout(MEDIUM)...
D/PhoneApp( 1957): PhoneAPP :: Update Wake Call : false
D/PhoneApp( 1957): pokeUserActivity()...
D/PhoneApp( 1957): requestWakeState(SLEEP)...
D/InCallScreen( 1957): enableTouchLock(false)...
D/EndCallButtonsView( 1957): EndCallButtonsView : connection is NullPointer at updateState
D/DTMFTwelveKeyDialer( 1957): relinkContols
D/DTMFTwelveKeyDialer( 1957): clearDigits()...
D/InCallScreen( 1957): onResume() done.
D/PHONE/CallTime( 1957): [CallTime] periodicUpdateTimer() @ 17917507
D/InCallScreen( 1957): updateProviderOverlay: false
D/PhoneApp( 1957): updateProximitySensorMode: state = IDLE
D/PhoneApp( 1957): updateProximitySensorMode: lock already released.
D/DTMFTwelveKeyDialer( 1957): Notifying dtmf key up.
I/ActivityManager( 1916): moveTaskToBack: 14
D/InCallScreen( 1957): dismissMenu(immediate = true)...
D/SystemClock( 1957): Setting time of day to sec=1299555419
I/MediaPlayer( 1957): Info (1,44)
D/InCallScreen( 1957): onWindowFocusChanged(false)...
D/InCallScreen( 1957): - onWindowFocusChanged: faking onDialerKeyUp()...
D/DTMFTwelveKeyDialer( 1957): Notifying dtmf key up.
D/        ( 1890): PV_Wav_Parser::~PV_Wav_Parser
D/PhoneUtils( 1957): call disconnect tone - excuted
D/CallNotifier( 1957): resetAudioStateAfterDisconnect()...
D/BT HS/HF( 1957): audioOff(): mPendingSco: false, mConnectedSco: null, mOutgoingSco: null, mA2dpState: 0, mA2dpSuspended: false
D/PhoneUtils( 1957): turnOnSpeaker(flag=false, store=true)...
I/AudioPolicyManager( 1890): setForceUse() usage 0, config 0, mPhoneState 2
I/AudioPolicyManager( 1890): setOutputDevice() output 1 device 1 delayMs 0
I/AudioPolicyManager( 1890): setOutputDevice() setting same device 1 for output 1
D/PhoneApp( 1957): setScreenTimeout(DEFAULT)...
D/PhoneApp( 1957): PhoneAPP :: Update Wake Call : false
D/PhoneApp( 1957): pokeUserActivity()...
D/PhoneApp( 1957): requestWakeState(SLEEP)...
D/PhoneApp( 1957): updateProximitySensorMode: state = IDLE
D/PhoneApp( 1957): updateProximitySensorMode: lock already released.
D/PhoneUtils( 1957): setAudioMode(MODE_NORMAL)...
D/AudioHardwareALSA( 1890): setMode(2 -> 0)
W/AudioPolicyManager( 1890): setPhoneState() state 0 // mPhoneState 2
I/AudioPolicyManager( 1890): setOutputDevice() output 1 device 2 delayMs 0
I/AudioHardwareALSA( 1890):  # mode: 0 / device: 0x2
I/AudioHardwareALSA( 1890): Initialized ALSA PLAYBACK device AndroidPlayback_Speaker_normal
D/AudioHardwareALSA( 1890): Set PLAYBACK PCM format to S16_LE (Signed 16 bit Little Endian)
D/AudioHardwareALSA( 1890): Using 2 channels for PLAYBACK.
D/AudioHardwareALSA( 1890): Set PLAYBACK sample rate to 44100 HZ
D/AudioHardwareALSA( 1890): Buffer size: 4096
D/AudioHardwareALSA( 1890): Latency: 92879
I/AudioPolicyManager( 1890): setStreamVolume() for output 1 stream 0, volume 0.446684, delay 0
I/AudioPolicyManager( 1890): setStreamVolume() for output 1 stream 1, volume 0.668344, delay 0
I/AudioPolicyManager( 1890): setStreamVolume() for output 1 stream 2, volume 0.141254, delay 0
I/AudioPolicyManager( 1890): setStreamVolume() for output 1 stream 4, volume 0.446684, delay 0
I/AudioPolicyManager( 1890): setStreamVolume() for output 1 stream 5, volume 0.025119, delay 0
I/AudioPolicyManager( 1890): checkAndSetVolume() cannot set stream 6 volume with force use = 0 for comm
I/AudioPolicyManager( 1890): setStreamVolume() for output 1 stream 7, volume 1.000000, delay 0
I/AudioPolicyManager( 1890): setStreamVolume() for output 1 stream 8, volume 0.530884, delay 0
V/AudioService( 1916): Called!! AudioSystem.setPhoneState0
V/AudioService( 1916): audioservice: setMode stream 2
I/AudioPolicyManager( 1890): setStreamVolumeIndex() stream 2, index 5
D/PhoneUtils( 1957): setStreamVolume STREAM_MUSIC to restore!!
I/AudioPolicyManager( 1890): setStreamVolumeIndex() stream 3, index 8
I/AudioPolicyManager( 1890): setStreamVolume() for output 1 stream 3, volume 0.029854, delay 0
D/PhoneApp( 1957): mReceiver: ACTION_ANY_DATA_CONNECTION_STATE_CHANGED
D/PhoneApp( 1957): - state: CONNECTED
D/PhoneApp( 1957): - reason: 2GVoiceCallEnded
D/BT HS/HF( 1957): updatePhoneState() mPhone=IDLE, mFCall=IDLE, mBCall=IDLE, mRCall=IDLE, mCallsetup=0, callsetup=0, mCall=0, call=0, mCallheld=0, sendUpdate=false
I/AudioPolicyManager( 1890): setStreamVolumeIndex() stream 9, index 8
I/AudioPolicyManager( 1890): setStreamVolume() for output 1 stream 9, volume 0.047315, delay 0
D/BT HS/HF( 1957): audioOff(): mPendingSco: false, mConnectedSco: null, mOutgoingSco: null, mA2dpState: 0, mA2dpSuspended: false
D/CallNotifier( 1957): onPhoneStateChanged: state = IDLE
D/NotificationMgr( 1957): updating status bar state: 0
D/NotificationService( 1916): onSetDisabled :: mDisabledNotifications = 0
D/PhoneApp( 1957): updateProximitySensorMode: state = IDLE
D/PhoneApp( 1957): updateProximitySensorMode: lock already released.
D/PhoneApp( 1957): setScreenTimeout(DEFAULT)...
D/PhoneApp( 1957): PhoneAPP :: Update Wake Call : false
D/PhoneApp( 1957): pokeUserActivity()...
D/PhoneApp( 1957): requestWakeState(SLEEP)...
D/PhoneApp( 1957): updateProximitySensorMode: state = IDLE
D/PhoneApp( 1957): updateProximitySensorMode: lock already released.
D/PhoneUtils( 1957): ConnectionHandler: updating mute state for each connection
D/PhoneUtils( 1957): connection:  incoming: false state: DISCONNECTED post dial state: COMPLETEnot accounted for, removing.
D/PhoneUtils( 1957): setMute: false
D/PHONE/CallTime( 1957): [CallTime] cancelTimer()...
D/PhoneApp( 1957): setScreenTimeout(DEFAULT)...
D/PhoneApp( 1957): PhoneAPP :: Update Wake Call : false
D/PhoneApp( 1957): pokeUserActivity()...
D/PhoneApp( 1957): requestWakeState(SLEEP)...
D/PhoneApp( 1957): setScreenTimeout(DEFAULT)...
D/PhoneApp( 1957): PhoneAPP :: Update Wake Call : false
D/PhoneApp( 1957): pokeUserActivity()...
D/PhoneApp( 1957): requestWakeState(SLEEP)...
I/ActivityManager( 1916): moveTaskToBack: 14
D/PhoneApp( 1957): setScreenTimeout(DEFAULT)...
D/PhoneApp( 1957): PhoneAPP :: Update Wake Call : false
D/PhoneApp( 1957): pokeUserActivity()...
D/PhoneApp( 1957): requestWakeState(SLEEP)...
D/NotificationMgr( 1957): hideDataDisconnectedRoaming()...
D/PhoneApp( 1957): setIgnoreTouchUserActivity(false)...
W/CheckinService( 1916): Checkin interval too long: 535173
V/CheckinService( 1916): Disabling timed checkins (interval: 535173 secs)
D/KeyguardUpdateMonitor( 1916): received broadcast android.intent.action.TIME_SET
D/KeyguardUpdateMonitor( 1916): handleTimeUpdate
W/CheckinService( 1916): Checkin interval too long: 535173
V/CheckinService( 1916): Disabling timed checkins (interval: 535173 secs)
I/BluetoothService( 1916): Got Call State change - new call state = 0
E/Setting ( 1972): Intent Action android.intent.action.ACTION_POWER_CONNECTED
E/Setting ( 1972): Battery charging. plugType = 2
E/Setting ( 1972): Charging is of type USB= 2
E/Settings( 1972): [MTP] assume media player mode, USB is connected.
E/Setting ( 1972): USB debugging enabled
I/ActivityManager( 1916): Start proc android.process.media for broadcast com.android.providers.downloads/.DownloadReceiver: pid=3478 uid=10004 gids={1015, 2001, 3003, 1006}
I/ActivityManager( 1916): Process com.google.android.apps.uploader (pid 3463) has died.
I/Zygote  ( 3478): Zygote: pid 3478 has INTERNET permission, then set capability for CAP_NET_RAW(13), CAP_NET_ADMIN(12)
I/dalvikvm( 3478): Debugger thread not active, ignoring DDM send (t=0x41504e4d l=38)
D/dalvikvm( 1916): GC freed 11123 objects / 650680 bytes in 231ms
I/dalvikvm( 3478): Debugger thread not active, ignoring DDM send (t=0x41504e4d l=46)
I/ActivityThread( 3478): Publishing provider media: com.android.providers.media.MediaProvider
V/MediaProvider( 3478): Attached volume: internal
V/MediaProvider( 3478): /sdcard volume ID: 845439797
V/MediaProvider( 3478): Attached volume: external
I/ActivityThread( 3478): Publishing provider downloads: com.android.providers.downloads.DownloadProvider
I/ActivityThread( 3478): Publishing provider drm: com.android.providers.drm.DrmProvider
I/GTalkService( 1970): [ServiceAutoStarter] --- start GTalk service ---
D/FREESPACE( 3028): Bytes to fill: 68419584
I/ActivityManager( 1916): Start proc com.google.android.apps.uploader for broadcast com.google.android.apps.uploader/.common.ConnectivityBroadcastReceiver: pid=3487 uid=10046 gids={3003}
I/Zygote  ( 3487): Zygote: pid 3487 has INTERNET permission, then set capability for CAP_NET_RAW(13), CAP_NET_ADMIN(12)
I/ActivityManager( 1916): Process com.android.alarmclock (pid 3318) has died.
I/System.out( 3028): interface name: null
D/        ( 3478): unable to rmdir '/cache/$RFS_LOG.LO$': Operation not permitted (errno=1)
I/ActivityThread( 3487): Publishing provider com.google.android.apps.uploader: com.google.android.apps.uploader.common.UploadsContentProvider
I/ActivityThread( 3487): Publishing provider com.google.photos.provider.Album: com.google.android.apps.uploader.picasa.AlbumProvider
D/MediaUploader( 3487): UploaderApplication.onCreate
I/MediaUploader( 3487): No need to wake up
I/ActivityManager( 1916): Start proc com.android.alarmclock for broadcast com.android.alarmclock/.AlarmInitReceiver: pid=3498 uid=10005 gids={}
I/dalvikvm( 3498): Debugger thread not active, ignoring DDM send (t=0x41504e4d l=38)
I/dalvikvm( 3498): Debugger thread not active, ignoring DDM send (t=0x41504e4d l=48)
I/ActivityThread( 3498): Publishing provider com.android.alarmclock: com.android.alarmclock.AlarmProvider
I/ActivityManager( 1916): Process com.google.android.apps.uploader (pid 3487) has died.
I/AudioHardwareALSA( 1890):  # mode: 0 / device: 0x2
I/AudioHardwareALSA( 1890): Initialized ALSA PLAYBACK device AndroidPlayback_Speaker_normal
D/AudioHardwareALSA( 1890): Set PLAYBACK PCM format to S16_LE (Signed 16 bit Little Endian)
D/AudioHardwareALSA( 1890): Using 2 channels for PLAYBACK.
D/AudioHardwareALSA( 1890): Set PLAYBACK sample rate to 44100 HZ
D/AudioHardwareALSA( 1890): Buffer size: 4096
D/AudioHardwareALSA( 1890): Latency: 92879
D/AudioHardwareALSA( 1890): codecOff
V/SettingsProvider( 1916): system <- value= name=next_alarm_formatted
V/SettingsProvider( 1916): property: sys.settings_system_version=117
W/BackupManagerService( 1916): dataChanged but no participant pkg='com.android.providers.settings' uid=10005
D/InCallScreen( 1957): delayedCleanupAfterDisconnect()...  Phone state = IDLE
D/BT HS/HF( 1957): updatePhoneState() mPhone=IDLE, mFCall=IDLE, mBCall=IDLE, mRCall=IDLE, mCallsetup=0, callsetup=0, mCall=0, call=0, mCallheld=0, sendUpdate=false
D/CallNotifier( 1957): onPhoneStateChanged: state = IDLE
D/PhoneApp( 1957): updateProximitySensorMode: state = IDLE
D/PhoneApp( 1957): updateProximitySensorMode: lock already released.
D/PhoneApp( 1957): setScreenTimeout(DEFAULT)...
D/PhoneApp( 1957): PhoneAPP :: Update Wake Call : false
D/PhoneApp( 1957): pokeUserActivity()...
D/PhoneApp( 1957): requestWakeState(SLEEP)...
D/PhoneUtils( 1957): ConnectionHandler: updating mute state for each connection
D/PhoneUtils( 1957): setMute: false
V/SettingsProvider( 1916): notifying: content://settings/system/next_alarm_formatted
V/InputDevice( 1916): ID[0]=0 Dn (0=>1)
V/WindowManager( 1916): Dsptch 0 x134.4375 y140.33502 > Window{459db9c0 com.jaygoel.virginminuteschecker/com.jaygoel.virginminuteschecker.ViewMinutes paused=false}
V/InputDevice( 1916): ID[0]=0 Up (1=>0)
I/ActivityManager( 1916): Start proc com.android.calendar for broadcast com.android.calendar/.AlertReceiver: pid=3505 uid=10007 gids={3003}
V/WindowManager( 1916): Dsptch 1 x134.4375 y140.33502 > Window{459db9c0 com.jaygoel.virginminuteschecker/com.jaygoel.virginminuteschecker.ViewMinutes paused=false}
I/ActivityManager( 1916): Starting activity: Intent { cmp=com.jaygoel.virginminuteschecker/.MinutesChecker }
I/Zygote  ( 3505): Zygote: pid 3505 has INTERNET permission, then set capability for CAP_NET_RAW(13), CAP_NET_ADMIN(12)
I/dalvikvm( 3505): Debugger thread not active, ignoring DDM send (t=0x41504e4d l=38)
I/dalvikvm( 3505): Debugger thread not active, ignoring DDM send (t=0x41504e4d l=44)
D/dalvikvm( 3440): GC freed 3958 objects / 415968 bytes in 330ms
I/ActivityManager( 1916): Process com.android.alarmclock (pid 3498) has died.
D/OpenSSLSessionImpl( 3440): Freeing OpenSSL session
I/ActivityManager( 1916): Displayed activity com.jaygoel.virginminuteschecker/.MinutesChecker: 636 ms (total 636 ms)
I/ActivityThread( 3505): Publishing provider calendar: com.android.providers.calendar.CalendarProvider
I/ActivityManager( 1916): Process android.process.media (pid 3478) has died.
V/SettingsProvider( 1916): system <- value=5 name=volume_ring
V/SettingsProvider( 1916): property: sys.settings_system_version=118
V/SettingsProvider( 1916): notifying: content://settings/system/volume_ring
V/InputDevice( 1916): ID[0]=0 Dn (0=>1)
V/WindowManager( 1916): Dsptch 0 x160.32918 y153.61499 > Window{4587d8f0 com.jaygoel.virginminuteschecker/com.jaygoel.virginminuteschecker.MinutesChecker paused=false}
V/InputDevice( 1916): ID[0]=0 Up (1=>0)
V/WindowManager( 1916): Dsptch 1 x160.32918 y153.61499 > Window{4587d8f0 com.jaygoel.virginminuteschecker/com.jaygoel.virginminuteschecker.MinutesChecker paused=false}
I/FieldContext( 1955): Bundle = Bundle[{imeOptions=1073741830, packageName=com.jaygoel.virginminuteschecker, inputType=129, hint=, label=, fieldName=, fieldId=2131165185, singleLine=false}]
D/KeyguardUpdateMonitor( 1916): received broadcast android.intent.action.TIME_TICK
D/KeyguardUpdateMonitor( 1916): handleTimeUpdate
E/InputMethodService( 1955): MULTI TOUCH OFF
V/SettingsProvider( 1916): system <- value=5 name=volume_ring_last_audible
V/SettingsProvider( 1916): property: sys.settings_system_version=119
V/SettingsProvider( 1916): notifying: content://settings/system/volume_ring_last_audible
V/SettingsProvider( 1916): system <- value=8 name=volume_music
V/SettingsProvider( 1916): property: sys.settings_system_version=120
V/SettingsProvider( 1916): notifying: content://settings/system/volume_music
D/dalvikvm( 1955): GC freed 4381 objects / 288320 bytes in 372ms
V/SettingsProvider( 1916): system <- value=8 name=volume_music_last_audible
V/SettingsProvider( 1916): property: sys.settings_system_version=121
V/SettingsProvider( 1916): notifying: content://settings/system/volume_music_last_audible
I/CalendarProvider( 3505): deleteRowsForRemovedAccountstable=Events
I/CalendarProvider( 3505): deleteRowsForRemovedAccountstable=DeletedEvents
I/CalendarProvider( 3505): onAccountsChanged
I/CalendarProvider( 3505): onAccountsChanged name=gargoylemusic@gmail.com type=com.google
I/CalendarProvider( 3505): onAccountsChanged name=jpgoel@ncsu.edu type=com.google
I/CalendarProvider( 3505): deleteRowsForRemovedAccountstable=Calendars
I/BluetoothService( 1916): Received AVRCP_PASS_THROUGH_TIMEOUT message
V/InputDevice( 1916): ID[0]=0 Dn (0=>1)
V/WindowManager( 1916): Dsptch 0 x20.9125 y188.02252 > Window{45c971d8 InputMethod paused=false}
V/InputDevice( 1916): ID[0]=0 Up (1=>0)
V/WindowManager( 1916): Dsptch 1 x20.9125 y188.02252 > Window{45c971d8 InputMethod paused=false}
V/InputDevice( 1916): ID[0]=0 Dn (0=>1)
V/WindowManager( 1916): Dsptch 0 x121.49166 y44.382507 > Window{45c971d8 InputMethod paused=false}
V/InputDevice( 1916): ID[0]=0 Up (1=>0)
V/WindowManager( 1916): Dsptch 1 x120.495834 y44.382507 > Window{45c971d8 InputMethod paused=false}
D/dalvikvm( 1972): GC freed 212 objects / 9448 bytes in 198ms
I/POWER_OFF_TEST( 1916): mBatteryLevel = 98   mBatteryDecimalPoint = 60
D/dalvikvm( 1961): GC freed 9075 objects / 614152 bytes in 251ms
D/dalvikvm( 2043): GC freed 373 objects / 17896 bytes in 214ms
D/dalvikvm( 2211): GC freed 782 objects / 51480 bytes in 172ms
I/POWER_OFF_TEST( 1916): mBatteryLevel = 98   mBatteryDecimalPoint = 60
V/InputDevice( 1916): ID[0]=0 Dn (0=>1)
V/WindowManager( 1916): Dsptch 0 x183.23332 y45.380005 > Window{45c971d8 InputMethod paused=false}
V/InputDevice( 1916): ID[0]=0 Up (1=>0)
V/WindowManager( 1916): Dsptch 1 x183.23332 y45.380005 > Window{45c971d8 InputMethod paused=false}
V/InputDevice( 1916): ID[0]=0 Dn (0=>1)
V/WindowManager( 1916): Dsptch 0 x8.962501 y65.33002 > Window{45c971d8 InputMethod paused=false}
V/InputDevice( 1916): ID[0]=0 Up (1=>0)
V/WindowManager( 1916): Dsptch 1 x8.962501 y65.33002 > Window{45c971d8 InputMethod paused=false}
V/InputDevice( 1916): ID[0]=0 Dn (0=>1)
V/WindowManager( 1916): Dsptch 0 x71.700005 y49.369995 > Window{45c971d8 InputMethod paused=false}
V/InputDevice( 1916): ID[0]=0 Up (1=>0)
V/WindowManager( 1916): Dsptch 1 x71.700005 y49.369995 > Window{45c971d8 InputMethod paused=false}
V/InputDevice( 1916): ID[0]=0 Dn (0=>1)
V/WindowManager( 1916): Dsptch 0 x41.825 y57.349976 > Window{45c971d8 InputMethod paused=false}
V/InputDevice( 1916): ID[0]=0 Up (1=>0)
V/WindowManager( 1916): Dsptch 1 x41.825 y57.349976 > Window{45c971d8 InputMethod paused=false}
V/InputDevice( 1916): ID[0]=0 Dn (0=>1)
V/WindowManager( 1916): Dsptch 0 x9.958334 y64.33252 > Window{45c971d8 InputMethod paused=false}
V/InputDevice( 1916): ID[0]=0 Up (1=>0)
V/WindowManager( 1916): Dsptch 1 x9.958334 y64.33252 > Window{45c971d8 InputMethod paused=false}
V/InputDevice( 1916): ID[0]=0 Dn (0=>1)
V/WindowManager( 1916): Dsptch 0 x19.916668 y179.54999 > Window{4587d8f0 com.jaygoel.virginminuteschecker/com.jaygoel.virginminuteschecker.MinutesChecker paused=false}
V/InputDevice( 1916): ID[0]=0 Up (1=>0)
V/WindowManager( 1916): Dsptch 1 x19.916668 y179.54999 > Window{4587d8f0 com.jaygoel.virginminuteschecker/com.jaygoel.virginminuteschecker.MinutesChecker paused=false}
D/DEBUG   ( 3440): in onActivityResult
D/DEBUG   ( 3440): login activity succeeded, continuing
D/KeyguardUpdateMonitor( 1916): received broadcast android.intent.action.BATTERY_CHANGED
D/KeyguardUpdateMonitor( 1916): getBatterInfo(android.intent.action.BATTERY_CHANGED)
D/KeyguardUpdateMonitor( 1916): getBatterInfo(2, 2, 2)
D/KeyguardUpdateMonitor( 1916): handleBatteryUpdate2
I/StatusBarPolicy( 1916): battery level:98 lowBatteryWaringLevel:15 plugged:true fullBatteryNotify:false isCharging:2
I/StatusBarPolicy( 1916): com.jaygoel.virginminuteschecker.ViewMinutes
I/StatusBarPolicy( 1916): isScreenOn true
E/Setting ( 1972): Intent Action android.intent.action.ACTION_POWER_CONNECTED
E/Setting ( 1972): Battery charging. plugType = 2
E/Setting ( 1972): Charging is of type USB= 2
E/Settings( 1972): [MTP] assume media player mode, USB is connected.
E/Setting ( 1972): USB debugging enabled
I/StatusBarPolicy( 1916): BAT. status:2 health:2
I/POWER_OFF_TEST( 1916): mBatteryLevel = 98   mBatteryDecimalPoint = 60
I/FieldContext( 1955): Bundle = Bundle[{imeOptions=0, hint=, label=, fieldName=, fieldId=-1, packageName=com.jaygoel.virginminuteschecker, inputType=0}]
D/dalvikvm( 1916): GC freed 8484 objects / 493184 bytes in 217ms
E/InputMethodService( 1955): MULTI TOUCH ON
D/KeyguardUpdateMonitor( 1916): received broadcast android.intent.action.BATTERY_CHANGED
D/KeyguardUpdateMonitor( 1916): getBatterInfo(android.intent.action.BATTERY_CHANGED)
D/KeyguardUpdateMonitor( 1916): getBatterInfo(2, 2, 2)
D/KeyguardUpdateMonitor( 1916): handleBatteryUpdate2
I/StatusBarPolicy( 1916): battery level:98 lowBatteryWaringLevel:15 plugged:true fullBatteryNotify:false isCharging:2
I/StatusBarPolicy( 1916): com.jaygoel.virginminuteschecker.ViewMinutes
I/StatusBarPolicy( 1916): isScreenOn true
I/StatusBarPolicy( 1916): BAT. status:2 health:2
E/Setting ( 1972): Intent Action android.intent.action.ACTION_POWER_CONNECTED
E/Setting ( 1972): Battery charging. plugType = 2
E/Setting ( 1972): Charging is of type USB= 2
E/Settings( 1972): [MTP] assume media player mode, USB is connected.
E/Setting ( 1972): USB debugging enabled
D/KeyguardUpdateMonitor( 1916): received broadcast android.intent.action.TIME_TICK
D/KeyguardUpdateMonitor( 1916): handleTimeUpdate
I/KeyInputQueue( 1916): Input event: dev=0x0 type=0x1 scancode=102 keycode=3 value=1
I/KeyInputQueue( 1916): Input event: dev=0x0 type=0x1 scancode=102 keycode=3 value=0
I/HardwareService( 1916): vibratorOff
I/HardwareService( 1916): vibratorOn
I/HardwareService( 1916): vibratorOff
I/ActivityManager( 1916): Starting activity: Intent { act=android.intent.action.MAIN cat=[android.intent.category.HOME] flg=0x10200000 cmp=com.android.launcher/.Launcher }
W/Resources( 1916): Converting to boolean: TypedValue{t=0x3/d=0xc50 "res/anim/accelerate_decelerate_interpolator.xml" a=1 r=0x10a0004}
W/Resources( 1916): Converting to boolean: TypedValue{t=0x3/d=0xc50 "res/anim/accelerate_decelerate_interpolator.xml" a=1 r=0x10a0004}
V/InputDevice( 1916): ID[0]=0 Dn (0=>1)
V/WindowManager( 1916): Dsptch 0 x106.55416 y53.865 > Window{45adf330 com.android.launcher/com.android.launcher.Launcher paused=false}
V/InputDevice( 1916): ID[0]=0 Up (1=>0)
V/WindowManager( 1916): Dsptch 1 x106.55416 y53.865 > Window{45adf330 com.android.launcher/com.android.launcher.Launcher paused=false}
I/ActivityManager( 1916): Starting activity: Intent { act=android.intent.action.MAIN cat=[android.intent.category.LAUNCHER] flg=0x10200000 cmp=com.sec.android.app.dialertab/.DialerTabActivity bnds=[62,29][118,88] }
D/Dailtacts( 1961): isLauncherIntent is true
W/AudioPolicyManager( 1890): [HJ] getSituationVolume() situation[0] 60.000000 // situation[1] 52.000000
W/Resources( 1916): Converting to boolean: TypedValue{t=0x3/d=0xc50 "res/anim/accelerate_decelerate_interpolator.xml" a=1 r=0x10a0004}
W/Resources( 1916): Converting to boolean: TypedValue{t=0x3/d=0xc50 "res/anim/accelerate_decelerate_interpolator.xml" a=1 r=0x10a0004}
D/GpsLocationProvider( 1916): NetworkThread out of wake loop
D/GpsLocationProvider( 1916): Requesting time from NTP server north-america.pool.ntp.org
V/InputDevice( 1916): ID[0]=0 Dn (0=>1)
V/WindowManager( 1916): Dsptch 0 x101.575005 y52.867496 > Window{45bd0670 com.sec.android.app.dialertab/com.sec.android.app.dialertab.DialerTabActivity paused=false}
V/InputDevice( 1916): ID[0]=0 Up (1=>0)
V/WindowManager( 1916): Dsptch 1 x101.575005 y52.867496 > Window{45bd0670 com.sec.android.app.dialertab/com.sec.android.app.dialertab.DialerTabActivity paused=false}
I/LogsListActivity( 1961): ..... Calling onStart .....
I/LogsListActivity( 1961): mCursor : 1167413232
I/LogsListActivity( 1961): new mCursor : 1168698336
I/CallLogCursor( 1961): close() : 1168980560
I/LogsListActivity( 1961): Calling onResume ... Calling setCallLogAdapter
E/TAG     ( 1961): selection : null
E/TAG     ( 1961): onQueryComplete
I/CallLogCursor( 1961): close() : 1168698336
I/POWER_OFF_TEST( 1916): mBatteryLevel = 98   mBatteryDecimalPoint = 60
V/InputDevice( 1916): ID[0]=0 Dn (0=>1)
V/WindowManager( 1916): Dsptch 0 x178.25417 y106.732506 > Window{45bd0670 com.sec.android.app.dialertab/com.sec.android.app.dialertab.DialerTabActivity paused=false}
V/InputDevice( 1916): ID[0]=0 Up (1=>0)
V/WindowManager( 1916): Dsptch 1 x178.25417 y106.732506 > Window{45bd0670 com.sec.android.app.dialertab/com.sec.android.app.dialertab.DialerTabActivity paused=false}
I/ActivityManager( 1916): Starting activity: Intent { cmp=com.sec.android.app.dialertab/.calllog.DetailViewActivity (has extras) }
I/LogsListActivity( 1961): ..... Calling onPause .....
D/dalvikvm( 1961): threadid=27 wakeup: interrupted
D/dalvikvm( 1961): GC freed 24549 objects / 1166520 bytes in 151ms
E/DetailViewActivity( 1961): email : null contact id : 0
I/ActivityManager( 1916): Displayed activity com.sec.android.app.dialertab/.calllog.DetailViewActivity: 523 ms (total 523 ms)
V/InputDevice( 1916): ID[0]=0 Dn (0=>1)
V/WindowManager( 1916): Dsptch 0 x136.42917 y99.75 > Window{459db9c0 com.sec.android.app.dialertab/com.sec.android.app.dialertab.calllog.DetailViewActivity paused=false}
V/InputDevice( 1916): ID[0]=0 Up (1=>0)
V/WindowManager( 1916): Dsptch 1 x136.42917 y99.75 > Window{459db9c0 com.sec.android.app.dialertab/com.sec.android.app.dialertab.calllog.DetailViewActivity paused=false}
I/ActivityManager( 1916): Starting activity: Intent { act=android.intent.action.CALL dat=tel:888-322-1122 flg=0x10000000 cmp=com.android.phone/.OutgoingCallBroadcaster (has extras) }
E/OutgoingCallBroadcaster( 1957): Value of callType from invoked applicationfalse
D/PhoneUtils( 1957): checkAndCopyPhoneProviderExtras: some or all extras are missing.
D/OutgoingCallBroadcaster( 1957): Inside VOICE CALL INTENT ACTION from Dialer for ARIES & APOLLO
D/OutgoingCallReceiver( 1957): Value of action in OutgoingCallReceiverandroid.intent.action.NEW_OUTGOING_CALL
D/OutgoingCallReceiver( 1957): Value of mCalltype1
D/PhoneUtils( 1957): checkAndCopyPhoneProviderExtras: some or all extras are missing.
D/OutgoingCallReceiver( 1957): Inside Voice call type
D/OutgoingCallReceiver( 1957): place call to 8883221122 - true
I/ActivityManager( 1916): Starting activity: Intent { act=android.intent.action.CALL dat=tel:8883221122 flg=0x10000000 cmp=com.android.phone/.InCallScreen (has extras) }
D/InCallScreen( 1957): placeCall()...  intent = Intent { act=android.intent.action.CALL dat=tel:8883221122 flg=0x10c00000 cmp=com.android.phone/.InCallScreen (has extras) }
D/InCallScreen( 1957): checkIfOkToInitiateOutgoingCall: ServiceState = 0
D/PhoneUtils( 1957): placeCall: '8883221122'...
D/DEBUG   ( 3440): CallEventReceiver Running
D/DEBUG   ( 3440): android.intent.action.PHONE_STATE
D/DEBUG   ( 3440): OFFHOOK
D/PhoneUtils( 1957): ===> phone.dial() returned:  incoming: false state: DIALING post dial state: NOT_STARTED
D/InCallScreen( 1957): placeCall: PhoneUtils.placeCall() succeeded for regular call '8883221122'.
D/DTMFTwelveKeyDialer( 1957): closeDialer()...
D/DTMFTwelveKeyDialer( 1957): clearDigits()...
D/PhoneApp( 1957): updateProximitySensorMode: state = OFFHOOK
D/PowerManagerService( 1916): enableProximityLockLocked
E/SensorManager( 1916): registerListener 5:GP2AP delay:10
D/Sensors ( 1916): sensors_control_activate open_akm fd = 114
D/Sensors ( 1916): opne proximity sensor
D/Sensors ( 1916): sensors_control_activate fd_proximity = 118
D/Sensors ( 1916): sensors=00000022, real=00000022
E/SensorManager( 1916): registerListener: com.android.server.PowerManagerService$8@457a77d0
D/PhoneApp( 1957): setIgnoreTouchUserActivity(true)...
D/InCallScreen( 1957): isBluetoothAudioConnected: ==> isAudioOn = false
D/InCallScreen( 1957): [okToDialDTMFTones] foreground state: DIALING, ringing state: false, call screen mode: NORMAL, result: false
D/InCallTouchUi( 1957): updateState(Handler{457f5030})...
D/InCallTouchUi( 1957): - updateState: phone state is OFFHOOK
D/InCallScreen( 1957): isBluetoothAvailable()...
D/InCallScreen( 1957):   - headset state = 0
D/InCallScreen( 1957):   - headset address: null
D/InCallScreen( 1957):   ==> false
D/InCallScreen( 1957): [okToDialDTMFTones] foreground state: DIALING, ringing state: false, call screen mode: NORMAL, result: false
D/InCallScreen( 1957): ============== dumpBluetoothState() =============
D/InCallScreen( 1957): isBluetoothAvailable()...
D/InCallScreen( 1957):   - headset state = 0
D/InCallScreen( 1957):   - headset address: null
D/InCallScreen( 1957):   ==> false
D/InCallScreen( 1957): = isBluetoothAvailable: false
D/InCallScreen( 1957): isBluetoothAudioConnected: ==> isAudioOn = false
D/InCallScreen( 1957): = isBluetoothAudioConnected: false
D/InCallScreen( 1957): isBluetoothAudioConnected: ==> isAudioOn = false
D/InCallScreen( 1957): isBluetoothAudioConnectedOrPending: ==> FALSE
D/InCallScreen( 1957): = isBluetoothAudioConnectedOrPending: false
D/InCallScreen( 1957): = PhoneApp.showBluetoothIndication: false
D/InCallScreen( 1957): =
D/InCallScreen( 1957): = BluetoothHandsfree.isAudioOn: false
D/InCallScreen( 1957): = BluetoothHeadset.getCurrentHeadset: null
D/InCallScreen( 1957): syncWithPhoneState: it's ok to be here; update the screen...
D/CallCard( 1957): updateState(Handler{457f5030})...
D/CallCard( 1957): updateForegroundCall()...
D/CallCard( 1957): displayMainCallStatus(phone Handler{457f5030}, call DIALING)...
D/CallCard( 1957):   - call.state: DIALING
D/PHONE/CallTime( 1957): [CallTime] cancelTimer()...
D/CallCard( 1957): updateCardTitleWidgets(call DIALING)...
D/PHONE/CallTime( 1957): [CallTime] updateElapsedTime, count=1, duration=0
D/CallCard( 1957): - getTitleForCallCard(Call DIALING)...
D/CallCard( 1957):   ==> result: Dialing...
D/CallCard( 1957): updateCardTitleWidgets: Dialing...
D/CallCard( 1957): foreCall stateDIALING
D/CallCard( 1957): foreCall connections size1
D/CallCard( 1957): backCall stateIDLE
D/CallCard( 1957): backCall connections size0
D/CallCard( 1957): displayMainCallStatus: Update onscreen info for a regular call
D/CallCard( 1957):   - CONN:  incoming: false state: DIALING post dial state: NOT_STARTED, state = DIALING
D/CallCard( 1957): - displayMainCallStatus: starting CallerInfo query...
D/PhoneUtils( 1957): startGetCallerInfo: number = 8883221122
D/PhoneUtils( 1957): startGetCallerInfo: CNAP Info from FW(1): name=null, Name/Number Pres=1
D/PhoneUtils( 1957): modifyForSpecialCnapCases: initially, number=8883221122, presentation=1
D/PhoneUtils( 1957): checkCnapSpecialCases, normal str. number: 8883221122
D/PhoneUtils( 1957): modifyForSpecialCnapCases: returning number string=8883221122
D/dalvikvm( 3440): GC freed 7731 objects / 547816 bytes in 235ms
D/DEBUG   ( 3440): in onStartCommand
