D/InCallScreen( 1957): [okToDialDTMFTones] foreground state: DIALING, ringing state: false, call screen mode: NORMAL, result: false
D/InCallScreen( 1957): updateProviderOverlay: false
D/PhoneApp( 1957): setScreenTimeout(MEDIUM)...
D/PhoneApp( 1957): PhoneAPP :: Update Wake Call : true
D/PhoneApp( 1957): requestWakeState(FULL)...
D/TelephonyRegistry( 1916): notifyDataConnection: state=3 isDataConnectivityPossible=true reason=2GVoiceCallStarted
D/TelephonyRegistry( 1916): notifyDataConnection: apn=Sprint apnType=* interfaceName=ppp0
D/BT HS/HF( 1957): updatePhoneState() mPhone=OFFHOOK, mFCall=DIALING, mBCall=IDLE, mRCall=IDLE, mCallsetup=2, callsetup=0, mCall=0, call=0, mCallheld=0, sendUpdate=false
D/BT HS/HF( 1957): audioOn()
D/BT HS/HF( 1957): audioOn(): headset is not connected!
D/CallNotifier( 1957): onPhoneStateChanged: state = OFFHOOK
D/PhoneApp( 1957): updateProximitySensorMode: state = OFFHOOK
D/PhoneApp( 1957): updateProximitySensorMode: lock already held.
D/PhoneApp( 1957): setScreenTimeout(MEDIUM)...
D/PhoneApp( 1957): PhoneAPP :: Update Wake Call : true
D/PhoneApp( 1957): requestWakeState(FULL)...
D/CallNotifier( 1957): onPhoneStateChanged: OFF HOOK
D/NotificationMgr( 1957): updateInCallNotification()...
D/NotificationMgr( 1957): updateInCallNotification: enhancedVoicePrivacy = false
D/NotificationMgr( 1957): - Updating status bar icon: 17301636
I/NotificationMgr( 1957): This Intent is for InCallScreen 
D/NotificationMgr( 1957): - Updating expanded view: line 1 'Current call (%s)'
I/HardwareService( 1916): SLight 10
D/PhoneUtils( 1957): startGetCallerInfo: query already running, adding listener: class com.android.phone.NotificationMgr
D/PhoneUtils( 1957): getCompactNameFromCallerInfo: info = 
D/PhoneUtils( 1957): name: null
D/PhoneUtils( 1957): phoneNumber: 8883221122
D/PhoneUtils( 1957): cnapName: null
D/PhoneUtils( 1957): numberPresentation: 1
D/PhoneUtils( 1957): namePresentation: 1
D/PhoneUtils( 1957): contactExits: false
D/PhoneUtils( 1957): phoneLabel: null
D/PhoneUtils( 1957): numberType: 0
D/PhoneUtils( 1957): numberLabel: null
D/PhoneUtils( 1957): photoResource: 0
D/PhoneUtils( 1957): person_id: 0
D/PhoneUtils( 1957): needUpdate: false
D/PhoneUtils( 1957): contactRefUri: null
D/PhoneUtils( 1957): contactRingtoneUri: null
D/PhoneUtils( 1957): shouldSendToVoicemail: false
D/PhoneUtils( 1957): cachedPhoto: null
D/PhoneUtils( 1957): isCachedPhotoCurrent: false
D/PhoneUtils( 1957): emergency: false
D/PhoneUtils( 1957): voicemail false
D/PhoneUtils( 1957): SnsStatus null
D/PhoneUtils( 1957): SnsAccount 0
D/PhoneUtils( 1957): modifyForSpecialCnapCases: initially, number=8883221122, presentation=1
D/PhoneUtils( 1957): checkCnapSpecialCases, normal str. number: 8883221122
I/HardwareService( 1916): SLight 9
D/PhoneUtils( 1957): modifyForSpecialCnapCases: returning number string=8883221122
D/PhoneUtils( 1957): getCompactNameFromCallerInfo: compactName=8883221122
D/NotificationMgr( 1957): - Updating expanded view: line 2 '8883221122'
D/NotificationMgr( 1957): Notifying IN_CALL_NOTIFICATION: Notification(vibrate=null,sound=null,defaults=0x0)
I/HardwareService( 1916): SLight 8
I/HardwareService( 1916): SLight 7
I/HardwareService( 1916): SLight 6
I/HardwareService( 1916): SLight 5
I/HardwareService( 1916): SLight 4
I/HardwareService( 1916): SLight 3
D/NotificationService( 1916): enqueueNotification :: mDisabledNotifications = 4
I/HardwareService( 1916): SLight 2
D/NotificationMgr( 1957): updateSpeakerNotification: speaker OFF (or not offhook)
D/NotificationMgr( 1957): updateMuteNotification: not muted (or not offhook)
D/PhoneUtils( 1957): ConnectionHandler: updating mute state for each connection
D/PhoneUtils( 1957): setMute: false
D/CallCard( 1957): updateState(Handler{457f5030})...
I/HardwareService( 1916): SLight 1
D/CallCard( 1957): updateForegroundCall()...
D/CallCard( 1957): displayMainCallStatus(phone Handler{457f5030}, call DIALING)...
D/CallCard( 1957):   - call.state: DIALING
D/PHONE/CallTime( 1957): [CallTime] cancelTimer()...
D/CallCard( 1957): updateCardTitleWidgets(call DIALING)...
D/PHONE/CallTime( 1957): [CallTime] updateElapsedTime, count=1, duration=0
D/CallCard( 1957): - getTitleForCallCard(Call DIALING)...
D/CallCard( 1957):   ==> result: Dialing...
D/CallCard( 1957): updateCardTitleWidgets: Dialing...
I/HardwareService( 1916): SLight 0
D/CallCard( 1957): foreCall stateDIALING
D/CallCard( 1957): foreCall connections size1
D/CallCard( 1957): backCall stateIDLE
D/CallCard( 1957): backCall connections size0
D/CallCard( 1957): displayMainCallStatus: Update onscreen info for a regular call
D/CallCard( 1957):   - CONN:  incoming: false state: DIALING post dial state: NOT_STARTED, state = DIALING
D/CallCard( 1957): - displayMainCallStatus: using data we already have...
D/CallCard( 1957): - displayMainCallStatus: CNAP data from Connection: CNAP name=null, Number/Name Presentation=1
D/CallCard( 1957):    ==> Got CallerInfoToken; updating display: ci = 
D/CallCard( 1957): name: null
D/CallCard( 1957): phoneNumber: 8883221122
D/CallCard( 1957): cnapName: null
D/CallCard( 1957): numberPresentation: 1
D/CallCard( 1957): namePresentation: 1
D/CallCard( 1957): contactExits: false
D/CallCard( 1957): phoneLabel: null
D/CallCard( 1957): numberType: 0
D/CallCard( 1957): numberLabel: null
D/CallCard( 1957): photoResource: 0
D/CallCard( 1957): person_id: 0
D/CallCard( 1957): needUpdate: false
D/CallCard( 1957): contactRefUri: null
D/CallCard( 1957): contactRingtoneUri: null
D/CallCard( 1957): shouldSendToVoicemail: false
D/CallCard( 1957): cachedPhoto: null
D/CallCard( 1957): isCachedPhotoCurrent: false
D/CallCard( 1957): emergency: false
D/CallCard( 1957): voicemail false
D/CallCard( 1957): SnsStatus null
D/CallCard( 1957): SnsAccount 0
D/NetworkLocationProvider( 1916): onDataConnectionStateChanged 5
D/CallCard( 1957): updateDisplayForPerson(
D/CallCard( 1957): name: null
D/CallCard( 1957): phoneNumber: 8883221122
D/CallCard( 1957): cnapName: null
D/CallCard( 1957): numberPresentation: 1
D/CallCard( 1957): namePresentation: 1
D/CallCard( 1957): contactExits: false
D/CallCard( 1957): phoneLabel: null
D/CallCard( 1957): numberType: 0
D/CallCard( 1957): numberLabel: null
D/CallCard( 1957): photoResource: 0
D/CallCard( 1957): person_id: 0
D/CallCard( 1957): needUpdate: false
D/CallCard( 1957): contactRefUri: null
D/CallCard( 1957): contactRingtoneUri: null
D/CallCard( 1957): shouldSendToVoicemail: false
D/CallCard( 1957): cachedPhoto: null
D/CallCard( 1957): isCachedPhotoCurrent: false
D/CallCard( 1957): emergency: false
D/CallCard( 1957): voicemail false
D/CallCard( 1957): SnsStatus null
D/CallCard( 1957): SnsAccount 0)
D/CallCard( 1957): presentation:1 isTemporary:true
D/MobileDataStateTracker( 1916): default Received state= SUSPENDED, old= CONNECTED, reason= 2GVoiceCallStarted, apnTypeList= *
D/CallCard( 1957): updatePhotoForCallState(DIALING)...
D/CallCard( 1957): displayOnHoldCallStatus(call =IDLE)...
D/NetworkStateTracker( 1916): setDetailed state, old =CONNECTED and new state=SUSPENDED
D/InCallScreen( 1957): [okToDialDTMFTones] foreground state: DIALING, ringing state: false, call screen mode: NORMAL, result: false
D/ConnectivityService( 1916): ConnectivityChange for MOBILE: SUSPENDED/SUSPENDED
D/ConnectivityService( 1916): prevNetType: 0
D/ConnectivityService( 1916): handleDisconnect(): switch to other network
D/NetworkStateTracker( 1916): removeDefaultRoute for MOBILE (ppp0)
I/ActivityManager( 1916): Start proc android.process.media for broadcast com.android.providers.downloads/.DownloadReceiver: pid=3453 uid=10004 gids={1015, 2001, 3003, 1006}
D/InCallTouchUi( 1957): updateState(Handler{457f5030})...
D/InCallTouchUi( 1957): - updateState: phone state is OFFHOOK
D/InCallScreen( 1957): isBluetoothAvailable()...
D/InCallScreen( 1957):   - headset state = 0
D/InCallScreen( 1957):   - headset address: null
D/InCallScreen( 1957):   ==> false
D/InCallScreen( 1957): [okToDialDTMFTones] foreground state: DIALING, ringing state: false, call screen mode: NORMAL, result: false
D/InCallScreen( 1957): updateProviderOverlay: false
D/AGPSManagerService( 1916): state: SUSPENDED apnName: Sprint reason: 2GVoiceCallStarted
D/PhoneApp( 1957): setScreenTimeout(MEDIUM)...
D/PhoneApp( 1957): PhoneAPP :: Update Wake Call : true
D/PhoneApp( 1957): requestWakeState(FULL)...
D/BT HS/HF( 1957): updatePhoneState() mPhone=OFFHOOK, mFCall=DIALING, mBCall=IDLE, mRCall=IDLE, mCallsetup=2, callsetup=0, mCall=0, call=0, mCallheld=0, sendUpdate=false
D/BT HS/HF( 1957): audioOn()
D/BT HS/HF( 1957): audioOn(): headset is not connected!
D/CallNotifier( 1957): onPhoneStateChanged: state = OFFHOOK
D/PhoneApp( 1957): updateProximitySensorMode: state = OFFHOOK
D/PhoneApp( 1957): updateProximitySensorMode: lock already held.
D/PhoneApp( 1957): setScreenTimeout(MEDIUM)...
D/PhoneApp( 1957): PhoneAPP :: Update Wake Call : true
D/PhoneApp( 1957): requestWakeState(FULL)...
D/CallNotifier( 1957): onPhoneStateChanged: OFF HOOK
W/PowerManagerService( 1916): FinishAnimation targetValue=0
D/power   ( 1916): Setting LCD to mem
W/PowerManagerService( 1916): CurLockF mPS:0 mUS=0
W/PowerManagerService( 1916): type=PARTIAL_WAKE_LOCK              'ActivityManager-Launch' active (mS=0)  activeT=1866
W/PowerManagerService( 1916): type=PARTIAL_WAKE_LOCK              'CDMA' active (mS=0)  activeT=1841
W/PowerManagerService( 1916): type=PROXIMITY_SCREEN_OFF_WAKE_LOCK 'PhoneApp' active (mS=0)  activeT=1733
W/PowerManagerService( 1916): type=SCREEN_BRIGHT_WAKE_LOCK        'KEEP_SCREEN_ON_FLAG' (mS=3)  activeT=1615
W/PowerManagerService( 1916): type=FULL_WAKE_LOCK                 'PhoneApp' AW  (mS=7)  activeT=1468
W/PowerManagerService( 1916): mPokeLocks.size=1:
W/PowerManagerService( 1916):  pokeLock 13  'PhoneApp'
E/SensorManager( 1916): unregisterListener: android.view.WindowOrientationListener$SensorEventListenerImpl@45a71088
D/Sensors ( 1916): sensors_data_delay handle=1 delay=2147483647 mMinDelay=2147483647
D/NotificationMgr( 1957): updateInCallNotification()...
D/NotificationMgr( 1957): updateInCallNotification: enhancedVoicePrivacy = false
D/NotificationMgr( 1957): - Updating status bar icon: 17301636
I/NotificationMgr( 1957): This Intent is for InCallScreen 
D/NotificationMgr( 1957): - Updating expanded view: line 1 'Current call (%s)'
D/PhoneUtils( 1957): startGetCallerInfo: query already running, adding listener: class com.android.phone.NotificationMgr
D/PhoneUtils( 1957): getCompactNameFromCallerInfo: info = 
D/PhoneUtils( 1957): name: null
D/PhoneUtils( 1957): phoneNumber: 8883221122
D/PhoneUtils( 1957): cnapName: null
D/PhoneUtils( 1957): numberPresentation: 1
D/PhoneUtils( 1957): namePresentation: 1
D/PhoneUtils( 1957): contactExits: false
D/PhoneUtils( 1957): phoneLabel: null
D/PhoneUtils( 1957): numberType: 0
D/PhoneUtils( 1957): numberLabel: null
D/PhoneUtils( 1957): photoResource: 0
D/PhoneUtils( 1957): person_id: 0
D/PhoneUtils( 1957): needUpdate: false
D/PhoneUtils( 1957): contactRefUri: null
D/PhoneUtils( 1957): contactRingtoneUri: null
D/PhoneUtils( 1957): shouldSendToVoicemail: false
D/PhoneUtils( 1957): cachedPhoto: null
D/PhoneUtils( 1957): isCachedPhotoCurrent: false
D/PhoneUtils( 1957): emergency: false
D/PhoneUtils( 1957): voicemail false
D/PhoneUtils( 1957): SnsStatus null
D/PhoneUtils( 1957): SnsAccount 0
D/PhoneUtils( 1957): modifyForSpecialCnapCases: initially, number=8883221122, presentation=1
D/PhoneUtils( 1957): checkCnapSpecialCases, normal str. number: 8883221122
D/PhoneUtils( 1957): modifyForSpecialCnapCases: returning number string=8883221122
D/PhoneUtils( 1957): getCompactNameFromCallerInfo: compactName=8883221122
D/NotificationMgr( 1957): - Updating expanded view: line 2 '8883221122'
D/NotificationMgr( 1957): Notifying IN_CALL_NOTIFICATION: Notification(vibrate=null,sound=null,defaults=0x0)
D/NotificationService( 1916): enqueueNotification :: mDisabledNotifications = 4
D/Sensors ( 1916): sensors_control_activate open_akm fd = 114
D/Sensors ( 1916): sensors=00000020, real=00000020
I/Zygote  ( 3453): Zygote: pid 3453 has INTERNET permission, then set capability for CAP_NET_RAW(13), CAP_NET_ADMIN(12)
D/NotificationMgr( 1957): updateSpeakerNotification: speaker OFF (or not offhook)
D/NotificationMgr( 1957): updateMuteNotification: not muted (or not offhook)
D/PhoneUtils( 1957): ConnectionHandler: updating mute state for each connection
D/PhoneUtils( 1957): setMute: false
D/SurfaceFlinger( 1916): About to give-up screen, flinger = 0x271bc8
D/CallCard( 1957): updateState(Handler{457f5030})...
D/CallCard( 1957): updateForegroundCall()...
D/CallCard( 1957): displayMainCallStatus(phone Handler{457f5030}, call DIALING)...
D/CallCard( 1957):   - call.state: DIALING
D/PHONE/CallTime( 1957): [CallTime] cancelTimer()...
D/CallCard( 1957): updateCardTitleWidgets(call DIALING)...
D/PHONE/CallTime( 1957): [CallTime] updateElapsedTime, count=1, duration=0
D/CallCard( 1957): - getTitleForCallCard(Call DIALING)...
D/CallCard( 1957):   ==> result: Dialing...
D/CallCard( 1957): updateCardTitleWidgets: Dialing...
D/CallCard( 1957): foreCall stateDIALING
D/CallCard( 1957): foreCall connections size1
D/CallCard( 1957): backCall stateIDLE
D/CallCard( 1957): backCall connections size0
D/CallCard( 1957): displayMainCallStatus: Update onscreen info for a regular call
D/CallCard( 1957):   - CONN:  incoming: false state: DIALING post dial state: NOT_STARTED, state = DIALING
D/CallCard( 1957): - displayMainCallStatus: using data we already have...
D/CallCard( 1957): - displayMainCallStatus: CNAP data from Connection: CNAP name=null, Number/Name Presentation=1
D/CallCard( 1957):    ==> Got CallerInfoToken; updating display: ci = 
D/CallCard( 1957): name: null
D/CallCard( 1957): phoneNumber: 8883221122
D/CallCard( 1957): cnapName: null
D/CallCard( 1957): numberPresentation: 1
D/CallCard( 1957): namePresentation: 1
D/CallCard( 1957): contactExits: false
D/CallCard( 1957): phoneLabel: null
D/CallCard( 1957): numberType: 0
D/CallCard( 1957): numberLabel: null
D/CallCard( 1957): photoResource: 0
D/CallCard( 1957): person_id: 0
D/CallCard( 1957): needUpdate: false
D/CallCard( 1957): contactRefUri: null
D/CallCard( 1957): contactRingtoneUri: null
D/CallCard( 1957): shouldSendToVoicemail: false
D/CallCard( 1957): cachedPhoto: null
D/CallCard( 1957): isCachedPhotoCurrent: false
D/CallCard( 1957): emergency: false
D/CallCard( 1957): voicemail false
D/CallCard( 1957): SnsStatus null
D/CallCard( 1957): SnsAccount 0
D/CallCard( 1957): updateDisplayForPerson(
D/CallCard( 1957): name: null
D/CallCard( 1957): phoneNumber: 8883221122
D/CallCard( 1957): cnapName: null
D/CallCard( 1957): numberPresentation: 1
D/CallCard( 1957): namePresentation: 1
D/CallCard( 1957): contactExits: false
D/CallCard( 1957): phoneLabel: null
D/CallCard( 1957): numberType: 0
D/CallCard( 1957): numberLabel: null
D/CallCard( 1957): photoResource: 0
D/CallCard( 1957): person_id: 0
D/CallCard( 1957): needUpdate: false
D/CallCard( 1957): contactRefUri: null
D/CallCard( 1957): contactRingtoneUri: null
D/CallCard( 1957): shouldSendToVoicemail: false
D/CallCard( 1957): cachedPhoto: null
D/CallCard( 1957): isCachedPhotoCurrent: false
D/CallCard( 1957): emergency: false
D/CallCard( 1957): voicemail false
D/CallCard( 1957): SnsStatus null
D/CallCard( 1957): SnsAccount 0)
D/CallCard( 1957): presentation:1 isTemporary:true
D/CallCard( 1957): updatePhotoForCallState(DIALING)...
D/CallCard( 1957): displayOnHoldCallStatus(call =IDLE)...
D/InCallScreen( 1957): [okToDialDTMFTones] foreground state: DIALING, ringing state: false, call screen mode: NORMAL, result: false
D/InCallTouchUi( 1957): updateState(Handler{457f5030})...
D/InCallTouchUi( 1957): - updateState: phone state is OFFHOOK
D/InCallScreen( 1957): isBluetoothAvailable()...
D/InCallScreen( 1957):   - headset state = 0
D/InCallScreen( 1957):   - headset address: null
D/InCallScreen( 1957):   ==> false
D/InCallScreen( 1957): [okToDialDTMFTones] foreground state: DIALING, ringing state: false, call screen mode: NORMAL, result: false
D/InCallScreen( 1957): updateProviderOverlay: false
D/GpsLocationProvider( 1916): updateNetworkState available info: NetworkInfo: type: MOBILE[CDMA - EvDo rev. 0], state: SUSPENDED/SUSPENDED, reason: 2GVoiceCallStarted, extra: Sprint, roaming: false, failover: false, isAvailable: true
D/GpsLocationProvider( 1916): NetworkThread wait for 82198ms
D/PhoneApp( 1957): setScreenTimeout(MEDIUM)...
D/PhoneApp( 1957): PhoneAPP :: Update Wake Call : true
D/PhoneApp( 1957): requestWakeState(FULL)...
D/PhoneUtils( 1957): query complete, updating connection.userdata
D/PhoneUtils( 1957): - onQueryComplete: CallerInfo:
D/PhoneUtils( 1957): name: null
D/PhoneUtils( 1957): phoneNumber: 888-322-1122
D/PhoneUtils( 1957): cnapName: null
D/PhoneUtils( 1957): numberPresentation: 0
D/PhoneUtils( 1957): namePresentation: 0
D/PhoneUtils( 1957): contactExits: false
D/PhoneUtils( 1957): phoneLabel: null
D/PhoneUtils( 1957): numberType: 0
D/PhoneUtils( 1957): numberLabel: null
D/PhoneUtils( 1957): photoResource: 0
D/PhoneUtils( 1957): person_id: 0
D/PhoneUtils( 1957): needUpdate: false
D/PhoneUtils( 1957): contactRefUri: content://com.android.contacts/phone_lookup/8883221122
D/PhoneUtils( 1957): contactRingtoneUri: content://com.android.contacts/phone_lookup/8883221122
D/PhoneUtils( 1957): shouldSendToVoicemail: false
D/PhoneUtils( 1957): cachedPhoto: null
D/PhoneUtils( 1957): isCachedPhotoCurrent: false
D/PhoneUtils( 1957): emergency: false
D/PhoneUtils( 1957): voicemail false
D/PhoneUtils( 1957): SnsStatus null
D/PhoneUtils( 1957): SnsAccount -1
D/CallCard( 1957): onQueryComplete: token -1, cookie DIALING, ci 
D/CallCard( 1957): name: null
D/CallCard( 1957): phoneNumber: 888-322-1122
D/CallCard( 1957): cnapName: null
D/CallCard( 1957): numberPresentation: 0
D/CallCard( 1957): namePresentation: 0
D/CallCard( 1957): contactExits: false
D/CallCard( 1957): phoneLabel: null
D/CallCard( 1957): numberType: 0
D/CallCard( 1957): numberLabel: null
D/CallCard( 1957): photoResource: 0
D/CallCard( 1957): person_id: 0
D/CallCard( 1957): needUpdate: false
D/CallCard( 1957): contactRefUri: content://com.android.contacts/phone_lookup/8883221122
D/CallCard( 1957): contactRingtoneUri: content://com.android.contacts/phone_lookup/8883221122
D/CallCard( 1957): shouldSendToVoicemail: false
D/CallCard( 1957): cachedPhoto: null
D/CallCard( 1957): isCachedPhotoCurrent: false
D/CallCard( 1957): emergency: false
D/CallCard( 1957): voicemail false
D/CallCard( 1957): SnsStatus null
D/CallCard( 1957): SnsAccount -1
D/CallCard( 1957): callerinfo query complete, updating ui from displayMainCallStatus()
D/PhoneUtils( 1957): startGetCallerInfo: query already done, returning CallerInfo
D/CallCard( 1957): - onQueryComplete: presentation=1, contactExists=false
D/CallCard( 1957): updateDisplayForPerson(
D/CallCard( 1957): name: null
D/CallCard( 1957): phoneNumber: 888-322-1122
D/CallCard( 1957): cnapName: null
D/CallCard( 1957): numberPresentation: 1
D/CallCard( 1957): namePresentation: 1
D/CallCard( 1957): contactExits: false
D/CallCard( 1957): phoneLabel: null
D/CallCard( 1957): numberType: 0
D/CallCard( 1957): numberLabel: null
D/CallCard( 1957): photoResource: 0
D/CallCard( 1957): person_id: 0
D/CallCard( 1957): needUpdate: false
D/CallCard( 1957): contactRefUri: null
D/CallCard( 1957): contactRingtoneUri: null
D/CallCard( 1957): shouldSendToVoicemail: false
D/CallCard( 1957): cachedPhoto: null
D/CallCard( 1957): isCachedPhotoCurrent: false
D/CallCard( 1957): emergency: false
D/CallCard( 1957): voicemail false
D/CallCard( 1957): SnsStatus null
D/CallCard( 1957): SnsAccount -1)
D/CallCard( 1957): presentation:1 isTemporary:false
D/CallCard( 1957): updatePhotoForCallState(DIALING)...
I/dalvikvm( 3453): Debugger thread not active, ignoring DDM send (t=0x41504e4d l=38)
I/dalvikvm( 3453): Debugger thread not active, ignoring DDM send (t=0x41504e4d l=46)
I/ActivityThread( 3453): Publishing provider media: com.android.providers.media.MediaProvider
W/ActivityManager( 1916): Activity pause timeout for HistoryRecord{45b72768 com.android.phone/.InCallScreen}
D/NotificationMgr( 1957): callerinfo query complete, updating ui.
D/PhoneUtils( 1957): getCompactNameFromCallerInfo: info = 
D/PhoneUtils( 1957): name: null
D/PhoneUtils( 1957): phoneNumber: 888-322-1122
D/PhoneUtils( 1957): cnapName: null
D/PhoneUtils( 1957): numberPresentation: 0
D/PhoneUtils( 1957): namePresentation: 0
D/PhoneUtils( 1957): contactExits: false
D/PhoneUtils( 1957): phoneLabel: null
D/PhoneUtils( 1957): numberType: 0
D/PhoneUtils( 1957): numberLabel: null
D/PhoneUtils( 1957): photoResource: 0
D/PhoneUtils( 1957): person_id: 0
D/PhoneUtils( 1957): needUpdate: false
D/PhoneUtils( 1957): contactRefUri: content://com.android.contacts/phone_lookup/8883221122
D/PhoneUtils( 1957): contactRingtoneUri: content://com.android.contacts/phone_lookup/8883221122
D/PhoneUtils( 1957): shouldSendToVoicemail: false
D/PhoneUtils( 1957): cachedPhoto: null
D/PhoneUtils( 1957): isCachedPhotoCurrent: false
D/PhoneUtils( 1957): emergency: false
D/PhoneUtils( 1957): voicemail false
D/PhoneUtils( 1957): SnsStatus null
D/PhoneUtils( 1957): SnsAccount -1
D/PhoneUtils( 1957): modifyForSpecialCnapCases: initially, number=888-322-1122, presentation=0
D/PhoneUtils( 1957): modifyForSpecialCnapCases: returning number string=888-322-1122
D/PhoneUtils( 1957): getCompactNameFromCallerInfo: compactName=888-322-1122
D/PhoneApp( 1957): mReceiver: ACTION_ANY_DATA_CONNECTION_STATE_CHANGED
D/PhoneApp( 1957): - state: SUSPENDED
D/PhoneApp( 1957): - reason: 2GVoiceCallStarted
D/NotificationMgr( 1957): callerinfo query complete, updating ui.
D/PhoneUtils( 1957): getCompactNameFromCallerInfo: info = 
D/PhoneUtils( 1957): name: null
D/PhoneUtils( 1957): phoneNumber: 888-322-1122
D/PhoneUtils( 1957): cnapName: null
D/PhoneUtils( 1957): numberPresentation: 0
D/PhoneUtils( 1957): namePresentation: 0
D/PhoneUtils( 1957): contactExits: false
D/PhoneUtils( 1957): phoneLabel: null
D/PhoneUtils( 1957): numberType: 0
D/PhoneUtils( 1957): numberLabel: null
D/PhoneUtils( 1957): photoResource: 0
D/PhoneUtils( 1957): person_id: 0
D/PhoneUtils( 1957): needUpdate: false
D/PhoneUtils( 1957): contactRefUri: content://com.android.contacts/phone_lookup/8883221122
D/PhoneUtils( 1957): contactRingtoneUri: content://com.android.contacts/phone_lookup/8883221122
D/PhoneUtils( 1957): shouldSendToVoicemail: false
D/PhoneUtils( 1957): cachedPhoto: null
D/PhoneUtils( 1957): isCachedPhotoCurrent: false
D/PhoneUtils( 1957): emergency: false
D/PhoneUtils( 1957): voicemail false
D/PhoneUtils( 1957): SnsStatus null
D/PhoneUtils( 1957): SnsAccount -1
D/PhoneUtils( 1957): modifyForSpecialCnapCases: initially, number=888-322-1122, presentation=0
D/PhoneUtils( 1957): modifyForSpecialCnapCases: returning number string=888-322-1122
D/PhoneUtils( 1957): getCompactNameFromCallerInfo: compactName=888-322-1122
D/NotificationMgr( 1957): callerinfo query complete, updating ui.
D/PhoneUtils( 1957): getCompactNameFromCallerInfo: info = 
D/PhoneUtils( 1957): name: null
D/PhoneUtils( 1957): phoneNumber: 888-322-1122
D/PhoneUtils( 1957): cnapName: null
D/PhoneUtils( 1957): numberPresentation: 0
D/PhoneUtils( 1957): namePresentation: 0
D/PhoneUtils( 1957): contactExits: false
D/PhoneUtils( 1957): phoneLabel: null
D/PhoneUtils( 1957): numberType: 0
D/PhoneUtils( 1957): numberLabel: null
D/PhoneUtils( 1957): photoResource: 0
D/PhoneUtils( 1957): person_id: 0
D/PhoneUtils( 1957): needUpdate: false
D/PhoneUtils( 1957): contactRefUri: content://com.android.contacts/phone_lookup/8883221122
D/PhoneUtils( 1957): contactRingtoneUri: content://com.android.contacts/phone_lookup/8883221122
D/PhoneUtils( 1957): shouldSendToVoicemail: false
D/PhoneUtils( 1957): cachedPhoto: null
D/PhoneUtils( 1957): isCachedPhotoCurrent: false
D/PhoneUtils( 1957): emergency: false
D/PhoneUtils( 1957): voicemail false
D/PhoneUtils( 1957): SnsStatus null
D/PhoneUtils( 1957): SnsAccount -1
D/PhoneUtils( 1957): modifyForSpecialCnapCases: initially, number=888-322-1122, presentation=0
D/PhoneUtils( 1957): modifyForSpecialCnapCases: returning number string=888-322-1122
D/PhoneUtils( 1957): getCompactNameFromCallerInfo: compactName=888-322-1122
V/MediaProvider( 3453): Attached volume: internal
D/InCallScreen( 1957): updateProviderOverlay: false
D/PhoneApp( 1957): updateProximitySensorMode: state = OFFHOOK
D/PhoneApp( 1957): updateProximitySensorMode: lock already held.
D/DTMFTwelveKeyDialer( 1957): Notifying dtmf key up.
D/InCallScreen( 1957): dismissMenu(immediate = true)...
D/dalvikvm( 1916): GC freed 20811 objects / 1348872 bytes in 324ms
V/MediaProvider( 3453): /sdcard volume ID: 845439797
D/CallCard( 1957): updatePhotoForCallState(DIALING)...
D/InCallScreen( 1957): onWindowFocusChanged(true)...
D/NotificationMgr( 1957): hideDataDisconnectedRoaming()...
D/BT HS/HF( 1957): updatePhoneState() mPhone=OFFHOOK, mFCall=DIALING, mBCall=IDLE, mRCall=IDLE, mCallsetup=2, callsetup=0, mCall=0, call=0, mCallheld=0, sendUpdate=false
D/BT HS/HF( 1957): audioOn()
D/BT HS/HF( 1957): audioOn(): headset is not connected!
D/CallNotifier( 1957): onPhoneStateChanged: state = OFFHOOK
D/PhoneApp( 1957): updateProximitySensorMode: state = OFFHOOK
D/PhoneApp( 1957): updateProximitySensorMode: lock already held.
D/PhoneApp( 1957): setScreenTimeout(DEFAULT)...
D/PhoneApp( 1957): PhoneAPP :: Update Wake Call : true
D/PhoneApp( 1957): requestWakeState(FULL)...
D/CallNotifier( 1957): onPhoneStateChanged: OFF HOOK
D/PhoneApp( 1957): setScreenTimeout(DEFAULT)...
D/PhoneApp( 1957): PhoneAPP :: Update Wake Call : true
D/PhoneApp( 1957): requestWakeState(FULL)...
D/NotificationMgr( 1957): updateInCallNotification()...
D/NotificationMgr( 1957): updateInCallNotification: enhancedVoicePrivacy = false
D/NotificationMgr( 1957): - Updating status bar icon: 17301636
I/NotificationMgr( 1957): This Intent is for InCallScreen 
D/NotificationMgr( 1957): - Updating expanded view: line 1 'Current call (%s)'
D/PhoneUtils( 1957): startGetCallerInfo: query already done, returning CallerInfo
D/PhoneUtils( 1957): getCompactNameFromCallerInfo: info = 
D/PhoneUtils( 1957): name: null
D/PhoneUtils( 1957): phoneNumber: 888-322-1122
D/PhoneUtils( 1957): cnapName: null
D/PhoneUtils( 1957): numberPresentation: 1
D/PhoneUtils( 1957): namePresentation: 1
D/PhoneUtils( 1957): contactExits: false
D/PhoneUtils( 1957): phoneLabel: null
D/PhoneUtils( 1957): numberType: 0
D/PhoneUtils( 1957): numberLabel: null
D/PhoneUtils( 1957): photoResource: 0
D/PhoneUtils( 1957): person_id: 0
D/PhoneUtils( 1957): needUpdate: false
D/PhoneUtils( 1957): contactRefUri: null
D/PhoneUtils( 1957): contactRingtoneUri: null
D/PhoneUtils( 1957): shouldSendToVoicemail: false
D/PhoneUtils( 1957): cachedPhoto: null
D/PhoneUtils( 1957): isCachedPhotoCurrent: true
D/PhoneUtils( 1957): emergency: false
D/PhoneUtils( 1957): voicemail false
D/PhoneUtils( 1957): SnsStatus null
D/PhoneUtils( 1957): SnsAccount -1
D/PhoneUtils( 1957): modifyForSpecialCnapCases: initially, number=888-322-1122, presentation=1
D/PhoneUtils( 1957): checkCnapSpecialCases, normal str. number: 888-322-1122
D/PhoneUtils( 1957): modifyForSpecialCnapCases: returning number string=888-322-1122
D/PhoneUtils( 1957): getCompactNameFromCallerInfo: compactName=888-322-1122
D/NotificationMgr( 1957): - Updating expanded view: line 2 '888-322-1122'
D/NotificationMgr( 1957): Notifying IN_CALL_NOTIFICATION: Notification(vibrate=null,sound=null,defaults=0x0)
D/NotificationService( 1916): enqueueNotification :: mDisabledNotifications = 4
D/NotificationMgr( 1957): updateSpeakerNotification: speaker OFF (or not offhook)
D/NotificationMgr( 1957): updateMuteNotification: not muted (or not offhook)
D/PhoneUtils( 1957): ConnectionHandler: updating mute state for each connection
D/PhoneUtils( 1957): setMute: false
D/InCallScreen( 1957): handlePostOnDialChar: state = COMPLETE, ch = 
D/DTMFTwelveKeyDialer( 1957): trying to stop local tone...
D/BT HS/HF( 1957): updatePhoneState() mPhone=OFFHOOK, mFCall=ACTIVE, mBCall=IDLE, mRCall=IDLE, mCallsetup=2, callsetup=0, mCall=0, call=0, mCallheld=0, sendUpdate=false
D/BT HS/HF( 1957): mCall != call -> audioOn
D/BT HS/HF( 1957): audioOn()
D/BT HS/HF( 1957): audioOn(): headset is not connected!
D/CallNotifier( 1957): onPhoneStateChanged: state = OFFHOOK
D/PhoneApp( 1957): updateProximitySensorMode: state = OFFHOOK
D/PhoneApp( 1957): updateProximitySensorMode: lock already held.
D/PhoneApp( 1957): setScreenTimeout(DEFAULT)...
D/PhoneApp( 1957): PhoneAPP :: Update Wake Call : false
D/PhoneApp( 1957): requestWakeState(SCREEN_DIM)...
E/PowerManagerService( 1916): CurLock p:2 mPS:0
W/PowerManagerService( 1916): type=PROXIMITY_SCREEN_OFF_WAKE_LOCK 'PhoneApp' active (minState=0) activeT=3217
W/PowerManagerService( 1916): type=PARTIAL_WAKE_LOCK              'sleep_broadcast' active (minState=0) activeT=1482
W/PowerManagerService( 1916): type=SCREEN_DIM_WAKE_LOCK           'PhoneApp' active (minState=1) activeT=1
D/CallNotifier( 1957): onPhoneStateChanged: OFF HOOK
D/PhoneApp( 1957): setScreenTimeout(DEFAULT)...
D/PhoneApp( 1957): PhoneAPP :: Update Wake Call : false
D/PhoneApp( 1957): requestWakeState(SCREEN_DIM)...
D/NotificationMgr( 1957): updateInCallNotification()...
D/NotificationMgr( 1957): updateInCallNotification: enhancedVoicePrivacy = false
D/NotificationMgr( 1957): - Updating status bar icon: 17301636
I/NotificationMgr( 1957): This Intent is for InCallScreen 
D/NotificationMgr( 1957): - Updating expanded view: line 1 'Current call (%s)'
D/PhoneUtils( 1957): startGetCallerInfo: query already done, returning CallerInfo
D/PhoneUtils( 1957): getCompactNameFromCallerInfo: info = 
D/PhoneUtils( 1957): name: null
D/PhoneUtils( 1957): phoneNumber: 888-322-1122
D/PhoneUtils( 1957): cnapName: null
D/PhoneUtils( 1957): numberPresentation: 1
D/PhoneUtils( 1957): namePresentation: 1
D/PhoneUtils( 1957): contactExits: false
D/PhoneUtils( 1957): phoneLabel: null
D/PhoneUtils( 1957): numberType: 0
D/PhoneUtils( 1957): numberLabel: null
D/PhoneUtils( 1957): photoResource: 0
D/PhoneUtils( 1957): person_id: 0
D/PhoneUtils( 1957): needUpdate: false
D/PhoneUtils( 1957): contactRefUri: null
D/PhoneUtils( 1957): contactRingtoneUri: null
D/PhoneUtils( 1957): shouldSendToVoicemail: false
D/PhoneUtils( 1957): cachedPhoto: null
D/PhoneUtils( 1957): isCachedPhotoCurrent: true
D/PhoneUtils( 1957): emergency: false
D/PhoneUtils( 1957): voicemail false
D/PhoneUtils( 1957): SnsStatus null
D/PhoneUtils( 1957): SnsAccount -1
D/PhoneUtils( 1957): modifyForSpecialCnapCases: initially, number=888-322-1122, presentation=1
D/PhoneUtils( 1957): checkCnapSpecialCases, normal str. number: 888-322-1122
D/PhoneUtils( 1957): modifyForSpecialCnapCases: returning number string=888-322-1122
D/PhoneUtils( 1957): getCompactNameFromCallerInfo: compactName=888-322-1122
D/NotificationMgr( 1957): - Updating expanded view: line 2 '888-322-1122'
D/NotificationMgr( 1957): Notifying IN_CALL_NOTIFICATION: Notification(vibrate=null,sound=null,defaults=0x0)
D/NotificationService( 1916): enqueueNotification :: mDisabledNotifications = 4
D/NotificationMgr( 1957): updateSpeakerNotification: speaker OFF (or not offhook)
D/NotificationMgr( 1957): updateMuteNotification: not muted (or not offhook)
D/PhoneUtils( 1957): ConnectionHandler: updating mute state for each connection
D/PhoneUtils( 1957): setAudioMode(MODE_IN_CALL)...
V/AudioService( 1916): audioservice: setMode stream 0
I/AudioPolicyManager( 1890): setStreamVolumeIndex() stream 0, index 5
I/AudioPolicyManager( 1890): setStreamVolume() for output 1 stream 0, volume 0.446684, delay 0
D/PhoneUtils( 1957): setMute: false
D/AudioHardwareALSA( 1890): ### earpiece route
D/AudioHardwareALSA( 1890): ### android::status_t android::AudioHardwareIPC::transmitVolumeIPC(uint32_t, float) 5
I/AudioPolicyManager( 1890): setStreamVolumeIndex() stream 8, index 15
I/AudioPolicyManager( 1890): setStreamVolumeIndex() stream 6, index 15
I/AudioPolicyManager( 1890): checkAndSetVolume() cannot set stream 6 volume with force use = 0 for comm
I/AudioPolicyManager( 1890): setOutputDevice() output 1 device 1 delayMs 0
I/AudioPolicyManager( 1890): setOutputDevice() setting same device 1 for output 1
I/AudioPolicyManager( 1890): setStreamVolume() for output 1 stream 0, volume 0.446684, delay 0
D/AudioHardwareALSA( 1890): ### earpiece route
D/AudioHardwareALSA( 1890): ### android::status_t android::AudioHardwareIPC::transmitVolumeIPC(uint32_t, float) 5
D/PhoneApp( 1957): setIgnoreTouchUserActivity(false)...
V/MediaProvider( 3453): Attached volume: external
D/AudioHardwareALSA( 1890): [*] onRawReqComplete(): datalen(-1)
I/AudioPolicyManager( 1890): setOutputDevice() output 1 device 1 delayMs 372
I/AudioPolicyManager( 1890): setOutputDevice() setting same device 1 for output 1
D/AudioHardwareALSA( 1890): [*] onRawReqComplete(): datalen(-1)
I/ActivityThread( 3453): Publishing provider downloads: com.android.providers.downloads.DownloadProvider
D/AudioHardwareALSA( 1890): codecOn
I/AudioHardwareALSA( 1890):  # mode: 2 / device: 0x1
I/AudioHardwareALSA( 1890): Initialized ALSA PLAYBACK device AndroidPlayback_Earpiece_incall
D/AudioHardwareALSA( 1890): Set PLAYBACK PCM format to S16_LE (Signed 16 bit Little Endian)
D/AudioHardwareALSA( 1890): Using 2 channels for PLAYBACK.
D/AudioHardwareALSA( 1890): Set PLAYBACK sample rate to 44100 HZ
D/AudioHardwareALSA( 1890): Buffer size: 4096
D/AudioHardwareALSA( 1890): Latency: 92879
I/ActivityThread( 3453): Publishing provider drm: com.android.providers.drm.DrmProvider
I/GTalkService( 1970): [ServiceAutoStarter] --- start GTalk service ---
V/SettingsProvider( 1916): system <- value=0 name=volume_music
V/SettingsProvider( 1916): property: sys.settings_system_version=113
V/SettingsProvider( 1916): notifying: content://settings/system/volume_music
I/ActivityManager( 1916): Start proc com.google.android.apps.uploader for broadcast com.google.android.apps.uploader/.common.ConnectivityBroadcastReceiver: pid=3463 uid=10046 gids={3003}
I/ActivityManager( 1916): Process android.process.media (pid 3453) has died.
D/PhoneApp( 1957): setIgnoreTouchUserActivity(true)...
I/UsageStats( 1916): Something wrong here, didn't expect com.android.phone to be paused
I/Zygote  ( 3463): Zygote: pid 3463 has INTERNET permission, then set capability for CAP_NET_RAW(13), CAP_NET_ADMIN(12)
I/ActivityThread( 3463): Publishing provider com.google.android.apps.uploader: com.google.android.apps.uploader.common.UploadsContentProvider
D/InCallScreen( 1957): isBluetoothAudioConnected: ==> isAudioOn = false
V/SettingsProvider( 1916): system <- value=8 name=volume_music_last_audible
V/SettingsProvider( 1916): property: sys.settings_system_version=114
D/InCallScreen( 1957): [okToDialDTMFTones] foreground state: ACTIVE, ringing state: false, call screen mode: NORMAL, result: true
V/SettingsProvider( 1916): notifying: content://settings/system/volume_music_last_audible
D/InCallTouchUi( 1957): updateState(Handler{457f5030})...
D/InCallTouchUi( 1957): - updateState: phone state is OFFHOOK
D/InCallScreen( 1957): isBluetoothAvailable()...
D/InCallScreen( 1957):   - headset state = 0
D/InCallScreen( 1957):   - headset address: null
D/InCallScreen( 1957):   ==> false
D/InCallScreen( 1957): [okToDialDTMFTones] foreground state: ACTIVE, ringing state: false, call screen mode: NORMAL, result: true
D/InCallScreen( 1957): ============== dumpBluetoothState() =============
D/InCallScreen( 1957): isBluetoothAvailable()...
D/InCallScreen( 1957):   - headset state = 0
D/InCallScreen( 1957):   - headset address: null
D/InCallScreen( 1957):   ==> false
D/InCallScreen( 1957): = isBluetoothAvailable: false
D/InCallScreen( 1957): isBluetoothAudioConnected: ==> isAudioOn = false
D/InCallScreen( 1957): = isBluetoothAudioConnected: false
D/InCallScreen( 1957): isBluetoothAudioConnected: ==> isAudioOn = false
D/InCallScreen( 1957): isBluetoothAudioConnectedOrPending: ==> FALSE
D/InCallScreen( 1957): = isBluetoothAudioConnectedOrPending: false
D/InCallScreen( 1957): = PhoneApp.showBluetoothIndication: false
D/InCallScreen( 1957): =
D/InCallScreen( 1957): = BluetoothHandsfree.isAudioOn: false
D/InCallScreen( 1957): = BluetoothHeadset.getCurrentHeadset: null
W/ActivityManager( 1916): Activity pause timeout for HistoryRecord{45b72768 com.android.phone/.InCallScreen}
I/ActivityThread( 3463): Publishing provider com.google.photos.provider.Album: com.google.android.apps.uploader.picasa.AlbumProvider
D/InCallScreen( 1957): syncWithPhoneState: it's ok to be here; update the screen...
D/CallCard( 1957): updateState(Handler{457f5030})...
D/CallCard( 1957): updateForegroundCall()...
D/CallCard( 1957): displayMainCallStatus(phone Handler{457f5030}, call ACTIVE)...
D/CallCard( 1957):   - call.state: ACTIVE
D/CallCard( 1957): displayMainCallStatus: start periodicUpdateTimer
D/PHONE/CallTime( 1957): [CallTime] setActiveCallMode(ACTIVE)...
D/PHONE/CallTime( 1957): [CallTime] reset()...
D/PHONE/CallTime( 1957): [CallTime] periodicUpdateTimer() @ 17906507
D/PHONE/CallTime( 1957): [CallTime] updateElapsedTime, count=1, duration=1390
D/PHONE/CallTime( 1957): [CallTime] startMinuteMinderAlarm: minuteMinderTone = 0
D/CallCard( 1957): updateCardTitleWidgets(call ACTIVE)...
D/PHONE/CallTime( 1957): [CallTime] updateElapsedTime, count=1, duration=1422
D/CallCard( 1957): - getTitleForCallCard(Call ACTIVE)...
D/CallCard( 1957):   ==> result: Current call
D/CallCard( 1957): updateCardTitleWidgets: Current call
D/MediaUploader( 3463): UploaderApplication.onCreate
D/CallCard( 1957): foreCall stateACTIVE
D/CallCard( 1957): foreCall connections size1
D/CallCard( 1957): backCall stateIDLE
I/MediaUploader( 3463): No need to wake up
D/CallCard( 1957): backCall connections size0
D/CallCard( 1957): displayMainCallStatus: Update onscreen info for a regular call
D/CallCard( 1957):   - CONN:  incoming: false state: ACTIVE post dial state: COMPLETE, state = ACTIVE
D/CallCard( 1957): - displayMainCallStatus: updatedNumber = 8883221122
D/CallCard( 1957): - displayMainCallStatus: starting CallerInfo query...
D/PhoneUtils( 1957): startGetCallerInfo: query already done, returning CallerInfo
D/CallCard( 1957): updateDisplayForPerson(
D/CallCard( 1957): name: null
D/CallCard( 1957): phoneNumber: 888-322-1122
D/CallCard( 1957): cnapName: null
D/CallCard( 1957): numberPresentation: 1
D/CallCard( 1957): namePresentation: 1
D/CallCard( 1957): contactExits: false
D/CallCard( 1957): phoneLabel: null
D/CallCard( 1957): numberType: 0
D/CallCard( 1957): numberLabel: null
D/CallCard( 1957): photoResource: 0
D/CallCard( 1957): person_id: 0
D/CallCard( 1957): needUpdate: false
D/CallCard( 1957): contactRefUri: null
D/CallCard( 1957): contactRingtoneUri: null
D/CallCard( 1957): shouldSendToVoicemail: false
D/CallCard( 1957): cachedPhoto: null
D/CallCard( 1957): isCachedPhotoCurrent: true
D/CallCard( 1957): emergency: false
D/CallCard( 1957): voicemail false
D/CallCard( 1957): SnsStatus null
D/CallCard( 1957): SnsAccount -1)
D/CallCard( 1957): presentation:1 isTemporary:false
D/CallCard( 1957): updatePhotoForCallState(ACTIVE)...
D/CallCard( 1957): displayOnHoldCallStatus(call =IDLE)...
I/HardwareService( 1916): vibratorOff
D/InCallScreen( 1957): [okToDialDTMFTones] foreground state: ACTIVE, ringing state: false, call screen mode: NORMAL, result: true
D/InCallTouchUi( 1957): updateState(Handler{457f5030})...
D/InCallTouchUi( 1957): - updateState: phone state is OFFHOOK
D/InCallScreen( 1957): isBluetoothAvailable()...
D/InCallScreen( 1957):   - headset state = 0
D/InCallScreen( 1957):   - headset address: null
D/InCallScreen( 1957):   ==> false
D/InCallScreen( 1957): [okToDialDTMFTones] foreground state: ACTIVE, ringing state: false, call screen mode: NORMAL, result: true
D/InCallScreen( 1957): updateProviderOverlay: false
D/PhoneApp( 1957): - preventScreenOn(false)...
D/PhoneApp( 1957): pokeUserActivity()...
D/PhoneApp( 1957): setScreenTimeout(MEDIUM)...
D/PhoneApp( 1957): PhoneAPP :: Update Wake Call : false
D/PhoneApp( 1957): requestWakeState(SCREEN_DIM)...
D/InCallScreen( 1957): enableTouchLock(false)...
D/DTMFTwelveKeyDialer( 1957): relinkContols
D/DTMFTwelveKeyDialer( 1957): clearDigits()...
D/InCallScreen( 1957): onResume() done.
D/InCallScreen( 1957): updateProviderOverlay: false
D/PhoneApp( 1957): updateProximitySensorMode: state = OFFHOOK
D/PhoneApp( 1957): updateProximitySensorMode: lock already held.
D/DTMFTwelveKeyDialer( 1957): Notifying dtmf key up.
D/InCallScreen( 1957): dismissMenu(immediate = true)...
D/BT HS/HF( 1957): updatePhoneState() mPhone=OFFHOOK, mFCall=ACTIVE, mBCall=IDLE, mRCall=IDLE, mCallsetup=0, callsetup=0, mCall=1, call=0, mCallheld=0, sendUpdate=false
D/CallNotifier( 1957): onPhoneStateChanged: state = OFFHOOK
D/PhoneApp( 1957): updateProximitySensorMode: state = OFFHOOK
D/PhoneApp( 1957): updateProximitySensorMode: lock already held.
D/PhoneApp( 1957): setScreenTimeout(DEFAULT)...
D/PhoneApp( 1957): PhoneAPP :: Update Wake Call : false
D/PhoneApp( 1957): requestWakeState(SCREEN_DIM)...
D/CallNotifier( 1957): onPhoneStateChanged: OFF HOOK
D/PhoneApp( 1957): setScreenTimeout(DEFAULT)...
D/PhoneApp( 1957): PhoneAPP :: Update Wake Call : false
D/PhoneApp( 1957): requestWakeState(SCREEN_DIM)...
D/NotificationMgr( 1957): updateInCallNotification()...
D/NotificationMgr( 1957): updateInCallNotification: enhancedVoicePrivacy = false
D/NotificationMgr( 1957): - Updating status bar icon: 17301636
I/NotificationMgr( 1957): This Intent is for InCallScreen 
D/NotificationMgr( 1957): - Updating expanded view: line 1 'Current call (%s)'
D/PhoneUtils( 1957): startGetCallerInfo: query already done, returning CallerInfo
D/PhoneUtils( 1957): getCompactNameFromCallerInfo: info = 
D/PhoneUtils( 1957): name: null
D/PhoneUtils( 1957): phoneNumber: 888-322-1122
D/PhoneUtils( 1957): cnapName: null
D/PhoneUtils( 1957): numberPresentation: 1
D/PhoneUtils( 1957): namePresentation: 1
D/PhoneUtils( 1957): contactExits: false
D/PhoneUtils( 1957): phoneLabel: null
D/PhoneUtils( 1957): numberType: 0
D/PhoneUtils( 1957): numberLabel: null
D/PhoneUtils( 1957): photoResource: 0
D/PhoneUtils( 1957): person_id: 0
D/PhoneUtils( 1957): needUpdate: false
D/PhoneUtils( 1957): contactRefUri: null
D/PhoneUtils( 1957): contactRingtoneUri: null
D/PhoneUtils( 1957): shouldSendToVoicemail: false
D/PhoneUtils( 1957): cachedPhoto: null
D/PhoneUtils( 1957): isCachedPhotoCurrent: true
D/PhoneUtils( 1957): emergency: false
D/PhoneUtils( 1957): voicemail false
D/PhoneUtils( 1957): SnsStatus null
D/PhoneUtils( 1957): SnsAccount -1
D/PhoneUtils( 1957): modifyForSpecialCnapCases: initially, number=888-322-1122, presentation=1
D/PhoneUtils( 1957): checkCnapSpecialCases, normal str. number: 888-322-1122
D/PhoneUtils( 1957): modifyForSpecialCnapCases: returning number string=888-322-1122
D/PhoneUtils( 1957): getCompactNameFromCallerInfo: compactName=888-322-1122
D/NotificationMgr( 1957): - Updating expanded view: line 2 '888-322-1122'
D/NotificationMgr( 1957): Notifying IN_CALL_NOTIFICATION: Notification(vibrate=null,sound=null,defaults=0x0)
D/NotificationService( 1916): enqueueNotification :: mDisabledNotifications = 4
D/NotificationMgr( 1957): updateSpeakerNotification: speaker OFF (or not offhook)
D/NotificationMgr( 1957): updateMuteNotification: not muted (or not offhook)
D/PhoneUtils( 1957): ConnectionHandler: updating mute state for each connection
D/PhoneUtils( 1957): setAudioMode(MODE_IN_CALL)...
V/AudioService( 1916): audioservice: setMode stream 0
I/AudioPolicyManager( 1890): setStreamVolumeIndex() stream 0, index 5
I/AudioPolicyManager( 1890): setStreamVolume() for output 1 stream 0, volume 0.446684, delay 0
D/AudioHardwareALSA( 1890): ### earpiece route
D/AudioHardwareALSA( 1890): ### android::status_t android::AudioHardwareIPC::transmitVolumeIPC(uint32_t, float) 5
I/AudioPolicyManager( 1890): setStreamVolumeIndex() stream 8, index 15
I/AudioPolicyManager( 1890): setStreamVolumeIndex() stream 6, index 15
I/AudioPolicyManager( 1890): checkAndSetVolume() cannot set stream 6 volume with force use = 0 for comm
D/PhoneUtils( 1957): setMute: false
D/AudioHardwareALSA( 1890): [*] onRawReqComplete(): datalen(-1)
D/PhoneApp( 1957): setIgnoreTouchUserActivity(false)...
I/BluetoothService( 1916): Received AVRCP_PASS_THROUGH_TIMEOUT message
D/PHONE/CallTime( 1957): [CallTime] periodicUpdateTimer() @ 17907507
D/PHONE/CallTime( 1957): [CallTime] updateElapsedTime, count=1, duration=2390
D/PHONE/CallTime( 1957): [CallTime] periodicUpdateTimer() @ 17908507
D/PHONE/CallTime( 1957): [CallTime] updateElapsedTime, count=1, duration=3391
I/AudioHardwareALSA( 1890):  # mode: 2 / device: 0x1
I/AudioHardwareALSA( 1890): Initialized ALSA PLAYBACK device AndroidPlayback_Earpiece_incall
D/AudioHardwareALSA( 1890): Set PLAYBACK PCM format to S16_LE (Signed 16 bit Little Endian)
D/AudioHardwareALSA( 1890): Using 2 channels for PLAYBACK.
D/AudioHardwareALSA( 1890): Set PLAYBACK sample rate to 44100 HZ
D/AudioHardwareALSA( 1890): Buffer size: 4096
D/AudioHardwareALSA( 1890): Latency: 92879
D/AudioHardwareALSA( 1890): codecOff
I/POWER_OFF_TEST( 1916): mBatteryLevel = 98   mBatteryDecimalPoint = 44
D/PHONE/CallTime( 1957): [CallTime] periodicUpdateTimer() @ 17909507
D/PHONE/CallTime( 1957): [CallTime] updateElapsedTime, count=1, duration=4391
V/SettingsProvider( 1916): system <- value=5 name=volume_voice
V/SettingsProvider( 1916): property: sys.settings_system_version=115
V/SettingsProvider( 1916): notifying: content://settings/system/volume_voice
V/SettingsProvider( 1916): system <- value=5 name=volume_voice_last_audible
V/SettingsProvider( 1916): property: sys.settings_system_version=116
V/SettingsProvider( 1916): notifying: content://settings/system/volume_voice_last_audible
D/PHONE/CallTime( 1957): [CallTime] periodicUpdateTimer() @ 17910507
D/PHONE/CallTime( 1957): [CallTime] updateElapsedTime, count=1, duration=5389
D/PHONE/CallTime( 1957): [CallTime] periodicUpdateTimer() @ 17911507
D/PHONE/CallTime( 1957): [CallTime] updateElapsedTime, count=1, duration=6390
D/dalvikvm( 3028): GC freed 166 objects / 191048 bytes in 196ms
D/PHONE/CallTime( 1957): [CallTime] periodicUpdateTimer() @ 17912507
D/PHONE/CallTime( 1957): [CallTime] updateElapsedTime, count=1, duration=7391
D/PHONE/CallTime( 1957): [CallTime] periodicUpdateTimer() @ 17913507
D/PHONE/CallTime( 1957): [CallTime] updateElapsedTime, count=1, duration=8391
D/PHONE/CallTime( 1957): [CallTime] periodicUpdateTimer() @ 17914507
D/PHONE/CallTime( 1957): [CallTime] updateElapsedTime, count=1, duration=9391
D/PowerManagerService( 1916): mProximityListener.onSensorChanged active: false
D/PowerManagerService( 1916): proximityChangedLocked, active: false
I/PowerManagerService( 1916): ULight 0->3 f0
I/PowerManagerService( 1916): Setting target 2: cur=0.0 target=20 delta=1.0 nominalCurrentValue=0
I/PowerManagerService( 1916): Scheduling light animator!
D/power   ( 1916): Setting LCD to on
D/SurfaceFlinger( 1916): Screen about to return, flinger = 0x271bc8
I/KeyInputQueue( 1916): Input event: dev=0x10003 type=0x1 scancode=249 keycode=6 value=1
I/HardwareService( 1916): SLight 1
D/PhoneUtils( 1957): endCallInternal: Hang up Foreground Call
E/SensorManager( 1916): registerListener 1:KR3DM delay:240
D/Sensors ( 1916): sensors_control_activate open_akm fd = 114
D/Sensors ( 1916): sensors=00000022, real=00000022
D/PhoneUtils( 1957): hangup active call
D/PhoneInterfaceManager( 1957): [PhoneIntfMgr] CMD_END_CALL: hung up!
I/KeyInputQueue( 1916): Input event: dev=0x10003 type=0x1 scancode=249 keycode=6 value=0
I/PowerManagerService( 1916): ULight 3->7 f0
W/WindowManager( 1916): No focus window, dropping: KeyEvent{action=0 code=6 repeat=0 meta=0 scancode=249 mFlags=8}
W/WindowManager( 1916): No focus window, dropping: KeyEvent{action=1 code=6 repeat=0 meta=0 scancode=249 mFlags=8}
D/PHONE/CallTime( 1957): [CallTime] periodicUpdateTimer() @ 17915507
D/BT HS/HF( 1957): updatePhoneState() mPhone=OFFHOOK, mFCall=DISCONNECTING, mBCall=IDLE, mRCall=IDLE, mCallsetup=0, callsetup=0, mCall=1, call=0, mCallheld=0, sendUpdate=false
D/CallNotifier( 1957): onPhoneStateChanged: state = OFFHOOK
D/PhoneApp( 1957): updateProximitySensorMode: state = OFFHOOK
D/PhoneApp( 1957): updateProximitySensorMode: lock already held.
D/PhoneApp( 1957): setScreenTimeout(DEFAULT)...
D/PhoneApp( 1957): PhoneAPP :: Update Wake Call : false
D/PhoneApp( 1957): requestWakeState(SCREEN_DIM)...
D/CallNotifier( 1957): onPhoneStateChanged: OFF HOOK
D/PhoneApp( 1957): setScreenTimeout(DEFAULT)...
D/PhoneApp( 1957): PhoneAPP :: Update Wake Call : false
D/PhoneApp( 1957): requestWakeState(SCREEN_DIM)...
D/NotificationMgr( 1957): updateInCallNotification()...
D/NotificationMgr( 1957): updateInCallNotification: enhancedVoicePrivacy = false
D/NotificationMgr( 1957): - Updating status bar icon: 17301636
I/NotificationMgr( 1957): This Intent is for InCallScreen 
D/NotificationMgr( 1957): updateInCallNotification: connection is null, call status not updated.
D/PhoneUtils( 1957): getCompactNameFromCallerInfo: info = null
D/PhoneUtils( 1957): getCompactNameFromCallerInfo: compactName=Unavailable
D/NotificationMgr( 1957): - Updating expanded view: line 2 'Unavailable'
D/NotificationMgr( 1957): Notifying IN_CALL_NOTIFICATION: Notification(vibrate=null,sound=null,defaults=0x0)
D/NotificationService( 1916): enqueueNotification :: mDisabledNotifications = 4
D/NotificationMgr( 1957): updateSpeakerNotification: speaker OFF (or not offhook)
D/NotificationMgr( 1957): updateMuteNotification: not muted (or not offhook)
D/PhoneUtils( 1957): ConnectionHandler: updating mute state for each connection
D/PhoneUtils( 1957): setMute: false
D/DEBUG   ( 3440): CallEventReceiver Running
D/DEBUG   ( 3440): android.intent.action.PHONE_STATE
D/DEBUG   ( 3440): IDLE
D/DEBUG   ( 3440): in onStartCommand
D/DEBUG   ( 3440): killing timers
D/DEBUG   ( 3440): killing timers ... DONE
E/SensorManager( 1916): registerListener: android.view.WindowOrientationListener$SensorEventListenerImpl@45a71088
D/Sensors ( 1916): sensors_data_delay handle=1 delay=240 mMinDelay=240
